{
  "type": "Block",
  "nodes": [
    {
      "type": "Tag",
      "line": 1,
      "column": 1,
      "filename": "/mnt/c/Users/neilj/Workspace/pug_dart/test/parser/cases/attrs.unescaped.tokens.json",
      "name": "script",
      "selfClosing": false,
      "attrs": [
        {
          "line": 1,
          "column": 8,
          "filename": "/mnt/c/Users/neilj/Workspace/pug_dart/test/parser/cases/attrs.unescaped.tokens.json",
          "val": "'text/x-template'",
          "name": "type",
          "mustEscape": true
        }
      ],
      "attributeBlocks": [],
      "block": {
        "type": "Block",
        "nodes": [
          {
            "type": "Tag",
            "line": 2,
            "column": 3,
            "filename": "/mnt/c/Users/neilj/Workspace/pug_dart/test/parser/cases/attrs.unescaped.tokens.json",
            "name": "div",
            "selfClosing": false,
            "attrs": [
              {
                "line": 2,
                "column": 7,
                "filename": "/mnt/c/Users/neilj/Workspace/pug_dart/test/parser/cases/attrs.unescaped.tokens.json",
                "val": "'user-<%= user.id %>'",
                "name": "id",
                "mustEscape": false
              }
            ],
            "attributeBlocks": [],
            "block": {
              "type": "Block",
              "nodes": [
                {
                  "type": "Tag",
                  "line": 3,
                  "column": 5,
                  "filename": "/mnt/c/Users/neilj/Workspace/pug_dart/test/parser/cases/attrs.unescaped.tokens.json",
                  "name": "h1",
                  "selfClosing": false,
                  "attrs": [],
                  "attributeBlocks": [],
                  "block": {
                    "type": "Block",
                    "nodes": [
                      {
                        "type": "Text",
                        "line": 3,
                        "column": 8,
                        "filename": "/mnt/c/Users/neilj/Workspace/pug_dart/test/parser/cases/attrs.unescaped.tokens.json",
                        "val": "<%= user.title %>",
                        "isHtml": false
                      }
                    ],
                    "line": 3,
                    "filename": "/mnt/c/Users/neilj/Workspace/pug_dart/test/parser/cases/attrs.unescaped.tokens.json"
                  },
                  "isInline": false
                }
              ],
              "line": 2,
              "filename": "/mnt/c/Users/neilj/Workspace/pug_dart/test/parser/cases/attrs.unescaped.tokens.json"
            },
            "isInline": false
          }
        ],
        "line": 1,
        "filename": "/mnt/c/Users/neilj/Workspace/pug_dart/test/parser/cases/attrs.unescaped.tokens.json"
      },
      "isInline": false
    }
  ],
  "line": 0,
  "filename": "/mnt/c/Users/neilj/Workspace/pug_dart/test/parser/cases/attrs.unescaped.tokens.json"
}