{"type":"Block","nodes":[{"type":"Tag","line":1,"column":1,"filename":"block-expansion.tokens.json","name":"ul","selfClosing":false,"attrs":[],"attributeBlocks":[],"block":{"type":"Block","nodes":[{"type":"Tag","line":2,"column":3,"filename":"block-expansion.tokens.json","name":"li","selfClosing":false,"attrs":[],"attributeBlocks":[],"block":{"type":"Block","nodes":[{"type":"Tag","line":2,"column":7,"filename":"block-expansion.tokens.json","name":"a","selfClosing":false,"attrs":[{"line":2,"column":9,"filename":"block-expansion.tokens.json","val":"'#'","name":"href","mustEscape":true}],"attributeBlocks":[],"block":{"type":"Block","nodes":[{"type":"Text","line":2,"column":19,"filename":"block-expansion.tokens.json","val":"foo"}],"line":2,"filename":"block-expansion.tokens.json"},"isInline":true}],"line":2,"filename":"block-expansion.tokens.json"},"isInline":false},{"type":"Tag","line":3,"column":3,"filename":"block-expansion.tokens.json","name":"li","selfClosing":false,"attrs":[],"attributeBlocks":[],"block":{"type":"Block","nodes":[{"type":"Tag","line":3,"column":7,"filename":"block-expansion.tokens.json","name":"a","selfClosing":false,"attrs":[{"line":3,"column":9,"filename":"block-expansion.tokens.json","val":"'#'","name":"href","mustEscape":true}],"attributeBlocks":[],"block":{"type":"Block","nodes":[{"type":"Text","line":3,"column":19,"filename":"block-expansion.tokens.json","val":"bar"}],"line":3,"filename":"block-expansion.tokens.json"},"isInline":true}],"line":3,"filename":"block-expansion.tokens.json"},"isInline":false}],"line":1,"filename":"block-expansion.tokens.json"},"isInline":false},{"type":"Tag","line":5,"column":1,"filename":"block-expansion.tokens.json","name":"p","selfClosing":false,"attrs":[],"attributeBlocks":[],"block":{"type":"Block","nodes":[{"type":"Text","line":5,"column":3,"filename":"block-expansion.tokens.json","val":"baz"}],"line":5,"filename":"block-expansion.tokens.json"},"isInline":false}],"line":0,"filename":"block-expansion.tokens.json"}