{"type":"Block","nodes":[{"type":"Tag","line":1,"column":1,"filename":"/mnt/c/Users/neilj/Workspace/pug_dart/test/parser/cases/classes.tokens.json","name":"a","selfClosing":false,"attrs":[{"line":1,"column":3,"filename":"/mnt/c/Users/neilj/Workspace/pug_dart/test/parser/cases/classes.tokens.json","val":"['foo', 'bar', 'baz']","name":"class","mustEscape":true}],"attributeBlocks":[],"block":{"type":"Block","nodes":[],"line":1,"filename":"/mnt/c/Users/neilj/Workspace/pug_dart/test/parser/cases/classes.tokens.json"},"isInline":true},{"type":"Tag","line":5,"column":1,"filename":"/mnt/c/Users/neilj/Workspace/pug_dart/test/parser/cases/classes.tokens.json","name":"a","selfClosing":false,"attrs":[{"line":5,"column":2,"filename":"/mnt/c/Users/neilj/Workspace/pug_dart/test/parser/cases/classes.tokens.json","val":"'foo'","name":"class","mustEscape":false},{"line":5,"column":7,"filename":"/mnt/c/Users/neilj/Workspace/pug_dart/test/parser/cases/classes.tokens.json","val":"'bar'","name":"class","mustEscape":true},{"line":5,"column":19,"filename":"/mnt/c/Users/neilj/Workspace/pug_dart/test/parser/cases/classes.tokens.json","val":"'baz'","name":"class","mustEscape":false}],"attributeBlocks":[],"block":{"type":"Block","nodes":[],"line":5,"filename":"/mnt/c/Users/neilj/Workspace/pug_dart/test/parser/cases/classes.tokens.json"},"isInline":true},{"type":"Tag","line":9,"column":1,"filename":"/mnt/c/Users/neilj/Workspace/pug_dart/test/parser/cases/classes.tokens.json","name":"a","selfClosing":false,"attrs":[{"line":9,"column":2,"filename":"/mnt/c/Users/neilj/Workspace/pug_dart/test/parser/cases/classes.tokens.json","val":"'foo-bar_baz'","name":"class","mustEscape":false}],"attributeBlocks":[],"block":{"type":"Block","nodes":[],"line":9,"filename":"/mnt/c/Users/neilj/Workspace/pug_dart/test/parser/cases/classes.tokens.json"},"isInline":true},{"type":"Tag","line":11,"column":1,"filename":"/mnt/c/Users/neilj/Workspace/pug_dart/test/parser/cases/classes.tokens.json","name":"a","selfClosing":false,"attrs":[{"line":11,"column":3,"filename":"/mnt/c/Users/neilj/Workspace/pug_dart/test/parser/cases/classes.tokens.json","val":"{foo: true, bar: false, baz: true}","name":"class","mustEscape":true}],"attributeBlocks":[],"block":{"type":"Block","nodes":[],"line":11,"filename":"/mnt/c/Users/neilj/Workspace/pug_dart/test/parser/cases/classes.tokens.json"},"isInline":true},{"type":"Tag","line":13,"column":1,"filename":"/mnt/c/Users/neilj/Workspace/pug_dart/test/parser/cases/classes.tokens.json","name":"a","selfClosing":false,"attrs":[{"line":13,"column":2,"filename":"/mnt/c/Users/neilj/Workspace/pug_dart/test/parser/cases/classes.tokens.json","val":"'-foo'","name":"class","mustEscape":false}],"attributeBlocks":[],"block":{"type":"Block","nodes":[],"line":13,"filename":"/mnt/c/Users/neilj/Workspace/pug_dart/test/parser/cases/classes.tokens.json"},"isInline":true},{"type":"Tag","line":14,"column":1,"filename":"/mnt/c/Users/neilj/Workspace/pug_dart/test/parser/cases/classes.tokens.json","name":"a","selfClosing":false,"attrs":[{"line":14,"column":2,"filename":"/mnt/c/Users/neilj/Workspace/pug_dart/test/parser/cases/classes.tokens.json","val":"'3foo'","name":"class","mustEscape":false}],"attributeBlocks":[],"block":{"type":"Block","nodes":[],"line":14,"filename":"/mnt/c/Users/neilj/Workspace/pug_dart/test/parser/cases/classes.tokens.json"},"isInline":true}],"line":0,"filename":"/mnt/c/Users/neilj/Workspace/pug_dart/test/parser/cases/classes.tokens.json"}