{
  "type": "Block",
  "nodes": [
    {
      "type": "Tag",
      "line": 1,
      "column": 1,
      "filename": "/mnt/c/Users/neilj/Workspace/pug_dart/test/parser/cases/filters.markdown.tokens.json",
      "name": "html",
      "selfClosing": false,
      "attrs": [],
      "attributeBlocks": [],
      "block": {
        "type": "Block",
        "nodes": [
          {
            "type": "Tag",
            "line": 2,
            "column": 3,
            "filename": "/mnt/c/Users/neilj/Workspace/pug_dart/test/parser/cases/filters.markdown.tokens.json",
            "name": "body",
            "selfClosing": false,
            "attrs": [],
            "attributeBlocks": [],
            "block": {
              "type": "Block",
              "nodes": [
                {
                  "type": "Filter",
                  "line": 3,
                  "column": 5,
                  "filename": "/mnt/c/Users/neilj/Workspace/pug_dart/test/parser/cases/filters.markdown.tokens.json",
                  "name": "markdown-it"
                }
              ],
              "line": 2,
              "filename": "/mnt/c/Users/neilj/Workspace/pug_dart/test/parser/cases/filters.markdown.tokens.json"
            },
            "isInline": false
          }
        ],
        "line": 1,
        "filename": "/mnt/c/Users/neilj/Workspace/pug_dart/test/parser/cases/filters.markdown.tokens.json"
      },
      "isInline": false
    }
  ],
  "line": 0,
  "filename": "/mnt/c/Users/neilj/Workspace/pug_dart/test/parser/cases/filters.markdown.tokens.json"
}