{
  "type": "Block",
  "nodes": [
    {
      "type": "Tag",
      "line": 1,
      "column": 1,
      "filename": "/mnt/c/Users/neilj/Workspace/pug_dart/test/parser/cases/filters.less.tokens.json",
      "name": "html",
      "selfClosing": false,
      "attrs": [],
      "attributeBlocks": [],
      "block": {
        "type": "Block",
        "nodes": [
          {
            "type": "Tag",
            "line": 2,
            "column": 3,
            "filename": "/mnt/c/Users/neilj/Workspace/pug_dart/test/parser/cases/filters.less.tokens.json",
            "name": "head",
            "selfClosing": false,
            "attrs": [],
            "attributeBlocks": [],
            "block": {
              "type": "Block",
              "nodes": [
                {
                  "type": "Tag",
                  "line": 3,
                  "column": 5,
                  "filename": "/mnt/c/Users/neilj/Workspace/pug_dart/test/parser/cases/filters.less.tokens.json",
                  "name": "style",
                  "selfClosing": false,
                  "attrs": [
                    {
                      "line": 3,
                      "column": 11,
                      "filename": "/mnt/c/Users/neilj/Workspace/pug_dart/test/parser/cases/filters.less.tokens.json",
                      "val": "\"text/css\"",
                      "name": "type",
                      "mustEscape": true
                    }
                  ],
                  "attributeBlocks": [],
                  "block": {
                    "type": "Block",
                    "nodes": [
                      {
                        "type": "Filter",
                        "line": 4,
                        "column": 7,
                        "filename": "/mnt/c/Users/neilj/Workspace/pug_dart/test/parser/cases/filters.less.tokens.json",
                        "name": "less"
                      }
                    ],
                    "line": 3,
                    "filename": "/mnt/c/Users/neilj/Workspace/pug_dart/test/parser/cases/filters.less.tokens.json"
                  },
                  "isInline": false
                }
              ],
              "line": 2,
              "filename": "/mnt/c/Users/neilj/Workspace/pug_dart/test/parser/cases/filters.less.tokens.json"
            },
            "isInline": false
          }
        ],
        "line": 1,
        "filename": "/mnt/c/Users/neilj/Workspace/pug_dart/test/parser/cases/filters.less.tokens.json"
      },
      "isInline": false
    }
  ],
  "line": 0,
  "filename": "/mnt/c/Users/neilj/Workspace/pug_dart/test/parser/cases/filters.less.tokens.json"
}