{"type":"Block","nodes":[{"type":"Tag","line":1,"column":1,"filename":"/mnt/c/Users/neilj/Workspace/pug_dart/test/parser/cases/filters.include.custom.tokens.json","name":"html","selfClosing":false,"attrs":[],"attributeBlocks":[],"block":{"type":"Block","nodes":[{"type":"Tag","line":2,"column":3,"filename":"/mnt/c/Users/neilj/Workspace/pug_dart/test/parser/cases/filters.include.custom.tokens.json","name":"body","selfClosing":false,"attrs":[],"attributeBlocks":[],"block":{"type":"Block","nodes":[{"type":"Tag","line":3,"column":5,"filename":"/mnt/c/Users/neilj/Workspace/pug_dart/test/parser/cases/filters.include.custom.tokens.json","name":"pre","selfClosing":false,"attrs":[],"attributeBlocks":[],"block":{"type":"Block","nodes":[{"type":"RawInclude","line":4,"column":7,"filename":"/mnt/c/Users/neilj/Workspace/pug_dart/test/parser/cases/filters.include.custom.tokens.json","file":{"type":"FileReference","line":4,"column":39,"filename":"/mnt/c/Users/neilj/Workspace/pug_dart/test/parser/cases/filters.include.custom.tokens.json","path":"filters.include.custom.pug"},"filters":[{"type":"IncludeFilter","line":4,"column":14,"filename":"/mnt/c/Users/neilj/Workspace/pug_dart/test/parser/cases/filters.include.custom.tokens.json","name":"custom"}]}],"line":3,"filename":"/mnt/c/Users/neilj/Workspace/pug_dart/test/parser/cases/filters.include.custom.tokens.json"},"isInline":false}],"line":2,"filename":"/mnt/c/Users/neilj/Workspace/pug_dart/test/parser/cases/filters.include.custom.tokens.json"},"isInline":false}],"line":1,"filename":"/mnt/c/Users/neilj/Workspace/pug_dart/test/parser/cases/filters.include.custom.tokens.json"},"isInline":false}],"line":0,"filename":"/mnt/c/Users/neilj/Workspace/pug_dart/test/parser/cases/filters.include.custom.tokens.json"}