{
  "type": "Block",
  "nodes": [
    {
      "type": "Include",
      "line": 2,
      "column": 1,
      "filename": "/mnt/c/Users/neilj/Workspace/pug_dart/test/parser/cases/includes.tokens.json",
      "file": {
        "type": "FileReference",
        "line": 2,
        "column": 9,
        "filename": "/mnt/c/Users/neilj/Workspace/pug_dart/test/parser/cases/includes.tokens.json",
        "path": "auxiliary/mixins.pug"
      }
    },
    {
      "type": "Mixin",
      "line": 4,
      "column": 1,
      "filename": "/mnt/c/Users/neilj/Workspace/pug_dart/test/parser/cases/includes.tokens.json",
      "name": "foo",
      "attrs": [],
      "attributeBlocks": [],
      "call": true
    },
    {
      "type": "Tag",
      "line": 6,
      "column": 1,
      "filename": "/mnt/c/Users/neilj/Workspace/pug_dart/test/parser/cases/includes.tokens.json",
      "name": "body",
      "selfClosing": false,
      "attrs": [],
      "attributeBlocks": [],
      "block": {
        "type": "Block",
        "nodes": [
          {
            "type": "RawInclude",
            "line": 7,
            "column": 3,
            "filename": "/mnt/c/Users/neilj/Workspace/pug_dart/test/parser/cases/includes.tokens.json",
            "file": {
              "type": "FileReference",
              "line": 7,
              "column": 11,
              "filename": "/mnt/c/Users/neilj/Workspace/pug_dart/test/parser/cases/includes.tokens.json",
              "path": "auxiliary/smile.html"
            },
            "filters": []
          },
          {
            "type": "RawInclude",
            "line": 8,
            "column": 3,
            "filename": "/mnt/c/Users/neilj/Workspace/pug_dart/test/parser/cases/includes.tokens.json",
            "file": {
              "type": "FileReference",
              "line": 8,
              "column": 11,
              "filename": "/mnt/c/Users/neilj/Workspace/pug_dart/test/parser/cases/includes.tokens.json",
              "path": "auxiliary/escapes.html"
            },
            "filters": []
          },
          {
            "type": "Tag",
            "line": 9,
            "column": 3,
            "filename": "/mnt/c/Users/neilj/Workspace/pug_dart/test/parser/cases/includes.tokens.json",
            "name": "script",
            "selfClosing": false,
            "attrs": [
              {
                "line": 9,
                "column": 10,
                "filename": "/mnt/c/Users/neilj/Workspace/pug_dart/test/parser/cases/includes.tokens.json",
                "val": "\"text/javascript\"",
                "name": "type",
                "mustEscape": true
              }
            ],
            "attributeBlocks": [],
            "block": {
              "type": "Block",
              "nodes": [
                {
                  "type": "RawInclude",
                  "line": 10,
                  "column": 5,
                  "filename": "/mnt/c/Users/neilj/Workspace/pug_dart/test/parser/cases/includes.tokens.json",
                  "file": {
                    "type": "FileReference",
                    "line": 10,
                    "column": 22,
                    "filename": "/mnt/c/Users/neilj/Workspace/pug_dart/test/parser/cases/includes.tokens.json",
                    "path": "auxiliary/includable.js"
                  },
                  "filters": [
                    {
                      "type": "IncludeFilter",
                      "line": 10,
                      "column": 12,
                      "filename": "/mnt/c/Users/neilj/Workspace/pug_dart/test/parser/cases/includes.tokens.json",
                      "name": "verbatim"
                    }
                  ]
                }
              ],
              "line": 9,
              "filename": "/mnt/c/Users/neilj/Workspace/pug_dart/test/parser/cases/includes.tokens.json"
            },
            "isInline": false
          }
        ],
        "line": 6,
        "filename": "/mnt/c/Users/neilj/Workspace/pug_dart/test/parser/cases/includes.tokens.json"
      },
      "isInline": false
    }
  ],
  "line": 0,
  "filename": "/mnt/c/Users/neilj/Workspace/pug_dart/test/parser/cases/includes.tokens.json"
}