{"type":"Block","nodes":[{"type":"Extends","line":2,"column":1,"filename":"/mnt/c/Users/neilj/Workspace/pug_dart/test/parser/cases/inheritance.alert-dialog.tokens.json","file":{"type":"FileReference","line":2,"column":9,"filename":"/mnt/c/Users/neilj/Workspace/pug_dart/test/parser/cases/inheritance.alert-dialog.tokens.json","path":"auxiliary/dialog.pug"}},{"type":"NamedBlock","nodes":[{"type":"Tag","line":5,"column":3,"filename":"/mnt/c/Users/neilj/Workspace/pug_dart/test/parser/cases/inheritance.alert-dialog.tokens.json","name":"h1","selfClosing":false,"attrs":[],"attributeBlocks":[],"block":{"type":"Block","nodes":[{"type":"Text","line":5,"column":6,"filename":"/mnt/c/Users/neilj/Workspace/pug_dart/test/parser/cases/inheritance.alert-dialog.tokens.json","val":"Alert!","isHtml":false}],"line":5,"filename":"/mnt/c/Users/neilj/Workspace/pug_dart/test/parser/cases/inheritance.alert-dialog.tokens.json"},"isInline":false},{"type":"Tag","line":6,"column":3,"filename":"/mnt/c/Users/neilj/Workspace/pug_dart/test/parser/cases/inheritance.alert-dialog.tokens.json","name":"p","selfClosing":false,"attrs":[],"attributeBlocks":[],"block":{"type":"Block","nodes":[{"type":"Text","line":6,"column":5,"filename":"/mnt/c/Users/neilj/Workspace/pug_dart/test/parser/cases/inheritance.alert-dialog.tokens.json","val":"I'm an alert!","isHtml":false}],"line":6,"filename":"/mnt/c/Users/neilj/Workspace/pug_dart/test/parser/cases/inheritance.alert-dialog.tokens.json"},"isInline":false}],"line":4,"column":1,"filename":"/mnt/c/Users/neilj/Workspace/pug_dart/test/parser/cases/inheritance.alert-dialog.tokens.json","mode":"replace","name":"content"}],"line":0,"filename":"/mnt/c/Users/neilj/Workspace/pug_dart/test/parser/cases/inheritance.alert-dialog.tokens.json"}