{"type":"Block","nodes":[{"type":"Tag","line":1,"column":1,"filename":"inheritance.defaults.tokens.json","name":"html","selfClosing":false,"attrs":[],"attributeBlocks":[],"block":{"type":"Block","nodes":[{"type":"Tag","line":2,"column":3,"filename":"inheritance.defaults.tokens.json","name":"head","selfClosing":false,"attrs":[],"attributeBlocks":[],"block":{"type":"Block","nodes":[{"type":"NamedBlock","nodes":[{"type":"Tag","line":4,"column":7,"filename":"inheritance.defaults.tokens.json","name":"script","selfClosing":false,"attrs":[{"line":4,"column":14,"filename":"inheritance.defaults.tokens.json","val":"'jquery.js'","name":"src","mustEscape":true}],"attributeBlocks":[],"block":{"type":"Block","nodes":[],"line":4,"filename":"inheritance.defaults.tokens.json"},"isInline":false},{"type":"Tag","line":5,"column":7,"filename":"inheritance.defaults.tokens.json","name":"script","selfClosing":false,"attrs":[{"line":5,"column":14,"filename":"inheritance.defaults.tokens.json","val":"'keymaster.js'","name":"src","mustEscape":true}],"attributeBlocks":[],"block":{"type":"Block","nodes":[],"line":5,"filename":"inheritance.defaults.tokens.json"},"isInline":false},{"type":"Tag","line":6,"column":7,"filename":"inheritance.defaults.tokens.json","name":"script","selfClosing":false,"attrs":[{"line":6,"column":14,"filename":"inheritance.defaults.tokens.json","val":"'caustic.js'","name":"src","mustEscape":true}],"attributeBlocks":[],"block":{"type":"Block","nodes":[],"line":6,"filename":"inheritance.defaults.tokens.json"},"isInline":false}],"line":3,"column":5,"filename":"inheritance.defaults.tokens.json","mode":"replace","name":"head"}],"line":2,"filename":"inheritance.defaults.tokens.json"},"isInline":false}],"line":1,"filename":"inheritance.defaults.tokens.json"},"isInline":false}],"line":0,"filename":"inheritance.defaults.tokens.json"}