{"type":"Block","nodes":[{"type":"Tag","line":1,"column":1,"filename":"/mnt/c/Users/neilj/Workspace/pug_dart/test/parser/cases/intepolated-elements.tokens.json","name":"p","selfClosing":false,"attrs":[],"attributeBlocks":[],"block":{"type":"Block","nodes":[{"type":"Text","line":1,"column":3,"filename":"/mnt/c/Users/neilj/Workspace/pug_dart/test/parser/cases/intepolated-elements.tokens.json","val":"","isHtml":false},{"type":"Tag","line":1,"column":5,"filename":"/mnt/c/Users/neilj/Workspace/pug_dart/test/parser/cases/intepolated-elements.tokens.json","name":"a","selfClosing":false,"attrs":[{"line":1,"column":6,"filename":"/mnt/c/Users/neilj/Workspace/pug_dart/test/parser/cases/intepolated-elements.tokens.json","val":"'rho'","name":"class","mustEscape":false},{"line":1,"column":11,"filename":"/mnt/c/Users/neilj/Workspace/pug_dart/test/parser/cases/intepolated-elements.tokens.json","val":"'#'","name":"href","mustEscape":true},{"line":1,"column":21,"filename":"/mnt/c/Users/neilj/Workspace/pug_dart/test/parser/cases/intepolated-elements.tokens.json","val":"'rho--modifier'","name":"class","mustEscape":true}],"attributeBlocks":[],"block":{"type":"Block","nodes":[{"type":"Text","line":1,"column":44,"filename":"/mnt/c/Users/neilj/Workspace/pug_dart/test/parser/cases/intepolated-elements.tokens.json","val":"with inline link","isHtml":false}],"line":1,"filename":"/mnt/c/Users/neilj/Workspace/pug_dart/test/parser/cases/intepolated-elements.tokens.json"},"isInline":true},{"type":"Text","line":1,"column":61,"filename":"/mnt/c/Users/neilj/Workspace/pug_dart/test/parser/cases/intepolated-elements.tokens.json","val":"","isHtml":false}],"line":1,"filename":"/mnt/c/Users/neilj/Workspace/pug_dart/test/parser/cases/intepolated-elements.tokens.json"},"isInline":false},{"type":"Tag","line":2,"column":1,"filename":"/mnt/c/Users/neilj/Workspace/pug_dart/test/parser/cases/intepolated-elements.tokens.json","name":"p","selfClosing":false,"attrs":[],"attributeBlocks":[],"block":{"type":"Block","nodes":[{"type":"Text","line":2,"column":3,"filename":"/mnt/c/Users/neilj/Workspace/pug_dart/test/parser/cases/intepolated-elements.tokens.json","val":"Some text ","isHtml":false},{"type":"Tag","line":2,"column":15,"filename":"/mnt/c/Users/neilj/Workspace/pug_dart/test/parser/cases/intepolated-elements.tokens.json","name":"a","selfClosing":false,"attrs":[{"line":2,"column":16,"filename":"/mnt/c/Users/neilj/Workspace/pug_dart/test/parser/cases/intepolated-elements.tokens.json","val":"'rho'","name":"class","mustEscape":false},{"line":2,"column":21,"filename":"/mnt/c/Users/neilj/Workspace/pug_dart/test/parser/cases/intepolated-elements.tokens.json","val":"'#'","name":"href","mustEscape":true},{"line":2,"column":31,"filename":"/mnt/c/Users/neilj/Workspace/pug_dart/test/parser/cases/intepolated-elements.tokens.json","val":"'rho--modifier'","name":"class","mustEscape":true}],"attributeBlocks":[],"block":{"type":"Block","nodes":[],"line":2,"filename":"/mnt/c/Users/neilj/Workspace/pug_dart/test/parser/cases/intepolated-elements.tokens.json"},"isInline":true},{"type":"Text","line":2,"column":54,"filename":"/mnt/c/Users/neilj/Workspace/pug_dart/test/parser/cases/intepolated-elements.tokens.json","val":"","isHtml":false}],"line":2,"filename":"/mnt/c/Users/neilj/Workspace/pug_dart/test/parser/cases/intepolated-elements.tokens.json"},"isInline":false},{"type":"Tag","line":3,"column":1,"filename":"/mnt/c/Users/neilj/Workspace/pug_dart/test/parser/cases/intepolated-elements.tokens.json","name":"p","selfClosing":false,"attrs":[],"attributeBlocks":[],"block":{"type":"Block","nodes":[{"type":"Text","line":3,"column":3,"filename":"/mnt/c/Users/neilj/Workspace/pug_dart/test/parser/cases/intepolated-elements.tokens.json","val":"Some text ","isHtml":false},{"type":"Tag","line":3,"column":15,"filename":"/mnt/c/Users/neilj/Workspace/pug_dart/test/parser/cases/intepolated-elements.tokens.json","name":"a","selfClosing":false,"attrs":[{"line":3,"column":16,"filename":"/mnt/c/Users/neilj/Workspace/pug_dart/test/parser/cases/intepolated-elements.tokens.json","val":"'rho'","name":"class","mustEscape":false},{"line":3,"column":21,"filename":"/mnt/c/Users/neilj/Workspace/pug_dart/test/parser/cases/intepolated-elements.tokens.json","val":"'#'","name":"href","mustEscape":true},{"line":3,"column":31,"filename":"/mnt/c/Users/neilj/Workspace/pug_dart/test/parser/cases/intepolated-elements.tokens.json","val":"'rho--modifier'","name":"class","mustEscape":true}],"attributeBlocks":[],"block":{"type":"Block","nodes":[{"type":"Text","line":3,"column":54,"filename":"/mnt/c/Users/neilj/Workspace/pug_dart/test/parser/cases/intepolated-elements.tokens.json","val":"with inline link","isHtml":false}],"line":3,"filename":"/mnt/c/Users/neilj/Workspace/pug_dart/test/parser/cases/intepolated-elements.tokens.json"},"isInline":true},{"type":"Text","line":3,"column":71,"filename":"/mnt/c/Users/neilj/Workspace/pug_dart/test/parser/cases/intepolated-elements.tokens.json","val":"","isHtml":false}],"line":3,"filename":"/mnt/c/Users/neilj/Workspace/pug_dart/test/parser/cases/intepolated-elements.tokens.json"},"isInline":false}],"line":0,"filename":"/mnt/c/Users/neilj/Workspace/pug_dart/test/parser/cases/intepolated-elements.tokens.json"}