{"type":"Block","nodes":[{"type":"Mixin","line":2,"column":1,"filename":"/mnt/c/Users/neilj/Workspace/pug_dart/test/parser/cases/mixin.block-tag-behaviour.tokens.json","name":"article","block":{"type":"Block","nodes":[{"type":"Tag","line":3,"column":3,"filename":"/mnt/c/Users/neilj/Workspace/pug_dart/test/parser/cases/mixin.block-tag-behaviour.tokens.json","name":"section","selfClosing":false,"attrs":[{"line":3,"column":10,"filename":"/mnt/c/Users/neilj/Workspace/pug_dart/test/parser/cases/mixin.block-tag-behaviour.tokens.json","val":"'article'","name":"class","mustEscape":false}],"attributeBlocks":[],"block":{"type":"Block","nodes":[{"type":"Tag","line":4,"column":5,"filename":"/mnt/c/Users/neilj/Workspace/pug_dart/test/parser/cases/mixin.block-tag-behaviour.tokens.json","name":"h1","selfClosing":false,"attrs":[],"attributeBlocks":[],"block":{"type":"Block","nodes":[{"type":"Code","line":4,"column":7,"filename":"/mnt/c/Users/neilj/Workspace/pug_dart/test/parser/cases/mixin.block-tag-behaviour.tokens.json","val":"name","buffer":true,"mustEscape":true,"isInline":true}],"line":4,"filename":"/mnt/c/Users/neilj/Workspace/pug_dart/test/parser/cases/mixin.block-tag-behaviour.tokens.json"},"isInline":false},{"type":"MixinBlock","line":5,"column":5,"filename":"/mnt/c/Users/neilj/Workspace/pug_dart/test/parser/cases/mixin.block-tag-behaviour.tokens.json"}],"line":3,"filename":"/mnt/c/Users/neilj/Workspace/pug_dart/test/parser/cases/mixin.block-tag-behaviour.tokens.json"},"isInline":false}],"line":3,"filename":"/mnt/c/Users/neilj/Workspace/pug_dart/test/parser/cases/mixin.block-tag-behaviour.tokens.json"},"args":"name","call":false},{"type":"Tag","line":7,"column":1,"filename":"/mnt/c/Users/neilj/Workspace/pug_dart/test/parser/cases/mixin.block-tag-behaviour.tokens.json","name":"html","selfClosing":false,"attrs":[],"attributeBlocks":[],"block":{"type":"Block","nodes":[{"type":"Tag","line":8,"column":3,"filename":"/mnt/c/Users/neilj/Workspace/pug_dart/test/parser/cases/mixin.block-tag-behaviour.tokens.json","name":"body","selfClosing":false,"attrs":[],"attributeBlocks":[],"block":{"type":"Block","nodes":[{"type":"Mixin","line":9,"column":5,"filename":"/mnt/c/Users/neilj/Workspace/pug_dart/test/parser/cases/mixin.block-tag-behaviour.tokens.json","name":"article","attrs":[],"attributeBlocks":[],"block":{"type":"Block","nodes":[{"type":"Tag","line":9,"column":22,"filename":"/mnt/c/Users/neilj/Workspace/pug_dart/test/parser/cases/mixin.block-tag-behaviour.tokens.json","name":"p","selfClosing":false,"attrs":[],"attributeBlocks":[],"block":{"type":"Block","nodes":[{"type":"Text","line":9,"column":24,"filename":"/mnt/c/Users/neilj/Workspace/pug_dart/test/parser/cases/mixin.block-tag-behaviour.tokens.json","val":"I'm article foo","isHtml":false}],"line":9,"filename":"/mnt/c/Users/neilj/Workspace/pug_dart/test/parser/cases/mixin.block-tag-behaviour.tokens.json"},"isInline":false}],"line":9,"filename":"/mnt/c/Users/neilj/Workspace/pug_dart/test/parser/cases/mixin.block-tag-behaviour.tokens.json"},"args":"'Foo'","call":true}],"line":8,"filename":"/mnt/c/Users/neilj/Workspace/pug_dart/test/parser/cases/mixin.block-tag-behaviour.tokens.json"},"isInline":false}],"line":7,"filename":"/mnt/c/Users/neilj/Workspace/pug_dart/test/parser/cases/mixin.block-tag-behaviour.tokens.json"},"isInline":false},{"type":"Mixin","line":11,"column":1,"filename":"/mnt/c/Users/neilj/Workspace/pug_dart/test/parser/cases/mixin.block-tag-behaviour.tokens.json","name":"article","block":{"type":"Block","nodes":[{"type":"Tag","line":12,"column":3,"filename":"/mnt/c/Users/neilj/Workspace/pug_dart/test/parser/cases/mixin.block-tag-behaviour.tokens.json","name":"section","selfClosing":false,"attrs":[{"line":12,"column":10,"filename":"/mnt/c/Users/neilj/Workspace/pug_dart/test/parser/cases/mixin.block-tag-behaviour.tokens.json","val":"'article'","name":"class","mustEscape":false}],"attributeBlocks":[],"block":{"type":"Block","nodes":[{"type":"Tag","line":13,"column":5,"filename":"/mnt/c/Users/neilj/Workspace/pug_dart/test/parser/cases/mixin.block-tag-behaviour.tokens.json","name":"h1","selfClosing":false,"attrs":[],"attributeBlocks":[],"block":{"type":"Block","nodes":[{"type":"Code","line":13,"column":7,"filename":"/mnt/c/Users/neilj/Workspace/pug_dart/test/parser/cases/mixin.block-tag-behaviour.tokens.json","val":"name","buffer":true,"mustEscape":true,"isInline":true}],"line":13,"filename":"/mnt/c/Users/neilj/Workspace/pug_dart/test/parser/cases/mixin.block-tag-behaviour.tokens.json"},"isInline":false},{"type":"Tag","line":14,"column":5,"filename":"/mnt/c/Users/neilj/Workspace/pug_dart/test/parser/cases/mixin.block-tag-behaviour.tokens.json","name":"p","selfClosing":false,"attrs":[],"attributeBlocks":[],"block":{"type":"Block","nodes":[{"type":"MixinBlock","line":15,"column":7,"filename":"/mnt/c/Users/neilj/Workspace/pug_dart/test/parser/cases/mixin.block-tag-behaviour.tokens.json"}],"line":14,"filename":"/mnt/c/Users/neilj/Workspace/pug_dart/test/parser/cases/mixin.block-tag-behaviour.tokens.json"},"isInline":false}],"line":12,"filename":"/mnt/c/Users/neilj/Workspace/pug_dart/test/parser/cases/mixin.block-tag-behaviour.tokens.json"},"isInline":false}],"line":12,"filename":"/mnt/c/Users/neilj/Workspace/pug_dart/test/parser/cases/mixin.block-tag-behaviour.tokens.json"},"args":"name","call":false},{"type":"Tag","line":17,"column":1,"filename":"/mnt/c/Users/neilj/Workspace/pug_dart/test/parser/cases/mixin.block-tag-behaviour.tokens.json","name":"html","selfClosing":false,"attrs":[],"attributeBlocks":[],"block":{"type":"Block","nodes":[{"type":"Tag","line":18,"column":3,"filename":"/mnt/c/Users/neilj/Workspace/pug_dart/test/parser/cases/mixin.block-tag-behaviour.tokens.json","name":"body","selfClosing":false,"attrs":[],"attributeBlocks":[],"block":{"type":"Block","nodes":[{"type":"Mixin","line":19,"column":5,"filename":"/mnt/c/Users/neilj/Workspace/pug_dart/test/parser/cases/mixin.block-tag-behaviour.tokens.json","name":"article","attrs":[],"attributeBlocks":[],"block":{"type":"Block","nodes":[{"type":"Text","line":20,"column":7,"filename":"/mnt/c/Users/neilj/Workspace/pug_dart/test/parser/cases/mixin.block-tag-behaviour.tokens.json","val":"I'm a much longer","isHtml":false},{"type":"Text","line":21,"column":1,"filename":"/mnt/c/Users/neilj/Workspace/pug_dart/test/parser/cases/mixin.block-tag-behaviour.tokens.json","val":"\n","isHtml":false},{"type":"Text","line":21,"column":7,"filename":"/mnt/c/Users/neilj/Workspace/pug_dart/test/parser/cases/mixin.block-tag-behaviour.tokens.json","val":"text-only article,","isHtml":false},{"type":"Text","line":22,"column":1,"filename":"/mnt/c/Users/neilj/Workspace/pug_dart/test/parser/cases/mixin.block-tag-behaviour.tokens.json","val":"\n","isHtml":false},{"type":"Text","line":22,"column":7,"filename":"/mnt/c/Users/neilj/Workspace/pug_dart/test/parser/cases/mixin.block-tag-behaviour.tokens.json","val":"but you can still","isHtml":false},{"type":"Text","line":23,"column":1,"filename":"/mnt/c/Users/neilj/Workspace/pug_dart/test/parser/cases/mixin.block-tag-behaviour.tokens.json","val":"\n","isHtml":false},{"type":"Text","line":23,"column":7,"filename":"/mnt/c/Users/neilj/Workspace/pug_dart/test/parser/cases/mixin.block-tag-behaviour.tokens.json","val":"inline html tags","isHtml":false},{"type":"Text","line":24,"column":1,"filename":"/mnt/c/Users/neilj/Workspace/pug_dart/test/parser/cases/mixin.block-tag-behaviour.tokens.json","val":"\n","isHtml":false},{"type":"Text","line":24,"column":7,"filename":"/mnt/c/Users/neilj/Workspace/pug_dart/test/parser/cases/mixin.block-tag-behaviour.tokens.json","val":"in me if you want.","isHtml":false}],"line":19,"filename":"/mnt/c/Users/neilj/Workspace/pug_dart/test/parser/cases/mixin.block-tag-behaviour.tokens.json"},"args":"'Something'","call":true}],"line":18,"filename":"/mnt/c/Users/neilj/Workspace/pug_dart/test/parser/cases/mixin.block-tag-behaviour.tokens.json"},"isInline":false}],"line":17,"filename":"/mnt/c/Users/neilj/Workspace/pug_dart/test/parser/cases/mixin.block-tag-behaviour.tokens.json"},"isInline":false}],"line":0,"filename":"/mnt/c/Users/neilj/Workspace/pug_dart/test/parser/cases/mixin.block-tag-behaviour.tokens.json"}