{"type":"Block","nodes":[{"type":"Code","line":1,"column":1,"filename":"/mnt/c/Users/neilj/Workspace/pug_dart/test/parser/cases/regression.784.tokens.json","val":"var url = 'http://www.google.com'","buffer":false,"mustEscape":false,"isInline":false},{"type":"Tag","line":2,"column":1,"filename":"/mnt/c/Users/neilj/Workspace/pug_dart/test/parser/cases/regression.784.tokens.json","name":"div","selfClosing":false,"attrs":[{"line":2,"column":1,"filename":"/mnt/c/Users/neilj/Workspace/pug_dart/test/parser/cases/regression.784.tokens.json","val":"'url'","name":"class","mustEscape":false}],"attributeBlocks":[],"block":{"type":"Block","nodes":[{"type":"Code","line":2,"column":6,"filename":"/mnt/c/Users/neilj/Workspace/pug_dart/test/parser/cases/regression.784.tokens.json","val":"url.replace('http://', '').replace(/^www\\./, '')","buffer":true,"mustEscape":true,"isInline":true}],"line":2,"filename":"/mnt/c/Users/neilj/Workspace/pug_dart/test/parser/cases/regression.784.tokens.json"},"isInline":false}],"line":0,"filename":"/mnt/c/Users/neilj/Workspace/pug_dart/test/parser/cases/regression.784.tokens.json"}