{"type":"Block","nodes":[{"type":"Doctype","line":1,"column":1,"filename":"/mnt/c/Users/neilj/Workspace/pug_dart/test/parser/cases/self-closing-html.tokens.json","val":"html"},{"type":"Tag","line":2,"column":1,"filename":"/mnt/c/Users/neilj/Workspace/pug_dart/test/parser/cases/self-closing-html.tokens.json","name":"html","selfClosing":false,"attrs":[],"attributeBlocks":[],"block":{"type":"Block","nodes":[{"type":"Tag","line":3,"column":3,"filename":"/mnt/c/Users/neilj/Workspace/pug_dart/test/parser/cases/self-closing-html.tokens.json","name":"body","selfClosing":false,"attrs":[],"attributeBlocks":[],"block":{"type":"Block","nodes":[{"type":"Tag","line":4,"column":5,"filename":"/mnt/c/Users/neilj/Workspace/pug_dart/test/parser/cases/self-closing-html.tokens.json","name":"br","selfClosing":true,"attrs":[],"attributeBlocks":[],"block":{"type":"Block","nodes":[],"line":4,"filename":"/mnt/c/Users/neilj/Workspace/pug_dart/test/parser/cases/self-closing-html.tokens.json"},"isInline":true}],"line":3,"filename":"/mnt/c/Users/neilj/Workspace/pug_dart/test/parser/cases/self-closing-html.tokens.json"},"isInline":false}],"line":2,"filename":"/mnt/c/Users/neilj/Workspace/pug_dart/test/parser/cases/self-closing-html.tokens.json"},"isInline":false}],"line":0,"filename":"/mnt/c/Users/neilj/Workspace/pug_dart/test/parser/cases/self-closing-html.tokens.json"}