{"type":"Block","nodes":[{"type":"Tag","line":1,"column":1,"filename":"/mnt/c/Users/neilj/Workspace/pug_dart/test/parser/cases/template.tokens.json","name":"script","selfClosing":false,"attrs":[{"line":1,"column":8,"filename":"/mnt/c/Users/neilj/Workspace/pug_dart/test/parser/cases/template.tokens.json","val":"'text/x-template'","name":"type","mustEscape":true}],"attributeBlocks":[],"block":{"type":"Block","nodes":[{"type":"Tag","line":2,"column":3,"filename":"/mnt/c/Users/neilj/Workspace/pug_dart/test/parser/cases/template.tokens.json","name":"article","selfClosing":false,"attrs":[],"attributeBlocks":[],"block":{"type":"Block","nodes":[{"type":"Tag","line":3,"column":5,"filename":"/mnt/c/Users/neilj/Workspace/pug_dart/test/parser/cases/template.tokens.json","name":"h2","selfClosing":false,"attrs":[],"attributeBlocks":[],"block":{"type":"Block","nodes":[{"type":"Text","line":3,"column":8,"filename":"/mnt/c/Users/neilj/Workspace/pug_dart/test/parser/cases/template.tokens.json","val":"{{title}}","isHtml":false}],"line":3,"filename":"/mnt/c/Users/neilj/Workspace/pug_dart/test/parser/cases/template.tokens.json"},"isInline":false},{"type":"Tag","line":4,"column":5,"filename":"/mnt/c/Users/neilj/Workspace/pug_dart/test/parser/cases/template.tokens.json","name":"p","selfClosing":false,"attrs":[],"attributeBlocks":[],"block":{"type":"Block","nodes":[{"type":"Text","line":4,"column":7,"filename":"/mnt/c/Users/neilj/Workspace/pug_dart/test/parser/cases/template.tokens.json","val":"{{description}}","isHtml":false}],"line":4,"filename":"/mnt/c/Users/neilj/Workspace/pug_dart/test/parser/cases/template.tokens.json"},"isInline":false}],"line":2,"filename":"/mnt/c/Users/neilj/Workspace/pug_dart/test/parser/cases/template.tokens.json"},"isInline":false}],"line":1,"filename":"/mnt/c/Users/neilj/Workspace/pug_dart/test/parser/cases/template.tokens.json"},"isInline":false},{"type":"Tag","line":6,"column":1,"filename":"/mnt/c/Users/neilj/Workspace/pug_dart/test/parser/cases/template.tokens.json","name":"script","selfClosing":false,"attrs":[{"line":6,"column":8,"filename":"/mnt/c/Users/neilj/Workspace/pug_dart/test/parser/cases/template.tokens.json","val":"'text/x-template'","name":"type","mustEscape":true}],"attributeBlocks":[],"block":{"type":"Block","nodes":[{"type":"Text","line":7,"column":3,"filename":"/mnt/c/Users/neilj/Workspace/pug_dart/test/parser/cases/template.tokens.json","val":"article","isHtml":false},{"type":"Text","line":8,"column":1,"filename":"/mnt/c/Users/neilj/Workspace/pug_dart/test/parser/cases/template.tokens.json","val":"\n","isHtml":false},{"type":"Text","line":8,"column":3,"filename":"/mnt/c/Users/neilj/Workspace/pug_dart/test/parser/cases/template.tokens.json","val":"  h2 {{title}}","isHtml":false},{"type":"Text","line":9,"column":1,"filename":"/mnt/c/Users/neilj/Workspace/pug_dart/test/parser/cases/template.tokens.json","val":"\n","isHtml":false},{"type":"Text","line":9,"column":3,"filename":"/mnt/c/Users/neilj/Workspace/pug_dart/test/parser/cases/template.tokens.json","val":"  p {{description}}","isHtml":false}],"line":6,"filename":"/mnt/c/Users/neilj/Workspace/pug_dart/test/parser/cases/template.tokens.json"},"isInline":false}],"line":0,"filename":"/mnt/c/Users/neilj/Workspace/pug_dart/test/parser/cases/template.tokens.json"}