{"type":"Block","nodes":[{"type":"Tag","line":1,"column":1,"filename":"yield.tokens.json","name":"html","selfClosing":false,"attrs":[],"attributeBlocks":[],"block":{"type":"Block","nodes":[{"type":"Tag","line":2,"column":3,"filename":"yield.tokens.json","name":"body","selfClosing":false,"attrs":[],"attributeBlocks":[],"block":{"type":"Block","nodes":[{"type":"Include","line":3,"column":5,"filename":"yield.tokens.json","file":{"type":"FileReference","line":3,"column":13,"filename":"yield.tokens.json","path":"yield-head.pug"}}],"line":2,"filename":"yield.tokens.json"},"isInline":false}],"line":1,"filename":"yield.tokens.json"},"isInline":false}],"line":0,"filename":"yield.tokens.json"}