[
  {
    "type": "tag",
    "loc": {
      "filename": "/mnt/c/Users/neilj/Workspace/pug_dart/test/lexer/cases/code.pug",
      "start": {
        "line": 1,
        "column": 1
      },
      "end": {
        "line": 1,
        "column": 2
      }
    },
    "val": "p"
  },
  {
    "type": "code",
    "loc": {
      "filename": "/mnt/c/Users/neilj/Workspace/pug_dart/test/lexer/cases/code.pug",
      "start": {
        "line": 1,
        "column": 2
      },
      "end": {
        "line": 1,
        "column": 8
      }
    },
    "val": "null",
    "buffer": true,
    "mustEscape": true
  },
  {
    "type": "newline",
    "loc": {
      "filename": "/mnt/c/Users/neilj/Workspace/pug_dart/test/lexer/cases/code.pug",
      "start": {
        "line": 2,
        "column": 1
      },
      "end": {
        "line": 2,
        "column": 1
      }
    }
  },
  {
    "type": "tag",
    "loc": {
      "filename": "/mnt/c/Users/neilj/Workspace/pug_dart/test/lexer/cases/code.pug",
      "start": {
        "line": 2,
        "column": 1
      },
      "end": {
        "line": 2,
        "column": 2
      }
    },
    "val": "p"
  },
  {
    "type": "code",
    "loc": {
      "filename": "/mnt/c/Users/neilj/Workspace/pug_dart/test/lexer/cases/code.pug",
      "start": {
        "line": 2,
        "column": 2
      },
      "end": {
        "line": 2,
        "column": 13
      }
    },
    "val": "undefined",
    "buffer": true,
    "mustEscape": true
  },
  {
    "type": "newline",
    "loc": {
      "filename": "/mnt/c/Users/neilj/Workspace/pug_dart/test/lexer/cases/code.pug",
      "start": {
        "line": 3,
        "column": 1
      },
      "end": {
        "line": 3,
        "column": 1
      }
    }
  },
  {
    "type": "tag",
    "loc": {
      "filename": "/mnt/c/Users/neilj/Workspace/pug_dart/test/lexer/cases/code.pug",
      "start": {
        "line": 3,
        "column": 1
      },
      "end": {
        "line": 3,
        "column": 2
      }
    },
    "val": "p"
  },
  {
    "type": "code",
    "loc": {
      "filename": "/mnt/c/Users/neilj/Workspace/pug_dart/test/lexer/cases/code.pug",
      "start": {
        "line": 3,
        "column": 2
      },
      "end": {
        "line": 3,
        "column": 6
      }
    },
    "val": "''",
    "buffer": true,
    "mustEscape": true
  },
  {
    "type": "newline",
    "loc": {
      "filename": "/mnt/c/Users/neilj/Workspace/pug_dart/test/lexer/cases/code.pug",
      "start": {
        "line": 4,
        "column": 1
      },
      "end": {
        "line": 4,
        "column": 1
      }
    }
  },
  {
    "type": "tag",
    "loc": {
      "filename": "/mnt/c/Users/neilj/Workspace/pug_dart/test/lexer/cases/code.pug",
      "start": {
        "line": 4,
        "column": 1
      },
      "end": {
        "line": 4,
        "column": 2
      }
    },
    "val": "p"
  },
  {
    "type": "code",
    "loc": {
      "filename": "/mnt/c/Users/neilj/Workspace/pug_dart/test/lexer/cases/code.pug",
      "start": {
        "line": 4,
        "column": 2
      },
      "end": {
        "line": 4,
        "column": 5
      }
    },
    "val": "0",
    "buffer": true,
    "mustEscape": true
  },
  {
    "type": "newline",
    "loc": {
      "filename": "/mnt/c/Users/neilj/Workspace/pug_dart/test/lexer/cases/code.pug",
      "start": {
        "line": 5,
        "column": 1
      },
      "end": {
        "line": 5,
        "column": 1
      }
    }
  },
  {
    "type": "tag",
    "loc": {
      "filename": "/mnt/c/Users/neilj/Workspace/pug_dart/test/lexer/cases/code.pug",
      "start": {
        "line": 5,
        "column": 1
      },
      "end": {
        "line": 5,
        "column": 2
      }
    },
    "val": "p"
  },
  {
    "type": "code",
    "loc": {
      "filename": "/mnt/c/Users/neilj/Workspace/pug_dart/test/lexer/cases/code.pug",
      "start": {
        "line": 5,
        "column": 2
      },
      "end": {
        "line": 5,
        "column": 9
      }
    },
    "val": "false",
    "buffer": true,
    "mustEscape": true
  },
  {
    "type": "newline",
    "loc": {
      "filename": "/mnt/c/Users/neilj/Workspace/pug_dart/test/lexer/cases/code.pug",
      "start": {
        "line": 6,
        "column": 1
      },
      "end": {
        "line": 6,
        "column": 1
      }
    }
  },
  {
    "type": "tag",
    "loc": {
      "filename": "/mnt/c/Users/neilj/Workspace/pug_dart/test/lexer/cases/code.pug",
      "start": {
        "line": 6,
        "column": 1
      },
      "end": {
        "line": 6,
        "column": 2
      }
    },
    "val": "p"
  },
  {
    "type": "start-attributes",
    "loc": {
      "filename": "/mnt/c/Users/neilj/Workspace/pug_dart/test/lexer/cases/code.pug",
      "start": {
        "line": 6,
        "column": 2
      },
      "end": {
        "line": 6,
        "column": 3
      }
    }
  },
  {
    "type": "attribute",
    "loc": {
      "filename": "/mnt/c/Users/neilj/Workspace/pug_dart/test/lexer/cases/code.pug",
      "start": {
        "line": 6,
        "column": 3
      },
      "end": {
        "line": 6,
        "column": 11
      }
    },
    "val": "null",
    "mustEscape": true,
    "name": "foo"
  },
  {
    "type": "end-attributes",
    "loc": {
      "filename": "/mnt/c/Users/neilj/Workspace/pug_dart/test/lexer/cases/code.pug",
      "start": {
        "line": 6,
        "column": 11
      },
      "end": {
        "line": 6,
        "column": 12
      }
    }
  },
  {
    "type": "newline",
    "loc": {
      "filename": "/mnt/c/Users/neilj/Workspace/pug_dart/test/lexer/cases/code.pug",
      "start": {
        "line": 7,
        "column": 1
      },
      "end": {
        "line": 7,
        "column": 1
      }
    }
  },
  {
    "type": "tag",
    "loc": {
      "filename": "/mnt/c/Users/neilj/Workspace/pug_dart/test/lexer/cases/code.pug",
      "start": {
        "line": 7,
        "column": 1
      },
      "end": {
        "line": 7,
        "column": 2
      }
    },
    "val": "p"
  },
  {
    "type": "start-attributes",
    "loc": {
      "filename": "/mnt/c/Users/neilj/Workspace/pug_dart/test/lexer/cases/code.pug",
      "start": {
        "line": 7,
        "column": 2
      },
      "end": {
        "line": 7,
        "column": 3
      }
    }
  },
  {
    "type": "attribute",
    "loc": {
      "filename": "/mnt/c/Users/neilj/Workspace/pug_dart/test/lexer/cases/code.pug",
      "start": {
        "line": 7,
        "column": 3
      },
      "end": {
        "line": 7,
        "column": 16
      }
    },
    "val": "undefined",
    "mustEscape": true,
    "name": "foo"
  },
  {
    "type": "end-attributes",
    "loc": {
      "filename": "/mnt/c/Users/neilj/Workspace/pug_dart/test/lexer/cases/code.pug",
      "start": {
        "line": 7,
        "column": 16
      },
      "end": {
        "line": 7,
        "column": 17
      }
    }
  },
  {
    "type": "newline",
    "loc": {
      "filename": "/mnt/c/Users/neilj/Workspace/pug_dart/test/lexer/cases/code.pug",
      "start": {
        "line": 8,
        "column": 1
      },
      "end": {
        "line": 8,
        "column": 1
      }
    }
  },
  {
    "type": "tag",
    "loc": {
      "filename": "/mnt/c/Users/neilj/Workspace/pug_dart/test/lexer/cases/code.pug",
      "start": {
        "line": 8,
        "column": 1
      },
      "end": {
        "line": 8,
        "column": 2
      }
    },
    "val": "p"
  },
  {
    "type": "start-attributes",
    "loc": {
      "filename": "/mnt/c/Users/neilj/Workspace/pug_dart/test/lexer/cases/code.pug",
      "start": {
        "line": 8,
        "column": 2
      },
      "end": {
        "line": 8,
        "column": 3
      }
    }
  },
  {
    "type": "attribute",
    "loc": {
      "filename": "/mnt/c/Users/neilj/Workspace/pug_dart/test/lexer/cases/code.pug",
      "start": {
        "line": 8,
        "column": 3
      },
      "end": {
        "line": 8,
        "column": 9
      }
    },
    "val": "''",
    "mustEscape": true,
    "name": "foo"
  },
  {
    "type": "end-attributes",
    "loc": {
      "filename": "/mnt/c/Users/neilj/Workspace/pug_dart/test/lexer/cases/code.pug",
      "start": {
        "line": 8,
        "column": 9
      },
      "end": {
        "line": 8,
        "column": 10
      }
    }
  },
  {
    "type": "newline",
    "loc": {
      "filename": "/mnt/c/Users/neilj/Workspace/pug_dart/test/lexer/cases/code.pug",
      "start": {
        "line": 9,
        "column": 1
      },
      "end": {
        "line": 9,
        "column": 1
      }
    }
  },
  {
    "type": "tag",
    "loc": {
      "filename": "/mnt/c/Users/neilj/Workspace/pug_dart/test/lexer/cases/code.pug",
      "start": {
        "line": 9,
        "column": 1
      },
      "end": {
        "line": 9,
        "column": 2
      }
    },
    "val": "p"
  },
  {
    "type": "start-attributes",
    "loc": {
      "filename": "/mnt/c/Users/neilj/Workspace/pug_dart/test/lexer/cases/code.pug",
      "start": {
        "line": 9,
        "column": 2
      },
      "end": {
        "line": 9,
        "column": 3
      }
    }
  },
  {
    "type": "attribute",
    "loc": {
      "filename": "/mnt/c/Users/neilj/Workspace/pug_dart/test/lexer/cases/code.pug",
      "start": {
        "line": 9,
        "column": 3
      },
      "end": {
        "line": 9,
        "column": 8
      }
    },
    "val": "0",
    "mustEscape": true,
    "name": "foo"
  },
  {
    "type": "end-attributes",
    "loc": {
      "filename": "/mnt/c/Users/neilj/Workspace/pug_dart/test/lexer/cases/code.pug",
      "start": {
        "line": 9,
        "column": 8
      },
      "end": {
        "line": 9,
        "column": 9
      }
    }
  },
  {
    "type": "newline",
    "loc": {
      "filename": "/mnt/c/Users/neilj/Workspace/pug_dart/test/lexer/cases/code.pug",
      "start": {
        "line": 10,
        "column": 1
      },
      "end": {
        "line": 10,
        "column": 1
      }
    }
  },
  {
    "type": "tag",
    "loc": {
      "filename": "/mnt/c/Users/neilj/Workspace/pug_dart/test/lexer/cases/code.pug",
      "start": {
        "line": 10,
        "column": 1
      },
      "end": {
        "line": 10,
        "column": 2
      }
    },
    "val": "p"
  },
  {
    "type": "start-attributes",
    "loc": {
      "filename": "/mnt/c/Users/neilj/Workspace/pug_dart/test/lexer/cases/code.pug",
      "start": {
        "line": 10,
        "column": 2
      },
      "end": {
        "line": 10,
        "column": 3
      }
    }
  },
  {
    "type": "attribute",
    "loc": {
      "filename": "/mnt/c/Users/neilj/Workspace/pug_dart/test/lexer/cases/code.pug",
      "start": {
        "line": 10,
        "column": 3
      },
      "end": {
        "line": 10,
        "column": 12
      }
    },
    "val": "false",
    "mustEscape": true,
    "name": "foo"
  },
  {
    "type": "end-attributes",
    "loc": {
      "filename": "/mnt/c/Users/neilj/Workspace/pug_dart/test/lexer/cases/code.pug",
      "start": {
        "line": 10,
        "column": 12
      },
      "end": {
        "line": 10,
        "column": 13
      }
    }
  },
  {
    "type": "outdent",
    "loc": {
      "filename": "/mnt/c/Users/neilj/Workspace/pug_dart/test/lexer/cases/code.pug",
      "start": {
        "line": 10,
        "column": 13
      },
      "end": {
        "line": 10,
        "column": 13
      }
    }
  },
  {
    "type": "eos",
    "loc": {
      "filename": "/mnt/c/Users/neilj/Workspace/pug_dart/test/lexer/cases/code.pug",
      "start": {
        "line": 10,
        "column": 13
      },
      "end": {
        "line": 10,
        "column": 13
      }
    }
  }
]