[{"type":"newline","loc":{"filename":"/mnt/c/Users/neilj/Workspace/pug_dart/test/lexer/cases/comments.pug","start":{"line":2,"column":1},"end":{"line":2,"column":1}}},{"type":"comment","loc":{"filename":"/mnt/c/Users/neilj/Workspace/pug_dart/test/lexer/cases/comments.pug","start":{"line":2,"column":1},"end":{"line":2,"column":7}},"val":" foo","buffer":true},{"type":"newline","loc":{"filename":"/mnt/c/Users/neilj/Workspace/pug_dart/test/lexer/cases/comments.pug","start":{"line":3,"column":1},"end":{"line":3,"column":1}}},{"type":"tag","loc":{"filename":"/mnt/c/Users/neilj/Workspace/pug_dart/test/lexer/cases/comments.pug","start":{"line":3,"column":1},"end":{"line":3,"column":3}},"val":"ul"},{"type":"indent","loc":{"filename":"/mnt/c/Users/neilj/Workspace/pug_dart/test/lexer/cases/comments.pug","start":{"line":4,"column":1},"end":{"line":4,"column":3}},"val":"2"},{"type":"comment","loc":{"filename":"/mnt/c/Users/neilj/Workspace/pug_dart/test/lexer/cases/comments.pug","start":{"line":4,"column":3},"end":{"line":4,"column":9}},"val":" bar","buffer":true},{"type":"newline","loc":{"filename":"/mnt/c/Users/neilj/Workspace/pug_dart/test/lexer/cases/comments.pug","start":{"line":5,"column":1},"end":{"line":5,"column":3}}},{"type":"tag","loc":{"filename":"/mnt/c/Users/neilj/Workspace/pug_dart/test/lexer/cases/comments.pug","start":{"line":5,"column":3},"end":{"line":5,"column":5}},"val":"li"},{"type":"newline","loc":{"filename":"/mnt/c/Users/neilj/Workspace/pug_dart/test/lexer/cases/comments.pug","start":{"line":6,"column":1},"end":{"line":6,"column":3}}},{"type":"comment","loc":{"filename":"/mnt/c/Users/neilj/Workspace/pug_dart/test/lexer/cases/comments.pug","start":{"line":6,"column":3},"end":{"line":6,"column":9}},"val":" baz","buffer":true},{"type":"newline","loc":{"filename":"/mnt/c/Users/neilj/Workspace/pug_dart/test/lexer/cases/comments.pug","start":{"line":7,"column":1},"end":{"line":7,"column":3}}},{"type":"tag","loc":{"filename":"/mnt/c/Users/neilj/Workspace/pug_dart/test/lexer/cases/comments.pug","start":{"line":7,"column":3},"end":{"line":7,"column":5}},"val":"li"},{"type":"outdent","loc":{"filename":"/mnt/c/Users/neilj/Workspace/pug_dart/test/lexer/cases/comments.pug","start":{"line":9,"column":1},"end":{"line":9,"column":1}}},{"type":"comment","loc":{"filename":"/mnt/c/Users/neilj/Workspace/pug_dart/test/lexer/cases/comments.pug","start":{"line":9,"column":1},"end":{"line":9,"column":3}},"val":"","buffer":true},{"type":"start-pipeless-text","loc":{"filename":"/mnt/c/Users/neilj/Workspace/pug_dart/test/lexer/cases/comments.pug","start":{"line":9,"column":3},"end":{"line":9,"column":3}}},{"type":"newline","loc":{"filename":"/mnt/c/Users/neilj/Workspace/pug_dart/test/lexer/cases/comments.pug","start":{"line":11,"column":1},"end":{"line":11,"column":3}}},{"type":"end-pipeless-text","loc":{"filename":"/mnt/c/Users/neilj/Workspace/pug_dart/test/lexer/cases/comments.pug","start":{"line":12,"column":1},"end":{"line":12,"column":1}}},{"type":"newline","loc":{"filename":"/mnt/c/Users/neilj/Workspace/pug_dart/test/lexer/cases/comments.pug","start":{"line":13,"column":1},"end":{"line":13,"column":1}}},{"type":"comment","loc":{"filename":"/mnt/c/Users/neilj/Workspace/pug_dart/test/lexer/cases/comments.pug","start":{"line":13,"column":1},"end":{"line":13,"column":9}},"val":" block","buffer":true},{"type":"start-pipeless-text","loc":{"filename":"/mnt/c/Users/neilj/Workspace/pug_dart/test/lexer/cases/comments.pug","start":{"line":13,"column":9},"end":{"line":13,"column":9}}},{"type":"newline","loc":{"filename":"/mnt/c/Users/neilj/Workspace/pug_dart/test/lexer/cases/comments.pug","start":{"line":15,"column":1},"end":{"line":15,"column":3}}},{"type":"end-pipeless-text","loc":{"filename":"/mnt/c/Users/neilj/Workspace/pug_dart/test/lexer/cases/comments.pug","start":{"line":16,"column":1},"end":{"line":16,"column":1}}},{"type":"newline","loc":{"filename":"/mnt/c/Users/neilj/Workspace/pug_dart/test/lexer/cases/comments.pug","start":{"line":17,"column":1},"end":{"line":17,"column":1}}},{"type":"comment","loc":{"filename":"/mnt/c/Users/neilj/Workspace/pug_dart/test/lexer/cases/comments.pug","start":{"line":17,"column":1},"end":{"line":17,"column":9}},"val":" block","buffer":true},{"type":"start-pipeless-text","loc":{"filename":"/mnt/c/Users/neilj/Workspace/pug_dart/test/lexer/cases/comments.pug","start":{"line":17,"column":9},"end":{"line":17,"column":9}}},{"type":"newline","loc":{"filename":"/mnt/c/Users/neilj/Workspace/pug_dart/test/lexer/cases/comments.pug","start":{"line":19,"column":1},"end":{"line":19,"column":3}}},{"type":"newline","loc":{"filename":"/mnt/c/Users/neilj/Workspace/pug_dart/test/lexer/cases/comments.pug","start":{"line":20,"column":1},"end":{"line":20,"column":3}}},{"type":"end-pipeless-text","loc":{"filename":"/mnt/c/Users/neilj/Workspace/pug_dart/test/lexer/cases/comments.pug","start":{"line":21,"column":1},"end":{"line":21,"column":1}}},{"type":"newline","loc":{"filename":"/mnt/c/Users/neilj/Workspace/pug_dart/test/lexer/cases/comments.pug","start":{"line":22,"column":1},"end":{"line":22,"column":1}}},{"type":"comment","loc":{"filename":"/mnt/c/Users/neilj/Workspace/pug_dart/test/lexer/cases/comments.pug","start":{"line":22,"column":1},"end":{"line":22,"column":13}},"val":"if IE lt 9","buffer":true},{"type":"start-pipeless-text","loc":{"filename":"/mnt/c/Users/neilj/Workspace/pug_dart/test/lexer/cases/comments.pug","start":{"line":22,"column":13},"end":{"line":22,"column":13}}},{"type":"newline","loc":{"filename":"/mnt/c/Users/neilj/Workspace/pug_dart/test/lexer/cases/comments.pug","start":{"line":24,"column":1},"end":{"line":24,"column":3}}},{"type":"newline","loc":{"filename":"/mnt/c/Users/neilj/Workspace/pug_dart/test/lexer/cases/comments.pug","start":{"line":25,"column":1},"end":{"line":25,"column":3}}},{"type":"end-pipeless-text","loc":{"filename":"/mnt/c/Users/neilj/Workspace/pug_dart/test/lexer/cases/comments.pug","start":{"line":26,"column":1},"end":{"line":26,"column":1}}},{"type":"newline","loc":{"filename":"/mnt/c/Users/neilj/Workspace/pug_dart/test/lexer/cases/comments.pug","start":{"line":27,"column":1},"end":{"line":27,"column":1}}},{"type":"tag","loc":{"filename":"/mnt/c/Users/neilj/Workspace/pug_dart/test/lexer/cases/comments.pug","start":{"line":27,"column":1},"end":{"line":27,"column":2}},"val":"p"},{"type":"newline","loc":{"filename":"/mnt/c/Users/neilj/Workspace/pug_dart/test/lexer/cases/comments.pug","start":{"line":29,"column":1},"end":{"line":29,"column":1}}},{"type":"class","loc":{"filename":"/mnt/c/Users/neilj/Workspace/pug_dart/test/lexer/cases/comments.pug","start":{"line":29,"column":1},"end":{"line":29,"column":5}},"val":"foo"},{"type":"eos","loc":{"filename":"/mnt/c/Users/neilj/Workspace/pug_dart/test/lexer/cases/comments.pug","start":{"line":29,"column":6},"end":{"line":29,"column":6}}}]