[
  {
    "type": "newline",
    "loc": {
      "filename": "/mnt/c/Users/neilj/Workspace/pug_dart/test/lexer/cases/each.else.pug",
      "start": {
        "line": 2,
        "column": 1
      },
      "end": {
        "line": 2,
        "column": 1
      }
    }
  },
  {
    "type": "code",
    "loc": {
      "filename": "/mnt/c/Users/neilj/Workspace/pug_dart/test/lexer/cases/each.else.pug",
      "start": {
        "line": 2,
        "column": 1
      },
      "end": {
        "line": 2,
        "column": 17
      }
    },
    "val": "var users = []",
    "buffer": false,
    "mustEscape": false
  },
  {
    "type": "newline",
    "loc": {
      "filename": "/mnt/c/Users/neilj/Workspace/pug_dart/test/lexer/cases/each.else.pug",
      "start": {
        "line": 4,
        "column": 1
      },
      "end": {
        "line": 4,
        "column": 1
      }
    }
  },
  {
    "type": "tag",
    "loc": {
      "filename": "/mnt/c/Users/neilj/Workspace/pug_dart/test/lexer/cases/each.else.pug",
      "start": {
        "line": 4,
        "column": 1
      },
      "end": {
        "line": 4,
        "column": 3
      }
    },
    "val": "ul"
  },
  {
    "type": "indent",
    "loc": {
      "filename": "/mnt/c/Users/neilj/Workspace/pug_dart/test/lexer/cases/each.else.pug",
      "start": {
        "line": 5,
        "column": 1
      },
      "end": {
        "line": 5,
        "column": 3
      }
    },
    "val": "2"
  },
  {
    "type": "each",
    "loc": {
      "filename": "/mnt/c/Users/neilj/Workspace/pug_dart/test/lexer/cases/each.else.pug",
      "start": {
        "line": 5,
        "column": 3
      },
      "end": {
        "line": 5,
        "column": 20
      }
    },
    "val": "user",
    "code": "users"
  },
  {
    "type": "indent",
    "loc": {
      "filename": "/mnt/c/Users/neilj/Workspace/pug_dart/test/lexer/cases/each.else.pug",
      "start": {
        "line": 6,
        "column": 1
      },
      "end": {
        "line": 6,
        "column": 5
      }
    },
    "val": "4"
  },
  {
    "type": "tag",
    "loc": {
      "filename": "/mnt/c/Users/neilj/Workspace/pug_dart/test/lexer/cases/each.else.pug",
      "start": {
        "line": 6,
        "column": 5
      },
      "end": {
        "line": 6,
        "column": 7
      }
    },
    "val": "li"
  },
  {
    "type": "code",
    "loc": {
      "filename": "/mnt/c/Users/neilj/Workspace/pug_dart/test/lexer/cases/each.else.pug",
      "start": {
        "line": 6,
        "column": 7
      },
      "end": {
        "line": 6,
        "column": 18
      }
    },
    "val": "user.name",
    "buffer": true,
    "mustEscape": true
  },
  {
    "type": "outdent",
    "loc": {
      "filename": "/mnt/c/Users/neilj/Workspace/pug_dart/test/lexer/cases/each.else.pug",
      "start": {
        "line": 7,
        "column": 1
      },
      "end": {
        "line": 7,
        "column": 3
      }
    }
  },
  {
    "type": "else",
    "loc": {
      "filename": "/mnt/c/Users/neilj/Workspace/pug_dart/test/lexer/cases/each.else.pug",
      "start": {
        "line": 7,
        "column": 3
      },
      "end": {
        "line": 7,
        "column": 7
      }
    },
    "val": ""
  },
  {
    "type": "indent",
    "loc": {
      "filename": "/mnt/c/Users/neilj/Workspace/pug_dart/test/lexer/cases/each.else.pug",
      "start": {
        "line": 8,
        "column": 1
      },
      "end": {
        "line": 8,
        "column": 5
      }
    },
    "val": "4"
  },
  {
    "type": "tag",
    "loc": {
      "filename": "/mnt/c/Users/neilj/Workspace/pug_dart/test/lexer/cases/each.else.pug",
      "start": {
        "line": 8,
        "column": 5
      },
      "end": {
        "line": 8,
        "column": 7
      }
    },
    "val": "li"
  },
  {
    "type": "outdent",
    "loc": {
      "filename": "/mnt/c/Users/neilj/Workspace/pug_dart/test/lexer/cases/each.else.pug",
      "start": {
        "line": 11,
        "column": 1
      },
      "end": {
        "line": 11,
        "column": 1
      }
    }
  },
  {
    "type": "outdent",
    "loc": {
      "filename": "/mnt/c/Users/neilj/Workspace/pug_dart/test/lexer/cases/each.else.pug",
      "start": {
        "line": 11,
        "column": 1
      },
      "end": {
        "line": 11,
        "column": 1
      }
    }
  },
  {
    "type": "code",
    "loc": {
      "filename": "/mnt/c/Users/neilj/Workspace/pug_dart/test/lexer/cases/each.else.pug",
      "start": {
        "line": 11,
        "column": 1
      },
      "end": {
        "line": 11,
        "column": 70
      }
    },
    "val": "var users = [{ name: 'tobi', friends: ['loki'] }, { name: 'loki' }]",
    "buffer": false,
    "mustEscape": false
  },
  {
    "type": "newline",
    "loc": {
      "filename": "/mnt/c/Users/neilj/Workspace/pug_dart/test/lexer/cases/each.else.pug",
      "start": {
        "line": 13,
        "column": 1
      },
      "end": {
        "line": 13,
        "column": 1
      }
    }
  },
  {
    "type": "if",
    "loc": {
      "filename": "/mnt/c/Users/neilj/Workspace/pug_dart/test/lexer/cases/each.else.pug",
      "start": {
        "line": 13,
        "column": 1
      },
      "end": {
        "line": 13,
        "column": 9
      }
    },
    "val": "users"
  },
  {
    "type": "indent",
    "loc": {
      "filename": "/mnt/c/Users/neilj/Workspace/pug_dart/test/lexer/cases/each.else.pug",
      "start": {
        "line": 14,
        "column": 1
      },
      "end": {
        "line": 14,
        "column": 3
      }
    },
    "val": "2"
  },
  {
    "type": "tag",
    "loc": {
      "filename": "/mnt/c/Users/neilj/Workspace/pug_dart/test/lexer/cases/each.else.pug",
      "start": {
        "line": 14,
        "column": 3
      },
      "end": {
        "line": 14,
        "column": 5
      }
    },
    "val": "ul"
  },
  {
    "type": "indent",
    "loc": {
      "filename": "/mnt/c/Users/neilj/Workspace/pug_dart/test/lexer/cases/each.else.pug",
      "start": {
        "line": 15,
        "column": 1
      },
      "end": {
        "line": 15,
        "column": 5
      }
    },
    "val": "4"
  },
  {
    "type": "each",
    "loc": {
      "filename": "/mnt/c/Users/neilj/Workspace/pug_dart/test/lexer/cases/each.else.pug",
      "start": {
        "line": 15,
        "column": 5
      },
      "end": {
        "line": 15,
        "column": 22
      }
    },
    "val": "user",
    "code": "users"
  },
  {
    "type": "indent",
    "loc": {
      "filename": "/mnt/c/Users/neilj/Workspace/pug_dart/test/lexer/cases/each.else.pug",
      "start": {
        "line": 16,
        "column": 1
      },
      "end": {
        "line": 16,
        "column": 7
      }
    },
    "val": "6"
  },
  {
    "type": "tag",
    "loc": {
      "filename": "/mnt/c/Users/neilj/Workspace/pug_dart/test/lexer/cases/each.else.pug",
      "start": {
        "line": 16,
        "column": 7
      },
      "end": {
        "line": 16,
        "column": 9
      }
    },
    "val": "li"
  },
  {
    "type": "code",
    "loc": {
      "filename": "/mnt/c/Users/neilj/Workspace/pug_dart/test/lexer/cases/each.else.pug",
      "start": {
        "line": 16,
        "column": 9
      },
      "end": {
        "line": 16,
        "column": 20
      }
    },
    "val": "user.name",
    "buffer": true,
    "mustEscape": true
  },
  {
    "type": "outdent",
    "loc": {
      "filename": "/mnt/c/Users/neilj/Workspace/pug_dart/test/lexer/cases/each.else.pug",
      "start": {
        "line": 17,
        "column": 1
      },
      "end": {
        "line": 17,
        "column": 5
      }
    }
  },
  {
    "type": "else",
    "loc": {
      "filename": "/mnt/c/Users/neilj/Workspace/pug_dart/test/lexer/cases/each.else.pug",
      "start": {
        "line": 17,
        "column": 5
      },
      "end": {
        "line": 17,
        "column": 9
      }
    },
    "val": ""
  },
  {
    "type": "indent",
    "loc": {
      "filename": "/mnt/c/Users/neilj/Workspace/pug_dart/test/lexer/cases/each.else.pug",
      "start": {
        "line": 18,
        "column": 1
      },
      "end": {
        "line": 18,
        "column": 7
      }
    },
    "val": "6"
  },
  {
    "type": "tag",
    "loc": {
      "filename": "/mnt/c/Users/neilj/Workspace/pug_dart/test/lexer/cases/each.else.pug",
      "start": {
        "line": 18,
        "column": 7
      },
      "end": {
        "line": 18,
        "column": 9
      }
    },
    "val": "li"
  },
  {
    "type": "outdent",
    "loc": {
      "filename": "/mnt/c/Users/neilj/Workspace/pug_dart/test/lexer/cases/each.else.pug",
      "start": {
        "line": 20,
        "column": 1
      },
      "end": {
        "line": 20,
        "column": 1
      }
    }
  },
  {
    "type": "outdent",
    "loc": {
      "filename": "/mnt/c/Users/neilj/Workspace/pug_dart/test/lexer/cases/each.else.pug",
      "start": {
        "line": 20,
        "column": 1
      },
      "end": {
        "line": 20,
        "column": 1
      }
    }
  },
  {
    "type": "outdent",
    "loc": {
      "filename": "/mnt/c/Users/neilj/Workspace/pug_dart/test/lexer/cases/each.else.pug",
      "start": {
        "line": 20,
        "column": 1
      },
      "end": {
        "line": 20,
        "column": 1
      }
    }
  },
  {
    "type": "code",
    "loc": {
      "filename": "/mnt/c/Users/neilj/Workspace/pug_dart/test/lexer/cases/each.else.pug",
      "start": {
        "line": 20,
        "column": 1
      },
      "end": {
        "line": 20,
        "column": 39
      }
    },
    "val": "var user = { name: 'tobi', age: 10 }",
    "buffer": false,
    "mustEscape": false
  },
  {
    "type": "newline",
    "loc": {
      "filename": "/mnt/c/Users/neilj/Workspace/pug_dart/test/lexer/cases/each.else.pug",
      "start": {
        "line": 22,
        "column": 1
      },
      "end": {
        "line": 22,
        "column": 1
      }
    }
  },
  {
    "type": "tag",
    "loc": {
      "filename": "/mnt/c/Users/neilj/Workspace/pug_dart/test/lexer/cases/each.else.pug",
      "start": {
        "line": 22,
        "column": 1
      },
      "end": {
        "line": 22,
        "column": 3
      }
    },
    "val": "ul"
  },
  {
    "type": "indent",
    "loc": {
      "filename": "/mnt/c/Users/neilj/Workspace/pug_dart/test/lexer/cases/each.else.pug",
      "start": {
        "line": 23,
        "column": 1
      },
      "end": {
        "line": 23,
        "column": 3
      }
    },
    "val": "2"
  },
  {
    "type": "each",
    "loc": {
      "filename": "/mnt/c/Users/neilj/Workspace/pug_dart/test/lexer/cases/each.else.pug",
      "start": {
        "line": 23,
        "column": 3
      },
      "end": {
        "line": 23,
        "column": 24
      }
    },
    "val": "val",
    "key": "key",
    "code": "user"
  },
  {
    "type": "indent",
    "loc": {
      "filename": "/mnt/c/Users/neilj/Workspace/pug_dart/test/lexer/cases/each.else.pug",
      "start": {
        "line": 24,
        "column": 1
      },
      "end": {
        "line": 24,
        "column": 5
      }
    },
    "val": "4"
  },
  {
    "type": "tag",
    "loc": {
      "filename": "/mnt/c/Users/neilj/Workspace/pug_dart/test/lexer/cases/each.else.pug",
      "start": {
        "line": 24,
        "column": 5
      },
      "end": {
        "line": 24,
        "column": 7
      }
    },
    "val": "li"
  },
  {
    "type": "outdent",
    "loc": {
      "filename": "/mnt/c/Users/neilj/Workspace/pug_dart/test/lexer/cases/each.else.pug",
      "start": {
        "line": 25,
        "column": 1
      },
      "end": {
        "line": 25,
        "column": 3
      }
    }
  },
  {
    "type": "else",
    "loc": {
      "filename": "/mnt/c/Users/neilj/Workspace/pug_dart/test/lexer/cases/each.else.pug",
      "start": {
        "line": 25,
        "column": 3
      },
      "end": {
        "line": 25,
        "column": 7
      }
    },
    "val": ""
  },
  {
    "type": "indent",
    "loc": {
      "filename": "/mnt/c/Users/neilj/Workspace/pug_dart/test/lexer/cases/each.else.pug",
      "start": {
        "line": 26,
        "column": 1
      },
      "end": {
        "line": 26,
        "column": 5
      }
    },
    "val": "4"
  },
  {
    "type": "tag",
    "loc": {
      "filename": "/mnt/c/Users/neilj/Workspace/pug_dart/test/lexer/cases/each.else.pug",
      "start": {
        "line": 26,
        "column": 5
      },
      "end": {
        "line": 26,
        "column": 7
      }
    },
    "val": "li"
  },
  {
    "type": "outdent",
    "loc": {
      "filename": "/mnt/c/Users/neilj/Workspace/pug_dart/test/lexer/cases/each.else.pug",
      "start": {
        "line": 28,
        "column": 1
      },
      "end": {
        "line": 28,
        "column": 1
      }
    }
  },
  {
    "type": "outdent",
    "loc": {
      "filename": "/mnt/c/Users/neilj/Workspace/pug_dart/test/lexer/cases/each.else.pug",
      "start": {
        "line": 28,
        "column": 1
      },
      "end": {
        "line": 28,
        "column": 1
      }
    }
  },
  {
    "type": "code",
    "loc": {
      "filename": "/mnt/c/Users/neilj/Workspace/pug_dart/test/lexer/cases/each.else.pug",
      "start": {
        "line": 28,
        "column": 1
      },
      "end": {
        "line": 28,
        "column": 16
      }
    },
    "val": "var user = {}",
    "buffer": false,
    "mustEscape": false
  },
  {
    "type": "newline",
    "loc": {
      "filename": "/mnt/c/Users/neilj/Workspace/pug_dart/test/lexer/cases/each.else.pug",
      "start": {
        "line": 30,
        "column": 1
      },
      "end": {
        "line": 30,
        "column": 1
      }
    }
  },
  {
    "type": "tag",
    "loc": {
      "filename": "/mnt/c/Users/neilj/Workspace/pug_dart/test/lexer/cases/each.else.pug",
      "start": {
        "line": 30,
        "column": 1
      },
      "end": {
        "line": 30,
        "column": 3
      }
    },
    "val": "ul"
  },
  {
    "type": "indent",
    "loc": {
      "filename": "/mnt/c/Users/neilj/Workspace/pug_dart/test/lexer/cases/each.else.pug",
      "start": {
        "line": 31,
        "column": 1
      },
      "end": {
        "line": 31,
        "column": 3
      }
    },
    "val": "2"
  },
  {
    "type": "each",
    "loc": {
      "filename": "/mnt/c/Users/neilj/Workspace/pug_dart/test/lexer/cases/each.else.pug",
      "start": {
        "line": 31,
        "column": 3
      },
      "end": {
        "line": 31,
        "column": 25
      }
    },
    "val": "prop",
    "key": "key",
    "code": "user"
  },
  {
    "type": "indent",
    "loc": {
      "filename": "/mnt/c/Users/neilj/Workspace/pug_dart/test/lexer/cases/each.else.pug",
      "start": {
        "line": 32,
        "column": 1
      },
      "end": {
        "line": 32,
        "column": 5
      }
    },
    "val": "4"
  },
  {
    "type": "tag",
    "loc": {
      "filename": "/mnt/c/Users/neilj/Workspace/pug_dart/test/lexer/cases/each.else.pug",
      "start": {
        "line": 32,
        "column": 5
      },
      "end": {
        "line": 32,
        "column": 7
      }
    },
    "val": "li"
  },
  {
    "type": "outdent",
    "loc": {
      "filename": "/mnt/c/Users/neilj/Workspace/pug_dart/test/lexer/cases/each.else.pug",
      "start": {
        "line": 33,
        "column": 1
      },
      "end": {
        "line": 33,
        "column": 3
      }
    }
  },
  {
    "type": "else",
    "loc": {
      "filename": "/mnt/c/Users/neilj/Workspace/pug_dart/test/lexer/cases/each.else.pug",
      "start": {
        "line": 33,
        "column": 3
      },
      "end": {
        "line": 33,
        "column": 7
      }
    },
    "val": ""
  },
  {
    "type": "indent",
    "loc": {
      "filename": "/mnt/c/Users/neilj/Workspace/pug_dart/test/lexer/cases/each.else.pug",
      "start": {
        "line": 34,
        "column": 1
      },
      "end": {
        "line": 34,
        "column": 5
      }
    },
    "val": "4"
  },
  {
    "type": "tag",
    "loc": {
      "filename": "/mnt/c/Users/neilj/Workspace/pug_dart/test/lexer/cases/each.else.pug",
      "start": {
        "line": 34,
        "column": 5
      },
      "end": {
        "line": 34,
        "column": 7
      }
    },
    "val": "li"
  },
  {
    "type": "outdent",
    "loc": {
      "filename": "/mnt/c/Users/neilj/Workspace/pug_dart/test/lexer/cases/each.else.pug",
      "start": {
        "line": 36,
        "column": 1
      },
      "end": {
        "line": 36,
        "column": 1
      }
    }
  },
  {
    "type": "outdent",
    "loc": {
      "filename": "/mnt/c/Users/neilj/Workspace/pug_dart/test/lexer/cases/each.else.pug",
      "start": {
        "line": 36,
        "column": 1
      },
      "end": {
        "line": 36,
        "column": 1
      }
    }
  },
  {
    "type": "code",
    "loc": {
      "filename": "/mnt/c/Users/neilj/Workspace/pug_dart/test/lexer/cases/each.else.pug",
      "start": {
        "line": 36,
        "column": 1
      },
      "end": {
        "line": 36,
        "column": 33
      }
    },
    "val": "var user = Object.create(null)",
    "buffer": false,
    "mustEscape": false
  },
  {
    "type": "newline",
    "loc": {
      "filename": "/mnt/c/Users/neilj/Workspace/pug_dart/test/lexer/cases/each.else.pug",
      "start": {
        "line": 37,
        "column": 1
      },
      "end": {
        "line": 37,
        "column": 1
      }
    }
  },
  {
    "type": "code",
    "loc": {
      "filename": "/mnt/c/Users/neilj/Workspace/pug_dart/test/lexer/cases/each.else.pug",
      "start": {
        "line": 37,
        "column": 1
      },
      "end": {
        "line": 37,
        "column": 21
      }
    },
    "val": "user.name = 'tobi'",
    "buffer": false,
    "mustEscape": false
  },
  {
    "type": "newline",
    "loc": {
      "filename": "/mnt/c/Users/neilj/Workspace/pug_dart/test/lexer/cases/each.else.pug",
      "start": {
        "line": 39,
        "column": 1
      },
      "end": {
        "line": 39,
        "column": 1
      }
    }
  },
  {
    "type": "tag",
    "loc": {
      "filename": "/mnt/c/Users/neilj/Workspace/pug_dart/test/lexer/cases/each.else.pug",
      "start": {
        "line": 39,
        "column": 1
      },
      "end": {
        "line": 39,
        "column": 3
      }
    },
    "val": "ul"
  },
  {
    "type": "indent",
    "loc": {
      "filename": "/mnt/c/Users/neilj/Workspace/pug_dart/test/lexer/cases/each.else.pug",
      "start": {
        "line": 40,
        "column": 1
      },
      "end": {
        "line": 40,
        "column": 3
      }
    },
    "val": "2"
  },
  {
    "type": "each",
    "loc": {
      "filename": "/mnt/c/Users/neilj/Workspace/pug_dart/test/lexer/cases/each.else.pug",
      "start": {
        "line": 40,
        "column": 3
      },
      "end": {
        "line": 40,
        "column": 24
      }
    },
    "val": "val",
    "key": "key",
    "code": "user"
  },
  {
    "type": "indent",
    "loc": {
      "filename": "/mnt/c/Users/neilj/Workspace/pug_dart/test/lexer/cases/each.else.pug",
      "start": {
        "line": 41,
        "column": 1
      },
      "end": {
        "line": 41,
        "column": 5
      }
    },
    "val": "4"
  },
  {
    "type": "tag",
    "loc": {
      "filename": "/mnt/c/Users/neilj/Workspace/pug_dart/test/lexer/cases/each.else.pug",
      "start": {
        "line": 41,
        "column": 5
      },
      "end": {
        "line": 41,
        "column": 7
      }
    },
    "val": "li"
  },
  {
    "type": "outdent",
    "loc": {
      "filename": "/mnt/c/Users/neilj/Workspace/pug_dart/test/lexer/cases/each.else.pug",
      "start": {
        "line": 42,
        "column": 1
      },
      "end": {
        "line": 42,
        "column": 3
      }
    }
  },
  {
    "type": "else",
    "loc": {
      "filename": "/mnt/c/Users/neilj/Workspace/pug_dart/test/lexer/cases/each.else.pug",
      "start": {
        "line": 42,
        "column": 3
      },
      "end": {
        "line": 42,
        "column": 7
      }
    },
    "val": ""
  },
  {
    "type": "indent",
    "loc": {
      "filename": "/mnt/c/Users/neilj/Workspace/pug_dart/test/lexer/cases/each.else.pug",
      "start": {
        "line": 43,
        "column": 1
      },
      "end": {
        "line": 43,
        "column": 5
      }
    },
    "val": "4"
  },
  {
    "type": "tag",
    "loc": {
      "filename": "/mnt/c/Users/neilj/Workspace/pug_dart/test/lexer/cases/each.else.pug",
      "start": {
        "line": 43,
        "column": 5
      },
      "end": {
        "line": 43,
        "column": 7
      }
    },
    "val": "li"
  },
  {
    "type": "outdent",
    "loc": {
      "filename": "/mnt/c/Users/neilj/Workspace/pug_dart/test/lexer/cases/each.else.pug",
      "start": {
        "line": 44,
        "column": 1
      },
      "end": {
        "line": 44,
        "column": 1
      }
    }
  },
  {
    "type": "outdent",
    "loc": {
      "filename": "/mnt/c/Users/neilj/Workspace/pug_dart/test/lexer/cases/each.else.pug",
      "start": {
        "line": 44,
        "column": 1
      },
      "end": {
        "line": 44,
        "column": 1
      }
    }
  },
  {
    "type": "outdent",
    "loc": {
      "filename": "/mnt/c/Users/neilj/Workspace/pug_dart/test/lexer/cases/each.else.pug",
      "start": {
        "line": 44,
        "column": 1
      },
      "end": {
        "line": 44,
        "column": 1
      }
    }
  },
  {
    "type": "eos",
    "loc": {
      "filename": "/mnt/c/Users/neilj/Workspace/pug_dart/test/lexer/cases/each.else.pug",
      "start": {
        "line": 44,
        "column": 1
      },
      "end": {
        "line": 44,
        "column": 1
      }
    }
  }
]