[
  {
    "type": "tag",
    "loc": {
      "filename": "/mnt/c/Users/neilj/Workspace/pug_dart/test/lexer/cases/escaping-class-attribute.pug",
      "start": {
        "line": 1,
        "column": 1
      },
      "end": {
        "line": 1,
        "column": 4
      }
    },
    "val": "foo"
  },
  {
    "type": "start-attributes",
    "loc": {
      "filename": "/mnt/c/Users/neilj/Workspace/pug_dart/test/lexer/cases/escaping-class-attribute.pug",
      "start": {
        "line": 1,
        "column": 4
      },
      "end": {
        "line": 1,
        "column": 5
      }
    }
  },
  {
    "type": "attribute",
    "loc": {
      "filename": "/mnt/c/Users/neilj/Workspace/pug_dart/test/lexer/cases/escaping-class-attribute.pug",
      "start": {
        "line": 1,
        "column": 5
      },
      "end": {
        "line": 1,
        "column": 22
      }
    },
    "val": "\"<%= bar %>\"",
    "mustEscape": true,
    "name": "attr"
  },
  {
    "type": "end-attributes",
    "loc": {
      "filename": "/mnt/c/Users/neilj/Workspace/pug_dart/test/lexer/cases/escaping-class-attribute.pug",
      "start": {
        "line": 1,
        "column": 22
      },
      "end": {
        "line": 1,
        "column": 23
      }
    }
  },
  {
    "type": "newline",
    "loc": {
      "filename": "/mnt/c/Users/neilj/Workspace/pug_dart/test/lexer/cases/escaping-class-attribute.pug",
      "start": {
        "line": 2,
        "column": 1
      },
      "end": {
        "line": 2,
        "column": 1
      }
    }
  },
  {
    "type": "tag",
    "loc": {
      "filename": "/mnt/c/Users/neilj/Workspace/pug_dart/test/lexer/cases/escaping-class-attribute.pug",
      "start": {
        "line": 2,
        "column": 1
      },
      "end": {
        "line": 2,
        "column": 4
      }
    },
    "val": "foo"
  },
  {
    "type": "start-attributes",
    "loc": {
      "filename": "/mnt/c/Users/neilj/Workspace/pug_dart/test/lexer/cases/escaping-class-attribute.pug",
      "start": {
        "line": 2,
        "column": 4
      },
      "end": {
        "line": 2,
        "column": 5
      }
    }
  },
  {
    "type": "attribute",
    "loc": {
      "filename": "/mnt/c/Users/neilj/Workspace/pug_dart/test/lexer/cases/escaping-class-attribute.pug",
      "start": {
        "line": 2,
        "column": 5
      },
      "end": {
        "line": 2,
        "column": 23
      }
    },
    "val": "\"<%= bar %>\"",
    "mustEscape": true,
    "name": "class"
  },
  {
    "type": "end-attributes",
    "loc": {
      "filename": "/mnt/c/Users/neilj/Workspace/pug_dart/test/lexer/cases/escaping-class-attribute.pug",
      "start": {
        "line": 2,
        "column": 23
      },
      "end": {
        "line": 2,
        "column": 24
      }
    }
  },
  {
    "type": "newline",
    "loc": {
      "filename": "/mnt/c/Users/neilj/Workspace/pug_dart/test/lexer/cases/escaping-class-attribute.pug",
      "start": {
        "line": 3,
        "column": 1
      },
      "end": {
        "line": 3,
        "column": 1
      }
    }
  },
  {
    "type": "tag",
    "loc": {
      "filename": "/mnt/c/Users/neilj/Workspace/pug_dart/test/lexer/cases/escaping-class-attribute.pug",
      "start": {
        "line": 3,
        "column": 1
      },
      "end": {
        "line": 3,
        "column": 4
      }
    },
    "val": "foo"
  },
  {
    "type": "start-attributes",
    "loc": {
      "filename": "/mnt/c/Users/neilj/Workspace/pug_dart/test/lexer/cases/escaping-class-attribute.pug",
      "start": {
        "line": 3,
        "column": 4
      },
      "end": {
        "line": 3,
        "column": 5
      }
    }
  },
  {
    "type": "attribute",
    "loc": {
      "filename": "/mnt/c/Users/neilj/Workspace/pug_dart/test/lexer/cases/escaping-class-attribute.pug",
      "start": {
        "line": 3,
        "column": 5
      },
      "end": {
        "line": 3,
        "column": 23
      }
    },
    "val": "\"<%= bar %>\"",
    "mustEscape": false,
    "name": "attr"
  },
  {
    "type": "end-attributes",
    "loc": {
      "filename": "/mnt/c/Users/neilj/Workspace/pug_dart/test/lexer/cases/escaping-class-attribute.pug",
      "start": {
        "line": 3,
        "column": 23
      },
      "end": {
        "line": 3,
        "column": 24
      }
    }
  },
  {
    "type": "newline",
    "loc": {
      "filename": "/mnt/c/Users/neilj/Workspace/pug_dart/test/lexer/cases/escaping-class-attribute.pug",
      "start": {
        "line": 4,
        "column": 1
      },
      "end": {
        "line": 4,
        "column": 1
      }
    }
  },
  {
    "type": "tag",
    "loc": {
      "filename": "/mnt/c/Users/neilj/Workspace/pug_dart/test/lexer/cases/escaping-class-attribute.pug",
      "start": {
        "line": 4,
        "column": 1
      },
      "end": {
        "line": 4,
        "column": 4
      }
    },
    "val": "foo"
  },
  {
    "type": "start-attributes",
    "loc": {
      "filename": "/mnt/c/Users/neilj/Workspace/pug_dart/test/lexer/cases/escaping-class-attribute.pug",
      "start": {
        "line": 4,
        "column": 4
      },
      "end": {
        "line": 4,
        "column": 5
      }
    }
  },
  {
    "type": "attribute",
    "loc": {
      "filename": "/mnt/c/Users/neilj/Workspace/pug_dart/test/lexer/cases/escaping-class-attribute.pug",
      "start": {
        "line": 4,
        "column": 5
      },
      "end": {
        "line": 4,
        "column": 24
      }
    },
    "val": "\"<%= bar %>\"",
    "mustEscape": false,
    "name": "class"
  },
  {
    "type": "end-attributes",
    "loc": {
      "filename": "/mnt/c/Users/neilj/Workspace/pug_dart/test/lexer/cases/escaping-class-attribute.pug",
      "start": {
        "line": 4,
        "column": 24
      },
      "end": {
        "line": 4,
        "column": 25
      }
    }
  },
  {
    "type": "newline",
    "loc": {
      "filename": "/mnt/c/Users/neilj/Workspace/pug_dart/test/lexer/cases/escaping-class-attribute.pug",
      "start": {
        "line": 5,
        "column": 1
      },
      "end": {
        "line": 5,
        "column": 1
      }
    }
  },
  {
    "type": "tag",
    "loc": {
      "filename": "/mnt/c/Users/neilj/Workspace/pug_dart/test/lexer/cases/escaping-class-attribute.pug",
      "start": {
        "line": 5,
        "column": 1
      },
      "end": {
        "line": 5,
        "column": 4
      }
    },
    "val": "foo"
  },
  {
    "type": "start-attributes",
    "loc": {
      "filename": "/mnt/c/Users/neilj/Workspace/pug_dart/test/lexer/cases/escaping-class-attribute.pug",
      "start": {
        "line": 5,
        "column": 4
      },
      "end": {
        "line": 5,
        "column": 5
      }
    }
  },
  {
    "type": "attribute",
    "loc": {
      "filename": "/mnt/c/Users/neilj/Workspace/pug_dart/test/lexer/cases/escaping-class-attribute.pug",
      "start": {
        "line": 5,
        "column": 5
      },
      "end": {
        "line": 5,
        "column": 33
      }
    },
    "val": "\"<%= bar %> lol rofl\"",
    "mustEscape": false,
    "name": "class"
  },
  {
    "type": "end-attributes",
    "loc": {
      "filename": "/mnt/c/Users/neilj/Workspace/pug_dart/test/lexer/cases/escaping-class-attribute.pug",
      "start": {
        "line": 5,
        "column": 33
      },
      "end": {
        "line": 5,
        "column": 34
      }
    }
  },
  {
    "type": "newline",
    "loc": {
      "filename": "/mnt/c/Users/neilj/Workspace/pug_dart/test/lexer/cases/escaping-class-attribute.pug",
      "start": {
        "line": 6,
        "column": 1
      },
      "end": {
        "line": 6,
        "column": 1
      }
    }
  },
  {
    "type": "tag",
    "loc": {
      "filename": "/mnt/c/Users/neilj/Workspace/pug_dart/test/lexer/cases/escaping-class-attribute.pug",
      "start": {
        "line": 6,
        "column": 1
      },
      "end": {
        "line": 6,
        "column": 4
      }
    },
    "val": "foo"
  },
  {
    "type": "start-attributes",
    "loc": {
      "filename": "/mnt/c/Users/neilj/Workspace/pug_dart/test/lexer/cases/escaping-class-attribute.pug",
      "start": {
        "line": 6,
        "column": 4
      },
      "end": {
        "line": 6,
        "column": 5
      }
    }
  },
  {
    "type": "attribute",
    "loc": {
      "filename": "/mnt/c/Users/neilj/Workspace/pug_dart/test/lexer/cases/escaping-class-attribute.pug",
      "start": {
        "line": 6,
        "column": 5
      },
      "end": {
        "line": 6,
        "column": 45
      }
    },
    "val": "\"<%= bar %> lol rofl <%= lmao %>\"",
    "mustEscape": false,
    "name": "class"
  },
  {
    "type": "end-attributes",
    "loc": {
      "filename": "/mnt/c/Users/neilj/Workspace/pug_dart/test/lexer/cases/escaping-class-attribute.pug",
      "start": {
        "line": 6,
        "column": 45
      },
      "end": {
        "line": 6,
        "column": 46
      }
    }
  },
  {
    "type": "newline",
    "loc": {
      "filename": "/mnt/c/Users/neilj/Workspace/pug_dart/test/lexer/cases/escaping-class-attribute.pug",
      "start": {
        "line": 7,
        "column": 1
      },
      "end": {
        "line": 7,
        "column": 1
      }
    }
  },
  {
    "type": "outdent",
    "loc": {
      "filename": "/mnt/c/Users/neilj/Workspace/pug_dart/test/lexer/cases/escaping-class-attribute.pug",
      "start": {
        "line": 7,
        "column": 1
      },
      "end": {
        "line": 7,
        "column": 1
      }
    }
  },
  {
    "type": "eos",
    "loc": {
      "filename": "/mnt/c/Users/neilj/Workspace/pug_dart/test/lexer/cases/escaping-class-attribute.pug",
      "start": {
        "line": 7,
        "column": 1
      },
      "end": {
        "line": 7,
        "column": 1
      }
    }
  }
]