[{"type":"tag","loc":{"filename":"/mnt/c/Users/neilj/Workspace/pug_dart/test/lexer/cases/filters.include.custom.pug","start":{"line":1,"column":1},"end":{"line":1,"column":5}},"val":"html"},{"type":"indent","loc":{"filename":"/mnt/c/Users/neilj/Workspace/pug_dart/test/lexer/cases/filters.include.custom.pug","start":{"line":2,"column":1},"end":{"line":2,"column":3}},"val":"2"},{"type":"tag","loc":{"filename":"/mnt/c/Users/neilj/Workspace/pug_dart/test/lexer/cases/filters.include.custom.pug","start":{"line":2,"column":3},"end":{"line":2,"column":7}},"val":"body"},{"type":"indent","loc":{"filename":"/mnt/c/Users/neilj/Workspace/pug_dart/test/lexer/cases/filters.include.custom.pug","start":{"line":3,"column":1},"end":{"line":3,"column":5}},"val":"4"},{"type":"tag","loc":{"filename":"/mnt/c/Users/neilj/Workspace/pug_dart/test/lexer/cases/filters.include.custom.pug","start":{"line":3,"column":5},"end":{"line":3,"column":8}},"val":"pre"},{"type":"indent","loc":{"filename":"/mnt/c/Users/neilj/Workspace/pug_dart/test/lexer/cases/filters.include.custom.pug","start":{"line":4,"column":1},"end":{"line":4,"column":7}},"val":"6"},{"type":"include","loc":{"filename":"/mnt/c/Users/neilj/Workspace/pug_dart/test/lexer/cases/filters.include.custom.pug","start":{"line":4,"column":7},"end":{"line":4,"column":14}}},{"type":"filter","loc":{"filename":"/mnt/c/Users/neilj/Workspace/pug_dart/test/lexer/cases/filters.include.custom.pug","start":{"line":4,"column":14},"end":{"line":4,"column":21}},"val":"custom"},{"type":"start-attributes","loc":{"filename":"/mnt/c/Users/neilj/Workspace/pug_dart/test/lexer/cases/filters.include.custom.pug","start":{"line":4,"column":21},"end":{"line":4,"column":22}}},{"type":"attribute","loc":{"filename":"/mnt/c/Users/neilj/Workspace/pug_dart/test/lexer/cases/filters.include.custom.pug","start":{"line":4,"column":22},"end":{"line":4,"column":31}},"val":"'val'","mustEscape":true,"name":"opt"},{"type":"attribute","loc":{"filename":"/mnt/c/Users/neilj/Workspace/pug_dart/test/lexer/cases/filters.include.custom.pug","start":{"line":4,"column":32},"end":{"line":4,"column":37}},"val":"2","mustEscape":true,"name":"num"},{"type":"end-attributes","loc":{"filename":"/mnt/c/Users/neilj/Workspace/pug_dart/test/lexer/cases/filters.include.custom.pug","start":{"line":4,"column":37},"end":{"line":4,"column":38}}},{"type":"path","loc":{"filename":"/mnt/c/Users/neilj/Workspace/pug_dart/test/lexer/cases/filters.include.custom.pug","start":{"line":4,"column":39},"end":{"line":4,"column":65}},"val":"filters.include.custom.pug"},{"type":"outdent","loc":{"filename":"/mnt/c/Users/neilj/Workspace/pug_dart/test/lexer/cases/filters.include.custom.pug","start":{"line":5,"column":1},"end":{"line":5,"column":1}}},{"type":"outdent","loc":{"filename":"/mnt/c/Users/neilj/Workspace/pug_dart/test/lexer/cases/filters.include.custom.pug","start":{"line":5,"column":1},"end":{"line":5,"column":1}}},{"type":"outdent","loc":{"filename":"/mnt/c/Users/neilj/Workspace/pug_dart/test/lexer/cases/filters.include.custom.pug","start":{"line":5,"column":1},"end":{"line":5,"column":1}}},{"type":"eos","loc":{"filename":"/mnt/c/Users/neilj/Workspace/pug_dart/test/lexer/cases/filters.include.custom.pug","start":{"line":5,"column":1},"end":{"line":5,"column":1}}}]