[
  {
    "type": "tag",
    "loc": {
      "filename": "/mnt/c/Users/neilj/Workspace/pug_dart/test/lexer/cases/filters.coffeescript.pug",
      "start": {
        "line": 1,
        "column": 1
      },
      "end": {
        "line": 1,
        "column": 7
      }
    },
    "val": "script"
  },
  {
    "type": "start-attributes",
    "loc": {
      "filename": "/mnt/c/Users/neilj/Workspace/pug_dart/test/lexer/cases/filters.coffeescript.pug",
      "start": {
        "line": 1,
        "column": 7
      },
      "end": {
        "line": 1,
        "column": 8
      }
    }
  },
  {
    "type": "attribute",
    "loc": {
      "filename": "/mnt/c/Users/neilj/Workspace/pug_dart/test/lexer/cases/filters.coffeescript.pug",
      "start": {
        "line": 1,
        "column": 8
      },
      "end": {
        "line": 1,
        "column": 30
      }
    },
    "val": "'text/javascript'",
    "mustEscape": true,
    "name": "type"
  },
  {
    "type": "end-attributes",
    "loc": {
      "filename": "/mnt/c/Users/neilj/Workspace/pug_dart/test/lexer/cases/filters.coffeescript.pug",
      "start": {
        "line": 1,
        "column": 30
      },
      "end": {
        "line": 1,
        "column": 31
      }
    }
  },
  {
    "type": "indent",
    "loc": {
      "filename": "/mnt/c/Users/neilj/Workspace/pug_dart/test/lexer/cases/filters.coffeescript.pug",
      "start": {
        "line": 2,
        "column": 1
      },
      "end": {
        "line": 2,
        "column": 3
      }
    },
    "val": "2"
  },
  {
    "type": "filter",
    "loc": {
      "filename": "/mnt/c/Users/neilj/Workspace/pug_dart/test/lexer/cases/filters.coffeescript.pug",
      "start": {
        "line": 2,
        "column": 3
      },
      "end": {
        "line": 2,
        "column": 17
      }
    },
    "val": "coffee-script"
  },
  {
    "type": "start-pipeless-text",
    "loc": {
      "filename": "/mnt/c/Users/neilj/Workspace/pug_dart/test/lexer/cases/filters.coffeescript.pug",
      "start": {
        "line": 2,
        "column": 17
      },
      "end": {
        "line": 2,
        "column": 17
      }
    }
  },
  {
    "type": "end-pipeless-text",
    "loc": {
      "filename": "/mnt/c/Users/neilj/Workspace/pug_dart/test/lexer/cases/filters.coffeescript.pug",
      "start": {
        "line": 3,
        "column": 5
      },
      "end": {
        "line": 3,
        "column": 5
      }
    }
  },
  {
    "type": "newline",
    "loc": {
      "filename": "/mnt/c/Users/neilj/Workspace/pug_dart/test/lexer/cases/filters.coffeescript.pug",
      "start": {
        "line": 4,
        "column": 1
      },
      "end": {
        "line": 4,
        "column": 3
      }
    }
  },
  {
    "type": "filter",
    "loc": {
      "filename": "/mnt/c/Users/neilj/Workspace/pug_dart/test/lexer/cases/filters.coffeescript.pug",
      "start": {
        "line": 4,
        "column": 3
      },
      "end": {
        "line": 4,
        "column": 17
      }
    },
    "val": "coffee-script"
  },
  {
    "type": "start-attributes",
    "loc": {
      "filename": "/mnt/c/Users/neilj/Workspace/pug_dart/test/lexer/cases/filters.coffeescript.pug",
      "start": {
        "line": 4,
        "column": 17
      },
      "end": {
        "line": 4,
        "column": 18
      }
    }
  },
  {
    "type": "attribute",
    "loc": {
      "filename": "/mnt/c/Users/neilj/Workspace/pug_dart/test/lexer/cases/filters.coffeescript.pug",
      "start": {
        "line": 4,
        "column": 18
      },
      "end": {
        "line": 4,
        "column": 29
      }
    },
    "val": "true",
    "mustEscape": true,
    "name": "minify"
  },
  {
    "type": "end-attributes",
    "loc": {
      "filename": "/mnt/c/Users/neilj/Workspace/pug_dart/test/lexer/cases/filters.coffeescript.pug",
      "start": {
        "line": 4,
        "column": 29
      },
      "end": {
        "line": 4,
        "column": 30
      }
    }
  },
  {
    "type": "start-pipeless-text",
    "loc": {
      "filename": "/mnt/c/Users/neilj/Workspace/pug_dart/test/lexer/cases/filters.coffeescript.pug",
      "start": {
        "line": 4,
        "column": 30
      },
      "end": {
        "line": 4,
        "column": 30
      }
    }
  },
  {
    "type": "newline",
    "loc": {
      "filename": "/mnt/c/Users/neilj/Workspace/pug_dart/test/lexer/cases/filters.coffeescript.pug",
      "start": {
        "line": 6,
        "column": 1
      },
      "end": {
        "line": 6,
        "column": 5
      }
    }
  },
  {
    "type": "end-pipeless-text",
    "loc": {
      "filename": "/mnt/c/Users/neilj/Workspace/pug_dart/test/lexer/cases/filters.coffeescript.pug",
      "start": {
        "line": 6,
        "column": 5
      },
      "end": {
        "line": 6,
        "column": 5
      }
    }
  },
  {
    "type": "outdent",
    "loc": {
      "filename": "/mnt/c/Users/neilj/Workspace/pug_dart/test/lexer/cases/filters.coffeescript.pug",
      "start": {
        "line": 6,
        "column": 5
      },
      "end": {
        "line": 6,
        "column": 5
      }
    }
  },
  {
    "type": "eos",
    "loc": {
      "filename": "/mnt/c/Users/neilj/Workspace/pug_dart/test/lexer/cases/filters.coffeescript.pug",
      "start": {
        "line": 6,
        "column": 5
      },
      "end": {
        "line": 6,
        "column": 5
      }
    }
  }
]