[
  {
    "type": "include",
    "loc": {
      "filename": "/mnt/c/Users/neilj/Workspace/pug_dart/test/lexer/cases/include-extends-from-root.pug",
      "start": {
        "line": 1,
        "column": 1
      },
      "end": {
        "line": 1,
        "column": 8
      }
    }
  },
  {
    "type": "path",
    "loc": {
      "filename": "/mnt/c/Users/neilj/Workspace/pug_dart/test/lexer/cases/include-extends-from-root.pug",
      "start": {
        "line": 1,
        "column": 9
      },
      "end": {
        "line": 1,
        "column": 41
      }
    },
    "val": "/auxiliary/extends-from-root.pug"
  },
  {
    "type": "newline",
    "loc": {
      "filename": "/mnt/c/Users/neilj/Workspace/pug_dart/test/lexer/cases/include-extends-from-root.pug",
      "start": {
        "line": 2,
        "column": 1
      },
      "end": {
        "line": 2,
        "column": 1
      }
    }
  },
  {
    "type": "eos",
    "loc": {
      "filename": "/mnt/c/Users/neilj/Workspace/pug_dart/test/lexer/cases/include-extends-from-root.pug",
      "start": {
        "line": 2,
        "column": 1
      },
      "end": {
        "line": 2,
        "column": 1
      }
    }
  }
]