[
  {
    "type": "newline",
    "loc": {
      "filename": "/mnt/c/Users/neilj/Workspace/pug_dart/test/lexer/cases/mixin.blocks.pug",
      "start": {
        "line": 3,
        "column": 1
      },
      "end": {
        "line": 3,
        "column": 1
      }
    }
  },
  {
    "type": "mixin",
    "loc": {
      "filename": "/mnt/c/Users/neilj/Workspace/pug_dart/test/lexer/cases/mixin.blocks.pug",
      "start": {
        "line": 3,
        "column": 1
      },
      "end": {
        "line": 3,
        "column": 27
      }
    },
    "val": "form",
    "args": "method, action"
  },
  {
    "type": "indent",
    "loc": {
      "filename": "/mnt/c/Users/neilj/Workspace/pug_dart/test/lexer/cases/mixin.blocks.pug",
      "start": {
        "line": 4,
        "column": 1
      },
      "end": {
        "line": 4,
        "column": 3
      }
    },
    "val": "2"
  },
  {
    "type": "tag",
    "loc": {
      "filename": "/mnt/c/Users/neilj/Workspace/pug_dart/test/lexer/cases/mixin.blocks.pug",
      "start": {
        "line": 4,
        "column": 3
      },
      "end": {
        "line": 4,
        "column": 7
      }
    },
    "val": "form"
  },
  {
    "type": "start-attributes",
    "loc": {
      "filename": "/mnt/c/Users/neilj/Workspace/pug_dart/test/lexer/cases/mixin.blocks.pug",
      "start": {
        "line": 4,
        "column": 7
      },
      "end": {
        "line": 4,
        "column": 8
      }
    }
  },
  {
    "type": "attribute",
    "loc": {
      "filename": "/mnt/c/Users/neilj/Workspace/pug_dart/test/lexer/cases/mixin.blocks.pug",
      "start": {
        "line": 4,
        "column": 8
      },
      "end": {
        "line": 4,
        "column": 21
      }
    },
    "val": "method",
    "mustEscape": true,
    "name": "method"
  },
  {
    "type": "attribute",
    "loc": {
      "filename": "/mnt/c/Users/neilj/Workspace/pug_dart/test/lexer/cases/mixin.blocks.pug",
      "start": {
        "line": 4,
        "column": 23
      },
      "end": {
        "line": 4,
        "column": 36
      }
    },
    "val": "action",
    "mustEscape": true,
    "name": "action"
  },
  {
    "type": "end-attributes",
    "loc": {
      "filename": "/mnt/c/Users/neilj/Workspace/pug_dart/test/lexer/cases/mixin.blocks.pug",
      "start": {
        "line": 4,
        "column": 36
      },
      "end": {
        "line": 4,
        "column": 37
      }
    }
  },
  {
    "type": "indent",
    "loc": {
      "filename": "/mnt/c/Users/neilj/Workspace/pug_dart/test/lexer/cases/mixin.blocks.pug",
      "start": {
        "line": 5,
        "column": 1
      },
      "end": {
        "line": 5,
        "column": 5
      }
    },
    "val": "4"
  },
  {
    "type": "code",
    "loc": {
      "filename": "/mnt/c/Users/neilj/Workspace/pug_dart/test/lexer/cases/mixin.blocks.pug",
      "start": {
        "line": 5,
        "column": 5
      },
      "end": {
        "line": 5,
        "column": 44
      }
    },
    "val": "var csrf_token_from_somewhere = 'hey'",
    "buffer": false,
    "mustEscape": false
  },
  {
    "type": "newline",
    "loc": {
      "filename": "/mnt/c/Users/neilj/Workspace/pug_dart/test/lexer/cases/mixin.blocks.pug",
      "start": {
        "line": 6,
        "column": 1
      },
      "end": {
        "line": 6,
        "column": 5
      }
    }
  },
  {
    "type": "tag",
    "loc": {
      "filename": "/mnt/c/Users/neilj/Workspace/pug_dart/test/lexer/cases/mixin.blocks.pug",
      "start": {
        "line": 6,
        "column": 5
      },
      "end": {
        "line": 6,
        "column": 10
      }
    },
    "val": "input"
  },
  {
    "type": "start-attributes",
    "loc": {
      "filename": "/mnt/c/Users/neilj/Workspace/pug_dart/test/lexer/cases/mixin.blocks.pug",
      "start": {
        "line": 6,
        "column": 10
      },
      "end": {
        "line": 6,
        "column": 11
      }
    }
  },
  {
    "type": "attribute",
    "loc": {
      "filename": "/mnt/c/Users/neilj/Workspace/pug_dart/test/lexer/cases/mixin.blocks.pug",
      "start": {
        "line": 6,
        "column": 11
      },
      "end": {
        "line": 6,
        "column": 24
      }
    },
    "val": "'hidden'",
    "mustEscape": true,
    "name": "type"
  },
  {
    "type": "attribute",
    "loc": {
      "filename": "/mnt/c/Users/neilj/Workspace/pug_dart/test/lexer/cases/mixin.blocks.pug",
      "start": {
        "line": 6,
        "column": 26
      },
      "end": {
        "line": 6,
        "column": 38
      }
    },
    "val": "'_csrf'",
    "mustEscape": true,
    "name": "name"
  },
  {
    "type": "attribute",
    "loc": {
      "filename": "/mnt/c/Users/neilj/Workspace/pug_dart/test/lexer/cases/mixin.blocks.pug",
      "start": {
        "line": 6,
        "column": 40
      },
      "end": {
        "line": 6,
        "column": 71
      }
    },
    "val": "csrf_token_from_somewhere",
    "mustEscape": true,
    "name": "value"
  },
  {
    "type": "end-attributes",
    "loc": {
      "filename": "/mnt/c/Users/neilj/Workspace/pug_dart/test/lexer/cases/mixin.blocks.pug",
      "start": {
        "line": 6,
        "column": 71
      },
      "end": {
        "line": 6,
        "column": 72
      }
    }
  },
  {
    "type": "newline",
    "loc": {
      "filename": "/mnt/c/Users/neilj/Workspace/pug_dart/test/lexer/cases/mixin.blocks.pug",
      "start": {
        "line": 7,
        "column": 1
      },
      "end": {
        "line": 7,
        "column": 5
      }
    }
  },
  {
    "type": "mixin-block",
    "loc": {
      "filename": "/mnt/c/Users/neilj/Workspace/pug_dart/test/lexer/cases/mixin.blocks.pug",
      "start": {
        "line": 7,
        "column": 5
      },
      "end": {
        "line": 7,
        "column": 10
      }
    }
  },
  {
    "type": "outdent",
    "loc": {
      "filename": "/mnt/c/Users/neilj/Workspace/pug_dart/test/lexer/cases/mixin.blocks.pug",
      "start": {
        "line": 9,
        "column": 1
      },
      "end": {
        "line": 9,
        "column": 1
      }
    }
  },
  {
    "type": "outdent",
    "loc": {
      "filename": "/mnt/c/Users/neilj/Workspace/pug_dart/test/lexer/cases/mixin.blocks.pug",
      "start": {
        "line": 9,
        "column": 1
      },
      "end": {
        "line": 9,
        "column": 1
      }
    }
  },
  {
    "type": "tag",
    "loc": {
      "filename": "/mnt/c/Users/neilj/Workspace/pug_dart/test/lexer/cases/mixin.blocks.pug",
      "start": {
        "line": 9,
        "column": 1
      },
      "end": {
        "line": 9,
        "column": 5
      }
    },
    "val": "html"
  },
  {
    "type": "indent",
    "loc": {
      "filename": "/mnt/c/Users/neilj/Workspace/pug_dart/test/lexer/cases/mixin.blocks.pug",
      "start": {
        "line": 10,
        "column": 1
      },
      "end": {
        "line": 10,
        "column": 3
      }
    },
    "val": "2"
  },
  {
    "type": "tag",
    "loc": {
      "filename": "/mnt/c/Users/neilj/Workspace/pug_dart/test/lexer/cases/mixin.blocks.pug",
      "start": {
        "line": 10,
        "column": 3
      },
      "end": {
        "line": 10,
        "column": 7
      }
    },
    "val": "body"
  },
  {
    "type": "indent",
    "loc": {
      "filename": "/mnt/c/Users/neilj/Workspace/pug_dart/test/lexer/cases/mixin.blocks.pug",
      "start": {
        "line": 11,
        "column": 1
      },
      "end": {
        "line": 11,
        "column": 5
      }
    },
    "val": "4"
  },
  {
    "type": "call",
    "loc": {
      "filename": "/mnt/c/Users/neilj/Workspace/pug_dart/test/lexer/cases/mixin.blocks.pug",
      "start": {
        "line": 11,
        "column": 5
      },
      "end": {
        "line": 11,
        "column": 28
      }
    },
    "val": "form",
    "args": "'GET', '/search'"
  },
  {
    "type": "indent",
    "loc": {
      "filename": "/mnt/c/Users/neilj/Workspace/pug_dart/test/lexer/cases/mixin.blocks.pug",
      "start": {
        "line": 12,
        "column": 1
      },
      "end": {
        "line": 12,
        "column": 7
      }
    },
    "val": "6"
  },
  {
    "type": "tag",
    "loc": {
      "filename": "/mnt/c/Users/neilj/Workspace/pug_dart/test/lexer/cases/mixin.blocks.pug",
      "start": {
        "line": 12,
        "column": 7
      },
      "end": {
        "line": 12,
        "column": 12
      }
    },
    "val": "input"
  },
  {
    "type": "start-attributes",
    "loc": {
      "filename": "/mnt/c/Users/neilj/Workspace/pug_dart/test/lexer/cases/mixin.blocks.pug",
      "start": {
        "line": 12,
        "column": 12
      },
      "end": {
        "line": 12,
        "column": 13
      }
    }
  },
  {
    "type": "attribute",
    "loc": {
      "filename": "/mnt/c/Users/neilj/Workspace/pug_dart/test/lexer/cases/mixin.blocks.pug",
      "start": {
        "line": 12,
        "column": 13
      },
      "end": {
        "line": 12,
        "column": 24
      }
    },
    "val": "'text'",
    "mustEscape": true,
    "name": "type"
  },
  {
    "type": "attribute",
    "loc": {
      "filename": "/mnt/c/Users/neilj/Workspace/pug_dart/test/lexer/cases/mixin.blocks.pug",
      "start": {
        "line": 12,
        "column": 26
      },
      "end": {
        "line": 12,
        "column": 38
      }
    },
    "val": "'query'",
    "mustEscape": true,
    "name": "name"
  },
  {
    "type": "attribute",
    "loc": {
      "filename": "/mnt/c/Users/neilj/Workspace/pug_dart/test/lexer/cases/mixin.blocks.pug",
      "start": {
        "line": 12,
        "column": 40
      },
      "end": {
        "line": 12,
        "column": 60
      }
    },
    "val": "'Search'",
    "mustEscape": true,
    "name": "placeholder"
  },
  {
    "type": "end-attributes",
    "loc": {
      "filename": "/mnt/c/Users/neilj/Workspace/pug_dart/test/lexer/cases/mixin.blocks.pug",
      "start": {
        "line": 12,
        "column": 60
      },
      "end": {
        "line": 12,
        "column": 61
      }
    }
  },
  {
    "type": "newline",
    "loc": {
      "filename": "/mnt/c/Users/neilj/Workspace/pug_dart/test/lexer/cases/mixin.blocks.pug",
      "start": {
        "line": 13,
        "column": 1
      },
      "end": {
        "line": 13,
        "column": 7
      }
    }
  },
  {
    "type": "tag",
    "loc": {
      "filename": "/mnt/c/Users/neilj/Workspace/pug_dart/test/lexer/cases/mixin.blocks.pug",
      "start": {
        "line": 13,
        "column": 7
      },
      "end": {
        "line": 13,
        "column": 12
      }
    },
    "val": "input"
  },
  {
    "type": "start-attributes",
    "loc": {
      "filename": "/mnt/c/Users/neilj/Workspace/pug_dart/test/lexer/cases/mixin.blocks.pug",
      "start": {
        "line": 13,
        "column": 12
      },
      "end": {
        "line": 13,
        "column": 13
      }
    }
  },
  {
    "type": "attribute",
    "loc": {
      "filename": "/mnt/c/Users/neilj/Workspace/pug_dart/test/lexer/cases/mixin.blocks.pug",
      "start": {
        "line": 13,
        "column": 13
      },
      "end": {
        "line": 13,
        "column": 26
      }
    },
    "val": "'submit'",
    "mustEscape": true,
    "name": "type"
  },
  {
    "type": "attribute",
    "loc": {
      "filename": "/mnt/c/Users/neilj/Workspace/pug_dart/test/lexer/cases/mixin.blocks.pug",
      "start": {
        "line": 13,
        "column": 28
      },
      "end": {
        "line": 13,
        "column": 42
      }
    },
    "val": "'Search'",
    "mustEscape": true,
    "name": "value"
  },
  {
    "type": "end-attributes",
    "loc": {
      "filename": "/mnt/c/Users/neilj/Workspace/pug_dart/test/lexer/cases/mixin.blocks.pug",
      "start": {
        "line": 13,
        "column": 42
      },
      "end": {
        "line": 13,
        "column": 43
      }
    }
  },
  {
    "type": "outdent",
    "loc": {
      "filename": "/mnt/c/Users/neilj/Workspace/pug_dart/test/lexer/cases/mixin.blocks.pug",
      "start": {
        "line": 15,
        "column": 1
      },
      "end": {
        "line": 15,
        "column": 1
      }
    }
  },
  {
    "type": "outdent",
    "loc": {
      "filename": "/mnt/c/Users/neilj/Workspace/pug_dart/test/lexer/cases/mixin.blocks.pug",
      "start": {
        "line": 15,
        "column": 1
      },
      "end": {
        "line": 15,
        "column": 1
      }
    }
  },
  {
    "type": "outdent",
    "loc": {
      "filename": "/mnt/c/Users/neilj/Workspace/pug_dart/test/lexer/cases/mixin.blocks.pug",
      "start": {
        "line": 15,
        "column": 1
      },
      "end": {
        "line": 15,
        "column": 1
      }
    }
  },
  {
    "type": "tag",
    "loc": {
      "filename": "/mnt/c/Users/neilj/Workspace/pug_dart/test/lexer/cases/mixin.blocks.pug",
      "start": {
        "line": 15,
        "column": 1
      },
      "end": {
        "line": 15,
        "column": 5
      }
    },
    "val": "html"
  },
  {
    "type": "indent",
    "loc": {
      "filename": "/mnt/c/Users/neilj/Workspace/pug_dart/test/lexer/cases/mixin.blocks.pug",
      "start": {
        "line": 16,
        "column": 1
      },
      "end": {
        "line": 16,
        "column": 3
      }
    },
    "val": "2"
  },
  {
    "type": "tag",
    "loc": {
      "filename": "/mnt/c/Users/neilj/Workspace/pug_dart/test/lexer/cases/mixin.blocks.pug",
      "start": {
        "line": 16,
        "column": 3
      },
      "end": {
        "line": 16,
        "column": 7
      }
    },
    "val": "body"
  },
  {
    "type": "indent",
    "loc": {
      "filename": "/mnt/c/Users/neilj/Workspace/pug_dart/test/lexer/cases/mixin.blocks.pug",
      "start": {
        "line": 17,
        "column": 1
      },
      "end": {
        "line": 17,
        "column": 5
      }
    },
    "val": "4"
  },
  {
    "type": "call",
    "loc": {
      "filename": "/mnt/c/Users/neilj/Workspace/pug_dart/test/lexer/cases/mixin.blocks.pug",
      "start": {
        "line": 17,
        "column": 5
      },
      "end": {
        "line": 17,
        "column": 29
      }
    },
    "val": "form",
    "args": "'POST', '/search'"
  },
  {
    "type": "indent",
    "loc": {
      "filename": "/mnt/c/Users/neilj/Workspace/pug_dart/test/lexer/cases/mixin.blocks.pug",
      "start": {
        "line": 18,
        "column": 1
      },
      "end": {
        "line": 18,
        "column": 7
      }
    },
    "val": "6"
  },
  {
    "type": "tag",
    "loc": {
      "filename": "/mnt/c/Users/neilj/Workspace/pug_dart/test/lexer/cases/mixin.blocks.pug",
      "start": {
        "line": 18,
        "column": 7
      },
      "end": {
        "line": 18,
        "column": 12
      }
    },
    "val": "input"
  },
  {
    "type": "start-attributes",
    "loc": {
      "filename": "/mnt/c/Users/neilj/Workspace/pug_dart/test/lexer/cases/mixin.blocks.pug",
      "start": {
        "line": 18,
        "column": 12
      },
      "end": {
        "line": 18,
        "column": 13
      }
    }
  },
  {
    "type": "attribute",
    "loc": {
      "filename": "/mnt/c/Users/neilj/Workspace/pug_dart/test/lexer/cases/mixin.blocks.pug",
      "start": {
        "line": 18,
        "column": 13
      },
      "end": {
        "line": 18,
        "column": 24
      }
    },
    "val": "'text'",
    "mustEscape": true,
    "name": "type"
  },
  {
    "type": "attribute",
    "loc": {
      "filename": "/mnt/c/Users/neilj/Workspace/pug_dart/test/lexer/cases/mixin.blocks.pug",
      "start": {
        "line": 18,
        "column": 26
      },
      "end": {
        "line": 18,
        "column": 38
      }
    },
    "val": "'query'",
    "mustEscape": true,
    "name": "name"
  },
  {
    "type": "attribute",
    "loc": {
      "filename": "/mnt/c/Users/neilj/Workspace/pug_dart/test/lexer/cases/mixin.blocks.pug",
      "start": {
        "line": 18,
        "column": 40
      },
      "end": {
        "line": 18,
        "column": 60
      }
    },
    "val": "'Search'",
    "mustEscape": true,
    "name": "placeholder"
  },
  {
    "type": "end-attributes",
    "loc": {
      "filename": "/mnt/c/Users/neilj/Workspace/pug_dart/test/lexer/cases/mixin.blocks.pug",
      "start": {
        "line": 18,
        "column": 60
      },
      "end": {
        "line": 18,
        "column": 61
      }
    }
  },
  {
    "type": "newline",
    "loc": {
      "filename": "/mnt/c/Users/neilj/Workspace/pug_dart/test/lexer/cases/mixin.blocks.pug",
      "start": {
        "line": 19,
        "column": 1
      },
      "end": {
        "line": 19,
        "column": 7
      }
    }
  },
  {
    "type": "tag",
    "loc": {
      "filename": "/mnt/c/Users/neilj/Workspace/pug_dart/test/lexer/cases/mixin.blocks.pug",
      "start": {
        "line": 19,
        "column": 7
      },
      "end": {
        "line": 19,
        "column": 12
      }
    },
    "val": "input"
  },
  {
    "type": "start-attributes",
    "loc": {
      "filename": "/mnt/c/Users/neilj/Workspace/pug_dart/test/lexer/cases/mixin.blocks.pug",
      "start": {
        "line": 19,
        "column": 12
      },
      "end": {
        "line": 19,
        "column": 13
      }
    }
  },
  {
    "type": "attribute",
    "loc": {
      "filename": "/mnt/c/Users/neilj/Workspace/pug_dart/test/lexer/cases/mixin.blocks.pug",
      "start": {
        "line": 19,
        "column": 13
      },
      "end": {
        "line": 19,
        "column": 26
      }
    },
    "val": "'submit'",
    "mustEscape": true,
    "name": "type"
  },
  {
    "type": "attribute",
    "loc": {
      "filename": "/mnt/c/Users/neilj/Workspace/pug_dart/test/lexer/cases/mixin.blocks.pug",
      "start": {
        "line": 19,
        "column": 28
      },
      "end": {
        "line": 19,
        "column": 42
      }
    },
    "val": "'Search'",
    "mustEscape": true,
    "name": "value"
  },
  {
    "type": "end-attributes",
    "loc": {
      "filename": "/mnt/c/Users/neilj/Workspace/pug_dart/test/lexer/cases/mixin.blocks.pug",
      "start": {
        "line": 19,
        "column": 42
      },
      "end": {
        "line": 19,
        "column": 43
      }
    }
  },
  {
    "type": "outdent",
    "loc": {
      "filename": "/mnt/c/Users/neilj/Workspace/pug_dart/test/lexer/cases/mixin.blocks.pug",
      "start": {
        "line": 21,
        "column": 1
      },
      "end": {
        "line": 21,
        "column": 1
      }
    }
  },
  {
    "type": "outdent",
    "loc": {
      "filename": "/mnt/c/Users/neilj/Workspace/pug_dart/test/lexer/cases/mixin.blocks.pug",
      "start": {
        "line": 21,
        "column": 1
      },
      "end": {
        "line": 21,
        "column": 1
      }
    }
  },
  {
    "type": "outdent",
    "loc": {
      "filename": "/mnt/c/Users/neilj/Workspace/pug_dart/test/lexer/cases/mixin.blocks.pug",
      "start": {
        "line": 21,
        "column": 1
      },
      "end": {
        "line": 21,
        "column": 1
      }
    }
  },
  {
    "type": "tag",
    "loc": {
      "filename": "/mnt/c/Users/neilj/Workspace/pug_dart/test/lexer/cases/mixin.blocks.pug",
      "start": {
        "line": 21,
        "column": 1
      },
      "end": {
        "line": 21,
        "column": 5
      }
    },
    "val": "html"
  },
  {
    "type": "indent",
    "loc": {
      "filename": "/mnt/c/Users/neilj/Workspace/pug_dart/test/lexer/cases/mixin.blocks.pug",
      "start": {
        "line": 22,
        "column": 1
      },
      "end": {
        "line": 22,
        "column": 3
      }
    },
    "val": "2"
  },
  {
    "type": "tag",
    "loc": {
      "filename": "/mnt/c/Users/neilj/Workspace/pug_dart/test/lexer/cases/mixin.blocks.pug",
      "start": {
        "line": 22,
        "column": 3
      },
      "end": {
        "line": 22,
        "column": 7
      }
    },
    "val": "body"
  },
  {
    "type": "indent",
    "loc": {
      "filename": "/mnt/c/Users/neilj/Workspace/pug_dart/test/lexer/cases/mixin.blocks.pug",
      "start": {
        "line": 23,
        "column": 1
      },
      "end": {
        "line": 23,
        "column": 5
      }
    },
    "val": "4"
  },
  {
    "type": "call",
    "loc": {
      "filename": "/mnt/c/Users/neilj/Workspace/pug_dart/test/lexer/cases/mixin.blocks.pug",
      "start": {
        "line": 23,
        "column": 5
      },
      "end": {
        "line": 23,
        "column": 29
      }
    },
    "val": "form",
    "args": "'POST', '/search'"
  },
  {
    "type": "outdent",
    "loc": {
      "filename": "/mnt/c/Users/neilj/Workspace/pug_dart/test/lexer/cases/mixin.blocks.pug",
      "start": {
        "line": 25,
        "column": 1
      },
      "end": {
        "line": 25,
        "column": 1
      }
    }
  },
  {
    "type": "outdent",
    "loc": {
      "filename": "/mnt/c/Users/neilj/Workspace/pug_dart/test/lexer/cases/mixin.blocks.pug",
      "start": {
        "line": 25,
        "column": 1
      },
      "end": {
        "line": 25,
        "column": 1
      }
    }
  },
  {
    "type": "mixin",
    "loc": {
      "filename": "/mnt/c/Users/neilj/Workspace/pug_dart/test/lexer/cases/mixin.blocks.pug",
      "start": {
        "line": 25,
        "column": 1
      },
      "end": {
        "line": 25,
        "column": 12
      }
    },
    "val": "bar",
    "args": ""
  },
  {
    "type": "indent",
    "loc": {
      "filename": "/mnt/c/Users/neilj/Workspace/pug_dart/test/lexer/cases/mixin.blocks.pug",
      "start": {
        "line": 26,
        "column": 1
      },
      "end": {
        "line": 26,
        "column": 3
      }
    },
    "val": "2"
  },
  {
    "type": "id",
    "loc": {
      "filename": "/mnt/c/Users/neilj/Workspace/pug_dart/test/lexer/cases/mixin.blocks.pug",
      "start": {
        "line": 26,
        "column": 3
      },
      "end": {
        "line": 26,
        "column": 7
      }
    },
    "val": "bar"
  },
  {
    "type": "indent",
    "loc": {
      "filename": "/mnt/c/Users/neilj/Workspace/pug_dart/test/lexer/cases/mixin.blocks.pug",
      "start": {
        "line": 27,
        "column": 1
      },
      "end": {
        "line": 27,
        "column": 5
      }
    },
    "val": "4"
  },
  {
    "type": "mixin-block",
    "loc": {
      "filename": "/mnt/c/Users/neilj/Workspace/pug_dart/test/lexer/cases/mixin.blocks.pug",
      "start": {
        "line": 27,
        "column": 5
      },
      "end": {
        "line": 27,
        "column": 10
      }
    }
  },
  {
    "type": "outdent",
    "loc": {
      "filename": "/mnt/c/Users/neilj/Workspace/pug_dart/test/lexer/cases/mixin.blocks.pug",
      "start": {
        "line": 29,
        "column": 1
      },
      "end": {
        "line": 29,
        "column": 1
      }
    }
  },
  {
    "type": "outdent",
    "loc": {
      "filename": "/mnt/c/Users/neilj/Workspace/pug_dart/test/lexer/cases/mixin.blocks.pug",
      "start": {
        "line": 29,
        "column": 1
      },
      "end": {
        "line": 29,
        "column": 1
      }
    }
  },
  {
    "type": "mixin",
    "loc": {
      "filename": "/mnt/c/Users/neilj/Workspace/pug_dart/test/lexer/cases/mixin.blocks.pug",
      "start": {
        "line": 29,
        "column": 1
      },
      "end": {
        "line": 29,
        "column": 12
      }
    },
    "val": "foo",
    "args": ""
  },
  {
    "type": "indent",
    "loc": {
      "filename": "/mnt/c/Users/neilj/Workspace/pug_dart/test/lexer/cases/mixin.blocks.pug",
      "start": {
        "line": 30,
        "column": 1
      },
      "end": {
        "line": 30,
        "column": 3
      }
    },
    "val": "2"
  },
  {
    "type": "id",
    "loc": {
      "filename": "/mnt/c/Users/neilj/Workspace/pug_dart/test/lexer/cases/mixin.blocks.pug",
      "start": {
        "line": 30,
        "column": 3
      },
      "end": {
        "line": 30,
        "column": 7
      }
    },
    "val": "foo"
  },
  {
    "type": "indent",
    "loc": {
      "filename": "/mnt/c/Users/neilj/Workspace/pug_dart/test/lexer/cases/mixin.blocks.pug",
      "start": {
        "line": 31,
        "column": 1
      },
      "end": {
        "line": 31,
        "column": 5
      }
    },
    "val": "4"
  },
  {
    "type": "call",
    "loc": {
      "filename": "/mnt/c/Users/neilj/Workspace/pug_dart/test/lexer/cases/mixin.blocks.pug",
      "start": {
        "line": 31,
        "column": 5
      },
      "end": {
        "line": 31,
        "column": 9
      }
    },
    "val": "bar"
  },
  {
    "type": "indent",
    "loc": {
      "filename": "/mnt/c/Users/neilj/Workspace/pug_dart/test/lexer/cases/mixin.blocks.pug",
      "start": {
        "line": 32,
        "column": 1
      },
      "end": {
        "line": 32,
        "column": 7
      }
    },
    "val": "6"
  },
  {
    "type": "mixin-block",
    "loc": {
      "filename": "/mnt/c/Users/neilj/Workspace/pug_dart/test/lexer/cases/mixin.blocks.pug",
      "start": {
        "line": 32,
        "column": 7
      },
      "end": {
        "line": 32,
        "column": 12
      }
    }
  },
  {
    "type": "outdent",
    "loc": {
      "filename": "/mnt/c/Users/neilj/Workspace/pug_dart/test/lexer/cases/mixin.blocks.pug",
      "start": {
        "line": 34,
        "column": 1
      },
      "end": {
        "line": 34,
        "column": 1
      }
    }
  },
  {
    "type": "outdent",
    "loc": {
      "filename": "/mnt/c/Users/neilj/Workspace/pug_dart/test/lexer/cases/mixin.blocks.pug",
      "start": {
        "line": 34,
        "column": 1
      },
      "end": {
        "line": 34,
        "column": 1
      }
    }
  },
  {
    "type": "outdent",
    "loc": {
      "filename": "/mnt/c/Users/neilj/Workspace/pug_dart/test/lexer/cases/mixin.blocks.pug",
      "start": {
        "line": 34,
        "column": 1
      },
      "end": {
        "line": 34,
        "column": 1
      }
    }
  },
  {
    "type": "call",
    "loc": {
      "filename": "/mnt/c/Users/neilj/Workspace/pug_dart/test/lexer/cases/mixin.blocks.pug",
      "start": {
        "line": 34,
        "column": 1
      },
      "end": {
        "line": 34,
        "column": 5
      }
    },
    "val": "foo"
  },
  {
    "type": "indent",
    "loc": {
      "filename": "/mnt/c/Users/neilj/Workspace/pug_dart/test/lexer/cases/mixin.blocks.pug",
      "start": {
        "line": 35,
        "column": 1
      },
      "end": {
        "line": 35,
        "column": 3
      }
    },
    "val": "2"
  },
  {
    "type": "tag",
    "loc": {
      "filename": "/mnt/c/Users/neilj/Workspace/pug_dart/test/lexer/cases/mixin.blocks.pug",
      "start": {
        "line": 35,
        "column": 3
      },
      "end": {
        "line": 35,
        "column": 4
      }
    },
    "val": "p"
  },
  {
    "type": "newline",
    "loc": {
      "filename": "/mnt/c/Users/neilj/Workspace/pug_dart/test/lexer/cases/mixin.blocks.pug",
      "start": {
        "line": 36,
        "column": 1
      },
      "end": {
        "line": 36,
        "column": 3
      }
    }
  },
  {
    "type": "tag",
    "loc": {
      "filename": "/mnt/c/Users/neilj/Workspace/pug_dart/test/lexer/cases/mixin.blocks.pug",
      "start": {
        "line": 36,
        "column": 3
      },
      "end": {
        "line": 36,
        "column": 4
      }
    },
    "val": "p"
  },
  {
    "type": "newline",
    "loc": {
      "filename": "/mnt/c/Users/neilj/Workspace/pug_dart/test/lexer/cases/mixin.blocks.pug",
      "start": {
        "line": 37,
        "column": 1
      },
      "end": {
        "line": 37,
        "column": 3
      }
    }
  },
  {
    "type": "tag",
    "loc": {
      "filename": "/mnt/c/Users/neilj/Workspace/pug_dart/test/lexer/cases/mixin.blocks.pug",
      "start": {
        "line": 37,
        "column": 3
      },
      "end": {
        "line": 37,
        "column": 4
      }
    },
    "val": "p"
  },
  {
    "type": "outdent",
    "loc": {
      "filename": "/mnt/c/Users/neilj/Workspace/pug_dart/test/lexer/cases/mixin.blocks.pug",
      "start": {
        "line": 40,
        "column": 1
      },
      "end": {
        "line": 40,
        "column": 1
      }
    }
  },
  {
    "type": "mixin",
    "loc": {
      "filename": "/mnt/c/Users/neilj/Workspace/pug_dart/test/lexer/cases/mixin.blocks.pug",
      "start": {
        "line": 40,
        "column": 1
      },
      "end": {
        "line": 40,
        "column": 10
      }
    },
    "val": "baz"
  },
  {
    "type": "indent",
    "loc": {
      "filename": "/mnt/c/Users/neilj/Workspace/pug_dart/test/lexer/cases/mixin.blocks.pug",
      "start": {
        "line": 41,
        "column": 1
      },
      "end": {
        "line": 41,
        "column": 5
      }
    },
    "val": "4"
  },
  {
    "type": "id",
    "loc": {
      "filename": "/mnt/c/Users/neilj/Workspace/pug_dart/test/lexer/cases/mixin.blocks.pug",
      "start": {
        "line": 41,
        "column": 5
      },
      "end": {
        "line": 41,
        "column": 9
      }
    },
    "val": "baz"
  },
  {
    "type": "indent",
    "loc": {
      "filename": "/mnt/c/Users/neilj/Workspace/pug_dart/test/lexer/cases/mixin.blocks.pug",
      "start": {
        "line": 42,
        "column": 1
      },
      "end": {
        "line": 42,
        "column": 9
      }
    },
    "val": "8"
  },
  {
    "type": "mixin-block",
    "loc": {
      "filename": "/mnt/c/Users/neilj/Workspace/pug_dart/test/lexer/cases/mixin.blocks.pug",
      "start": {
        "line": 42,
        "column": 9
      },
      "end": {
        "line": 42,
        "column": 14
      }
    }
  },
  {
    "type": "outdent",
    "loc": {
      "filename": "/mnt/c/Users/neilj/Workspace/pug_dart/test/lexer/cases/mixin.blocks.pug",
      "start": {
        "line": 44,
        "column": 1
      },
      "end": {
        "line": 44,
        "column": 1
      }
    }
  },
  {
    "type": "outdent",
    "loc": {
      "filename": "/mnt/c/Users/neilj/Workspace/pug_dart/test/lexer/cases/mixin.blocks.pug",
      "start": {
        "line": 44,
        "column": 1
      },
      "end": {
        "line": 44,
        "column": 1
      }
    }
  },
  {
    "type": "call",
    "loc": {
      "filename": "/mnt/c/Users/neilj/Workspace/pug_dart/test/lexer/cases/mixin.blocks.pug",
      "start": {
        "line": 44,
        "column": 1
      },
      "end": {
        "line": 44,
        "column": 7
      }
    },
    "val": "baz",
    "args": ""
  },
  {
    "type": "code",
    "loc": {
      "filename": "/mnt/c/Users/neilj/Workspace/pug_dart/test/lexer/cases/mixin.blocks.pug",
      "start": {
        "line": 44,
        "column": 7
      },
      "end": {
        "line": 44,
        "column": 14
      }
    },
    "val": "'123'",
    "buffer": true,
    "mustEscape": true
  },
  {
    "type": "eos",
    "loc": {
      "filename": "/mnt/c/Users/neilj/Workspace/pug_dart/test/lexer/cases/mixin.blocks.pug",
      "start": {
        "line": 44,
        "column": 14
      },
      "end": {
        "line": 44,
        "column": 14
      }
    }
  }
]