[{"type":"mixin","loc":{"filename":"/mnt/c/Users/neilj/Workspace/pug_dart/test/lexer/cases/mixin.merge.pug","start":{"line":1,"column":1},"end":{"line":1,"column":10}},"val":"foo"},{"type":"indent","loc":{"filename":"/mnt/c/Users/neilj/Workspace/pug_dart/test/lexer/cases/mixin.merge.pug","start":{"line":2,"column":1},"end":{"line":2,"column":3}},"val":"2"},{"type":"tag","loc":{"filename":"/mnt/c/Users/neilj/Workspace/pug_dart/test/lexer/cases/mixin.merge.pug","start":{"line":2,"column":3},"end":{"line":2,"column":4}},"val":"p"},{"type":"class","loc":{"filename":"/mnt/c/Users/neilj/Workspace/pug_dart/test/lexer/cases/mixin.merge.pug","start":{"line":2,"column":4},"end":{"line":2,"column":8}},"val":"bar"},{"type":"&attributes","loc":{"filename":"/mnt/c/Users/neilj/Workspace/pug_dart/test/lexer/cases/mixin.merge.pug","start":{"line":2,"column":8},"end":{"line":2,"column":31}},"val":"attributes"},{"type":"newline","loc":{"filename":"/mnt/c/Users/neilj/Workspace/pug_dart/test/lexer/cases/mixin.merge.pug","start":{"line":3,"column":1},"end":{"line":3,"column":3}}},{"type":"tag","loc":{"filename":"/mnt/c/Users/neilj/Workspace/pug_dart/test/lexer/cases/mixin.merge.pug","start":{"line":3,"column":3},"end":{"line":3,"column":4}},"val":"p"},{"type":"class","loc":{"filename":"/mnt/c/Users/neilj/Workspace/pug_dart/test/lexer/cases/mixin.merge.pug","start":{"line":3,"column":4},"end":{"line":3,"column":8}},"val":"baz"},{"type":"class","loc":{"filename":"/mnt/c/Users/neilj/Workspace/pug_dart/test/lexer/cases/mixin.merge.pug","start":{"line":3,"column":8},"end":{"line":3,"column":13}},"val":"quux"},{"type":"&attributes","loc":{"filename":"/mnt/c/Users/neilj/Workspace/pug_dart/test/lexer/cases/mixin.merge.pug","start":{"line":3,"column":13},"end":{"line":3,"column":36}},"val":"attributes"},{"type":"newline","loc":{"filename":"/mnt/c/Users/neilj/Workspace/pug_dart/test/lexer/cases/mixin.merge.pug","start":{"line":4,"column":1},"end":{"line":4,"column":3}}},{"type":"tag","loc":{"filename":"/mnt/c/Users/neilj/Workspace/pug_dart/test/lexer/cases/mixin.merge.pug","start":{"line":4,"column":3},"end":{"line":4,"column":4}},"val":"p"},{"type":"&attributes","loc":{"filename":"/mnt/c/Users/neilj/Workspace/pug_dart/test/lexer/cases/mixin.merge.pug","start":{"line":4,"column":4},"end":{"line":4,"column":27}},"val":"attributes"},{"type":"newline","loc":{"filename":"/mnt/c/Users/neilj/Workspace/pug_dart/test/lexer/cases/mixin.merge.pug","start":{"line":5,"column":1},"end":{"line":5,"column":3}}},{"type":"tag","loc":{"filename":"/mnt/c/Users/neilj/Workspace/pug_dart/test/lexer/cases/mixin.merge.pug","start":{"line":5,"column":3},"end":{"line":5,"column":4}},"val":"p"},{"type":"class","loc":{"filename":"/mnt/c/Users/neilj/Workspace/pug_dart/test/lexer/cases/mixin.merge.pug","start":{"line":5,"column":4},"end":{"line":5,"column":8}},"val":"bar"},{"type":"&attributes","loc":{"filename":"/mnt/c/Users/neilj/Workspace/pug_dart/test/lexer/cases/mixin.merge.pug","start":{"line":5,"column":8},"end":{"line":5,"column":31}},"val":"attributes"},{"type":"start-attributes","loc":{"filename":"/mnt/c/Users/neilj/Workspace/pug_dart/test/lexer/cases/mixin.merge.pug","start":{"line":5,"column":31},"end":{"line":5,"column":32}}},{"type":"attribute","loc":{"filename":"/mnt/c/Users/neilj/Workspace/pug_dart/test/lexer/cases/mixin.merge.pug","start":{"line":5,"column":32},"end":{"line":5,"column":43}},"val":"\"baz\"","mustEscape":true,"name":"class"},{"type":"end-attributes","loc":{"filename":"/mnt/c/Users/neilj/Workspace/pug_dart/test/lexer/cases/mixin.merge.pug","start":{"line":5,"column":43},"end":{"line":5,"column":44}}},{"type":"outdent","loc":{"filename":"/mnt/c/Users/neilj/Workspace/pug_dart/test/lexer/cases/mixin.merge.pug","start":{"line":7,"column":1},"end":{"line":7,"column":1}}},{"type":"tag","loc":{"filename":"/mnt/c/Users/neilj/Workspace/pug_dart/test/lexer/cases/mixin.merge.pug","start":{"line":7,"column":1},"end":{"line":7,"column":5}},"val":"body"},{"type":"indent","loc":{"filename":"/mnt/c/Users/neilj/Workspace/pug_dart/test/lexer/cases/mixin.merge.pug","start":{"line":8,"column":1},"end":{"line":8,"column":3}},"val":"2"},{"type":"call","loc":{"filename":"/mnt/c/Users/neilj/Workspace/pug_dart/test/lexer/cases/mixin.merge.pug","start":{"line":8,"column":3},"end":{"line":8,"column":7}},"val":"foo"},{"type":"class","loc":{"filename":"/mnt/c/Users/neilj/Workspace/pug_dart/test/lexer/cases/mixin.merge.pug","start":{"line":8,"column":7},"end":{"line":8,"column":13}},"val":"hello"},{"type":"newline","loc":{"filename":"/mnt/c/Users/neilj/Workspace/pug_dart/test/lexer/cases/mixin.merge.pug","start":{"line":9,"column":1},"end":{"line":9,"column":3}}},{"type":"call","loc":{"filename":"/mnt/c/Users/neilj/Workspace/pug_dart/test/lexer/cases/mixin.merge.pug","start":{"line":9,"column":3},"end":{"line":9,"column":7}},"val":"foo"},{"type":"id","loc":{"filename":"/mnt/c/Users/neilj/Workspace/pug_dart/test/lexer/cases/mixin.merge.pug","start":{"line":9,"column":7},"end":{"line":9,"column":13}},"val":"world"},{"type":"newline","loc":{"filename":"/mnt/c/Users/neilj/Workspace/pug_dart/test/lexer/cases/mixin.merge.pug","start":{"line":10,"column":1},"end":{"line":10,"column":3}}},{"type":"call","loc":{"filename":"/mnt/c/Users/neilj/Workspace/pug_dart/test/lexer/cases/mixin.merge.pug","start":{"line":10,"column":3},"end":{"line":10,"column":7}},"val":"foo"},{"type":"class","loc":{"filename":"/mnt/c/Users/neilj/Workspace/pug_dart/test/lexer/cases/mixin.merge.pug","start":{"line":10,"column":7},"end":{"line":10,"column":13}},"val":"hello"},{"type":"id","loc":{"filename":"/mnt/c/Users/neilj/Workspace/pug_dart/test/lexer/cases/mixin.merge.pug","start":{"line":10,"column":13},"end":{"line":10,"column":19}},"val":"world"},{"type":"newline","loc":{"filename":"/mnt/c/Users/neilj/Workspace/pug_dart/test/lexer/cases/mixin.merge.pug","start":{"line":11,"column":1},"end":{"line":11,"column":3}}},{"type":"call","loc":{"filename":"/mnt/c/Users/neilj/Workspace/pug_dart/test/lexer/cases/mixin.merge.pug","start":{"line":11,"column":3},"end":{"line":11,"column":7}},"val":"foo"},{"type":"class","loc":{"filename":"/mnt/c/Users/neilj/Workspace/pug_dart/test/lexer/cases/mixin.merge.pug","start":{"line":11,"column":7},"end":{"line":11,"column":13}},"val":"hello"},{"type":"class","loc":{"filename":"/mnt/c/Users/neilj/Workspace/pug_dart/test/lexer/cases/mixin.merge.pug","start":{"line":11,"column":13},"end":{"line":11,"column":19}},"val":"world"},{"type":"newline","loc":{"filename":"/mnt/c/Users/neilj/Workspace/pug_dart/test/lexer/cases/mixin.merge.pug","start":{"line":12,"column":1},"end":{"line":12,"column":3}}},{"type":"call","loc":{"filename":"/mnt/c/Users/neilj/Workspace/pug_dart/test/lexer/cases/mixin.merge.pug","start":{"line":12,"column":3},"end":{"line":12,"column":7}},"val":"foo"},{"type":"start-attributes","loc":{"filename":"/mnt/c/Users/neilj/Workspace/pug_dart/test/lexer/cases/mixin.merge.pug","start":{"line":12,"column":7},"end":{"line":12,"column":8}}},{"type":"attribute","loc":{"filename":"/mnt/c/Users/neilj/Workspace/pug_dart/test/lexer/cases/mixin.merge.pug","start":{"line":12,"column":8},"end":{"line":12,"column":21}},"val":"\"hello\"","mustEscape":true,"name":"class"},{"type":"end-attributes","loc":{"filename":"/mnt/c/Users/neilj/Workspace/pug_dart/test/lexer/cases/mixin.merge.pug","start":{"line":12,"column":21},"end":{"line":12,"column":22}}},{"type":"newline","loc":{"filename":"/mnt/c/Users/neilj/Workspace/pug_dart/test/lexer/cases/mixin.merge.pug","start":{"line":13,"column":1},"end":{"line":13,"column":3}}},{"type":"call","loc":{"filename":"/mnt/c/Users/neilj/Workspace/pug_dart/test/lexer/cases/mixin.merge.pug","start":{"line":13,"column":3},"end":{"line":13,"column":7}},"val":"foo"},{"type":"class","loc":{"filename":"/mnt/c/Users/neilj/Workspace/pug_dart/test/lexer/cases/mixin.merge.pug","start":{"line":13,"column":7},"end":{"line":13,"column":13}},"val":"hello"},{"type":"start-attributes","loc":{"filename":"/mnt/c/Users/neilj/Workspace/pug_dart/test/lexer/cases/mixin.merge.pug","start":{"line":13,"column":13},"end":{"line":13,"column":14}}},{"type":"attribute","loc":{"filename":"/mnt/c/Users/neilj/Workspace/pug_dart/test/lexer/cases/mixin.merge.pug","start":{"line":13,"column":14},"end":{"line":13,"column":27}},"val":"\"world\"","mustEscape":true,"name":"class"},{"type":"end-attributes","loc":{"filename":"/mnt/c/Users/neilj/Workspace/pug_dart/test/lexer/cases/mixin.merge.pug","start":{"line":13,"column":27},"end":{"line":13,"column":28}}},{"type":"newline","loc":{"filename":"/mnt/c/Users/neilj/Workspace/pug_dart/test/lexer/cases/mixin.merge.pug","start":{"line":14,"column":1},"end":{"line":14,"column":3}}},{"type":"call","loc":{"filename":"/mnt/c/Users/neilj/Workspace/pug_dart/test/lexer/cases/mixin.merge.pug","start":{"line":14,"column":3},"end":{"line":14,"column":7}},"val":"foo"},{"type":"newline","loc":{"filename":"/mnt/c/Users/neilj/Workspace/pug_dart/test/lexer/cases/mixin.merge.pug","start":{"line":15,"column":1},"end":{"line":15,"column":3}}},{"type":"call","loc":{"filename":"/mnt/c/Users/neilj/Workspace/pug_dart/test/lexer/cases/mixin.merge.pug","start":{"line":15,"column":3},"end":{"line":15,"column":7}},"val":"foo"},{"type":"&attributes","loc":{"filename":"/mnt/c/Users/neilj/Workspace/pug_dart/test/lexer/cases/mixin.merge.pug","start":{"line":15,"column":7},"end":{"line":15,"column":36}},"val":"{class: \"hello\"}"},{"type":"outdent","loc":{"filename":"/mnt/c/Users/neilj/Workspace/pug_dart/test/lexer/cases/mixin.merge.pug","start":{"line":15,"column":36},"end":{"line":15,"column":36}}},{"type":"eos","loc":{"filename":"/mnt/c/Users/neilj/Workspace/pug_dart/test/lexer/cases/mixin.merge.pug","start":{"line":15,"column":36},"end":{"line":15,"column":36}}}]