[{"type":"tag","loc":{"filename":"/mnt/c/Users/neilj/Workspace/pug_dart/test/lexer/cases/styles.pug","start":{"line":1,"column":1},"end":{"line":1,"column":5}},"val":"html"},{"type":"indent","loc":{"filename":"/mnt/c/Users/neilj/Workspace/pug_dart/test/lexer/cases/styles.pug","start":{"line":2,"column":1},"end":{"line":2,"column":3}},"val":"2"},{"type":"tag","loc":{"filename":"/mnt/c/Users/neilj/Workspace/pug_dart/test/lexer/cases/styles.pug","start":{"line":2,"column":3},"end":{"line":2,"column":7}},"val":"head"},{"type":"indent","loc":{"filename":"/mnt/c/Users/neilj/Workspace/pug_dart/test/lexer/cases/styles.pug","start":{"line":3,"column":1},"end":{"line":3,"column":5}},"val":"4"},{"type":"tag","loc":{"filename":"/mnt/c/Users/neilj/Workspace/pug_dart/test/lexer/cases/styles.pug","start":{"line":3,"column":5},"end":{"line":3,"column":10}},"val":"style"},{"type":"dot","loc":{"filename":"/mnt/c/Users/neilj/Workspace/pug_dart/test/lexer/cases/styles.pug","start":{"line":3,"column":10},"end":{"line":3,"column":11}}},{"type":"start-pipeless-text","loc":{"filename":"/mnt/c/Users/neilj/Workspace/pug_dart/test/lexer/cases/styles.pug","start":{"line":3,"column":11},"end":{"line":3,"column":11}}},{"type":"newline","loc":{"filename":"/mnt/c/Users/neilj/Workspace/pug_dart/test/lexer/cases/styles.pug","start":{"line":5,"column":1},"end":{"line":5,"column":7}}},{"type":"newline","loc":{"filename":"/mnt/c/Users/neilj/Workspace/pug_dart/test/lexer/cases/styles.pug","start":{"line":6,"column":1},"end":{"line":6,"column":7}}},{"type":"end-pipeless-text","loc":{"filename":"/mnt/c/Users/neilj/Workspace/pug_dart/test/lexer/cases/styles.pug","start":{"line":6,"column":7},"end":{"line":6,"column":7}}},{"type":"outdent","loc":{"filename":"/mnt/c/Users/neilj/Workspace/pug_dart/test/lexer/cases/styles.pug","start":{"line":7,"column":1},"end":{"line":7,"column":3}}},{"type":"tag","loc":{"filename":"/mnt/c/Users/neilj/Workspace/pug_dart/test/lexer/cases/styles.pug","start":{"line":7,"column":3},"end":{"line":7,"column":7}},"val":"body"},{"type":"indent","loc":{"filename":"/mnt/c/Users/neilj/Workspace/pug_dart/test/lexer/cases/styles.pug","start":{"line":8,"column":1},"end":{"line":8,"column":5}},"val":"4"},{"type":"tag","loc":{"filename":"/mnt/c/Users/neilj/Workspace/pug_dart/test/lexer/cases/styles.pug","start":{"line":8,"column":5},"end":{"line":8,"column":8}},"val":"div"},{"type":"start-attributes","loc":{"filename":"/mnt/c/Users/neilj/Workspace/pug_dart/test/lexer/cases/styles.pug","start":{"line":8,"column":8},"end":{"line":8,"column":9}}},{"type":"attribute","loc":{"filename":"/mnt/c/Users/neilj/Workspace/pug_dart/test/lexer/cases/styles.pug","start":{"line":8,"column":9},"end":{"line":8,"column":43}},"val":"'color:red;background:green'","mustEscape":true,"name":"style"},{"type":"end-attributes","loc":{"filename":"/mnt/c/Users/neilj/Workspace/pug_dart/test/lexer/cases/styles.pug","start":{"line":8,"column":43},"end":{"line":8,"column":44}}},{"type":"newline","loc":{"filename":"/mnt/c/Users/neilj/Workspace/pug_dart/test/lexer/cases/styles.pug","start":{"line":9,"column":1},"end":{"line":9,"column":5}}},{"type":"tag","loc":{"filename":"/mnt/c/Users/neilj/Workspace/pug_dart/test/lexer/cases/styles.pug","start":{"line":9,"column":5},"end":{"line":9,"column":8}},"val":"div"},{"type":"start-attributes","loc":{"filename":"/mnt/c/Users/neilj/Workspace/pug_dart/test/lexer/cases/styles.pug","start":{"line":9,"column":8},"end":{"line":9,"column":9}}},{"type":"attribute","loc":{"filename":"/mnt/c/Users/neilj/Workspace/pug_dart/test/lexer/cases/styles.pug","start":{"line":9,"column":9},"end":{"line":9,"column":50}},"val":"{color: 'red', background: 'green'}","mustEscape":true,"name":"style"},{"type":"end-attributes","loc":{"filename":"/mnt/c/Users/neilj/Workspace/pug_dart/test/lexer/cases/styles.pug","start":{"line":9,"column":50},"end":{"line":9,"column":51}}},{"type":"newline","loc":{"filename":"/mnt/c/Users/neilj/Workspace/pug_dart/test/lexer/cases/styles.pug","start":{"line":10,"column":1},"end":{"line":10,"column":5}}},{"type":"tag","loc":{"filename":"/mnt/c/Users/neilj/Workspace/pug_dart/test/lexer/cases/styles.pug","start":{"line":10,"column":5},"end":{"line":10,"column":8}},"val":"div"},{"type":"&attributes","loc":{"filename":"/mnt/c/Users/neilj/Workspace/pug_dart/test/lexer/cases/styles.pug","start":{"line":10,"column":8},"end":{"line":10,"column":58}},"val":"{style: 'color:red;background:green'}"},{"type":"newline","loc":{"filename":"/mnt/c/Users/neilj/Workspace/pug_dart/test/lexer/cases/styles.pug","start":{"line":11,"column":1},"end":{"line":11,"column":5}}},{"type":"tag","loc":{"filename":"/mnt/c/Users/neilj/Workspace/pug_dart/test/lexer/cases/styles.pug","start":{"line":11,"column":5},"end":{"line":11,"column":8}},"val":"div"},{"type":"&attributes","loc":{"filename":"/mnt/c/Users/neilj/Workspace/pug_dart/test/lexer/cases/styles.pug","start":{"line":11,"column":8},"end":{"line":11,"column":65}},"val":"{style: {color: 'red', background: 'green'}}"},{"type":"newline","loc":{"filename":"/mnt/c/Users/neilj/Workspace/pug_dart/test/lexer/cases/styles.pug","start":{"line":12,"column":1},"end":{"line":12,"column":5}}},{"type":"mixin","loc":{"filename":"/mnt/c/Users/neilj/Workspace/pug_dart/test/lexer/cases/styles.pug","start":{"line":12,"column":5},"end":{"line":12,"column":16}},"val":"div","args":""},{"type":"indent","loc":{"filename":"/mnt/c/Users/neilj/Workspace/pug_dart/test/lexer/cases/styles.pug","start":{"line":13,"column":1},"end":{"line":13,"column":7}},"val":"6"},{"type":"tag","loc":{"filename":"/mnt/c/Users/neilj/Workspace/pug_dart/test/lexer/cases/styles.pug","start":{"line":13,"column":7},"end":{"line":13,"column":10}},"val":"div"},{"type":"&attributes","loc":{"filename":"/mnt/c/Users/neilj/Workspace/pug_dart/test/lexer/cases/styles.pug","start":{"line":13,"column":10},"end":{"line":13,"column":33}},"val":"attributes"},{"type":"outdent","loc":{"filename":"/mnt/c/Users/neilj/Workspace/pug_dart/test/lexer/cases/styles.pug","start":{"line":14,"column":1},"end":{"line":14,"column":5}}},{"type":"call","loc":{"filename":"/mnt/c/Users/neilj/Workspace/pug_dart/test/lexer/cases/styles.pug","start":{"line":14,"column":5},"end":{"line":14,"column":9}},"val":"div"},{"type":"start-attributes","loc":{"filename":"/mnt/c/Users/neilj/Workspace/pug_dart/test/lexer/cases/styles.pug","start":{"line":14,"column":9},"end":{"line":14,"column":10}}},{"type":"attribute","loc":{"filename":"/mnt/c/Users/neilj/Workspace/pug_dart/test/lexer/cases/styles.pug","start":{"line":14,"column":10},"end":{"line":14,"column":44}},"val":"'color:red;background:green'","mustEscape":true,"name":"style"},{"type":"end-attributes","loc":{"filename":"/mnt/c/Users/neilj/Workspace/pug_dart/test/lexer/cases/styles.pug","start":{"line":14,"column":44},"end":{"line":14,"column":45}}},{"type":"newline","loc":{"filename":"/mnt/c/Users/neilj/Workspace/pug_dart/test/lexer/cases/styles.pug","start":{"line":15,"column":1},"end":{"line":15,"column":5}}},{"type":"call","loc":{"filename":"/mnt/c/Users/neilj/Workspace/pug_dart/test/lexer/cases/styles.pug","start":{"line":15,"column":5},"end":{"line":15,"column":9}},"val":"div"},{"type":"start-attributes","loc":{"filename":"/mnt/c/Users/neilj/Workspace/pug_dart/test/lexer/cases/styles.pug","start":{"line":15,"column":9},"end":{"line":15,"column":10}}},{"type":"attribute","loc":{"filename":"/mnt/c/Users/neilj/Workspace/pug_dart/test/lexer/cases/styles.pug","start":{"line":15,"column":10},"end":{"line":15,"column":51}},"val":"{color: 'red', background: 'green'}","mustEscape":true,"name":"style"},{"type":"end-attributes","loc":{"filename":"/mnt/c/Users/neilj/Workspace/pug_dart/test/lexer/cases/styles.pug","start":{"line":15,"column":51},"end":{"line":15,"column":52}}},{"type":"newline","loc":{"filename":"/mnt/c/Users/neilj/Workspace/pug_dart/test/lexer/cases/styles.pug","start":{"line":16,"column":1},"end":{"line":16,"column":5}}},{"type":"code","loc":{"filename":"/mnt/c/Users/neilj/Workspace/pug_dart/test/lexer/cases/styles.pug","start":{"line":16,"column":5},"end":{"line":16,"column":24}},"val":"var bg = 'green';","buffer":false,"mustEscape":false},{"type":"newline","loc":{"filename":"/mnt/c/Users/neilj/Workspace/pug_dart/test/lexer/cases/styles.pug","start":{"line":17,"column":1},"end":{"line":17,"column":5}}},{"type":"tag","loc":{"filename":"/mnt/c/Users/neilj/Workspace/pug_dart/test/lexer/cases/styles.pug","start":{"line":17,"column":5},"end":{"line":17,"column":8}},"val":"div"},{"type":"start-attributes","loc":{"filename":"/mnt/c/Users/neilj/Workspace/pug_dart/test/lexer/cases/styles.pug","start":{"line":17,"column":8},"end":{"line":17,"column":9}}},{"type":"attribute","loc":{"filename":"/mnt/c/Users/neilj/Workspace/pug_dart/test/lexer/cases/styles.pug","start":{"line":17,"column":9},"end":{"line":17,"column":45}},"val":"{color: 'red', background: bg}","mustEscape":true,"name":"style"},{"type":"end-attributes","loc":{"filename":"/mnt/c/Users/neilj/Workspace/pug_dart/test/lexer/cases/styles.pug","start":{"line":17,"column":45},"end":{"line":17,"column":46}}},{"type":"newline","loc":{"filename":"/mnt/c/Users/neilj/Workspace/pug_dart/test/lexer/cases/styles.pug","start":{"line":18,"column":1},"end":{"line":18,"column":5}}},{"type":"tag","loc":{"filename":"/mnt/c/Users/neilj/Workspace/pug_dart/test/lexer/cases/styles.pug","start":{"line":18,"column":5},"end":{"line":18,"column":8}},"val":"div"},{"type":"&attributes","loc":{"filename":"/mnt/c/Users/neilj/Workspace/pug_dart/test/lexer/cases/styles.pug","start":{"line":18,"column":8},"end":{"line":18,"column":60}},"val":"{style: {color: 'red', background: bg}}"},{"type":"newline","loc":{"filename":"/mnt/c/Users/neilj/Workspace/pug_dart/test/lexer/cases/styles.pug","start":{"line":19,"column":1},"end":{"line":19,"column":5}}},{"type":"call","loc":{"filename":"/mnt/c/Users/neilj/Workspace/pug_dart/test/lexer/cases/styles.pug","start":{"line":19,"column":5},"end":{"line":19,"column":9}},"val":"div"},{"type":"start-attributes","loc":{"filename":"/mnt/c/Users/neilj/Workspace/pug_dart/test/lexer/cases/styles.pug","start":{"line":19,"column":9},"end":{"line":19,"column":10}}},{"type":"attribute","loc":{"filename":"/mnt/c/Users/neilj/Workspace/pug_dart/test/lexer/cases/styles.pug","start":{"line":19,"column":10},"end":{"line":19,"column":46}},"val":"{color: 'red', background: bg}","mustEscape":true,"name":"style"},{"type":"end-attributes","loc":{"filename":"/mnt/c/Users/neilj/Workspace/pug_dart/test/lexer/cases/styles.pug","start":{"line":19,"column":46},"end":{"line":19,"column":47}}},{"type":"outdent","loc":{"filename":"/mnt/c/Users/neilj/Workspace/pug_dart/test/lexer/cases/styles.pug","start":{"line":20,"column":1},"end":{"line":20,"column":1}}},{"type":"outdent","loc":{"filename":"/mnt/c/Users/neilj/Workspace/pug_dart/test/lexer/cases/styles.pug","start":{"line":20,"column":1},"end":{"line":20,"column":1}}},{"type":"eos","loc":{"filename":"/mnt/c/Users/neilj/Workspace/pug_dart/test/lexer/cases/styles.pug","start":{"line":20,"column":1},"end":{"line":20,"column":1}}}]