[
  {
    "type": "comment",
    "loc": {
      "filename": "/mnt/c/Users/neilj/Workspace/pug_dart/test/lexer/cases/tag-blocks.pug",
      "start": {
        "line": 1,
        "column": 1
      },
      "end": {
        "line": 1,
        "column": 42
      }
    },
    "val": " we should not get blocks within blocks",
    "buffer": true
  },
  {
    "type": "newline",
    "loc": {
      "filename": "/mnt/c/Users/neilj/Workspace/pug_dart/test/lexer/cases/tag-blocks.pug",
      "start": {
        "line": 2,
        "column": 1
      },
      "end": {
        "line": 2,
        "column": 1
      }
    }
  },
  {
    "type": "tag",
    "loc": {
      "filename": "/mnt/c/Users/neilj/Workspace/pug_dart/test/lexer/cases/tag-blocks.pug",
      "start": {
        "line": 2,
        "column": 1
      },
      "end": {
        "line": 2,
        "column": 4
      }
    },
    "val": "div"
  },
  {
    "type": "indent",
    "loc": {
      "filename": "/mnt/c/Users/neilj/Workspace/pug_dart/test/lexer/cases/tag-blocks.pug",
      "start": {
        "line": 3,
        "column": 1
      },
      "end": {
        "line": 3,
        "column": 3
      }
    },
    "val": "2"
  },
  {
    "type": "newline",
    "loc": {
      "filename": "/mnt/c/Users/neilj/Workspace/pug_dart/test/lexer/cases/tag-blocks.pug",
      "start": {
        "line": 4,
        "column": 1
      },
      "end": {
        "line": 4,
        "column": 3
      }
    }
  },
  {
    "type": "code",
    "loc": {
      "filename": "/mnt/c/Users/neilj/Workspace/pug_dart/test/lexer/cases/tag-blocks.pug",
      "start": {
        "line": 4,
        "column": 3
      },
      "end": {
        "line": 4,
        "column": 9
      }
    },
    "val": "'  '",
    "buffer": true,
    "mustEscape": true
  },
  {
    "type": "newline",
    "loc": {
      "filename": "/mnt/c/Users/neilj/Workspace/pug_dart/test/lexer/cases/tag-blocks.pug",
      "start": {
        "line": 5,
        "column": 1
      },
      "end": {
        "line": 5,
        "column": 3
      }
    }
  },
  {
    "type": "outdent",
    "loc": {
      "filename": "/mnt/c/Users/neilj/Workspace/pug_dart/test/lexer/cases/tag-blocks.pug",
      "start": {
        "line": 6,
        "column": 1
      },
      "end": {
        "line": 6,
        "column": 1
      }
    }
  },
  {
    "type": "outdent",
    "loc": {
      "filename": "/mnt/c/Users/neilj/Workspace/pug_dart/test/lexer/cases/tag-blocks.pug",
      "start": {
        "line": 6,
        "column": 1
      },
      "end": {
        "line": 6,
        "column": 1
      }
    }
  },
  {
    "type": "eos",
    "loc": {
      "filename": "/mnt/c/Users/neilj/Workspace/pug_dart/test/lexer/cases/tag-blocks.pug",
      "start": {
        "line": 6,
        "column": 1
      },
      "end": {
        "line": 6,
        "column": 1
      }
    }
  }
]