[{"type":"newline","loc":{"filename":"/mnt/c/Users/neilj/Workspace/pug_dart/test/lexer/cases/tag.interpolation.pug","start":{"line":2,"column":1},"end":{"line":2,"column":1}}},{"type":"code","loc":{"filename":"/mnt/c/Users/neilj/Workspace/pug_dart/test/lexer/cases/tag.interpolation.pug","start":{"line":2,"column":1},"end":{"line":2,"column":16}},"val":"var tag = 'p'","buffer":false,"mustEscape":false},{"type":"newline","loc":{"filename":"/mnt/c/Users/neilj/Workspace/pug_dart/test/lexer/cases/tag.interpolation.pug","start":{"line":3,"column":1},"end":{"line":3,"column":1}}},{"type":"code","loc":{"filename":"/mnt/c/Users/neilj/Workspace/pug_dart/test/lexer/cases/tag.interpolation.pug","start":{"line":3,"column":1},"end":{"line":3,"column":18}},"val":"var foo = 'bar'","buffer":false,"mustEscape":false},{"type":"newline","loc":{"filename":"/mnt/c/Users/neilj/Workspace/pug_dart/test/lexer/cases/tag.interpolation.pug","start":{"line":5,"column":1},"end":{"line":5,"column":1}}},{"type":"interpolation","loc":{"filename":"/mnt/c/Users/neilj/Workspace/pug_dart/test/lexer/cases/tag.interpolation.pug","start":{"line":5,"column":1},"end":{"line":5,"column":7}},"val":"tag"},{"type":"newline","loc":{"filename":"/mnt/c/Users/neilj/Workspace/pug_dart/test/lexer/cases/tag.interpolation.pug","start":{"line":6,"column":1},"end":{"line":6,"column":1}}},{"type":"interpolation","loc":{"filename":"/mnt/c/Users/neilj/Workspace/pug_dart/test/lexer/cases/tag.interpolation.pug","start":{"line":6,"column":1},"end":{"line":6,"column":7}},"val":"tag"},{"type":"start-attributes","loc":{"filename":"/mnt/c/Users/neilj/Workspace/pug_dart/test/lexer/cases/tag.interpolation.pug","start":{"line":6,"column":7},"end":{"line":6,"column":8}}},{"type":"attribute","loc":{"filename":"/mnt/c/Users/neilj/Workspace/pug_dart/test/lexer/cases/tag.interpolation.pug","start":{"line":6,"column":8},"end":{"line":6,"column":17}},"val":"'bar'","mustEscape":true,"name":"foo"},{"type":"end-attributes","loc":{"filename":"/mnt/c/Users/neilj/Workspace/pug_dart/test/lexer/cases/tag.interpolation.pug","start":{"line":6,"column":17},"end":{"line":6,"column":18}}},{"type":"newline","loc":{"filename":"/mnt/c/Users/neilj/Workspace/pug_dart/test/lexer/cases/tag.interpolation.pug","start":{"line":7,"column":1},"end":{"line":7,"column":1}}},{"type":"interpolation","loc":{"filename":"/mnt/c/Users/neilj/Workspace/pug_dart/test/lexer/cases/tag.interpolation.pug","start":{"line":7,"column":1},"end":{"line":7,"column":20}},"val":"foo ? 'a' : 'li'"},{"type":"start-attributes","loc":{"filename":"/mnt/c/Users/neilj/Workspace/pug_dart/test/lexer/cases/tag.interpolation.pug","start":{"line":7,"column":20},"end":{"line":7,"column":21}}},{"type":"attribute","loc":{"filename":"/mnt/c/Users/neilj/Workspace/pug_dart/test/lexer/cases/tag.interpolation.pug","start":{"line":7,"column":21},"end":{"line":7,"column":30}},"val":true,"mustEscape":true,"name":"something"},{"type":"end-attributes","loc":{"filename":"/mnt/c/Users/neilj/Workspace/pug_dart/test/lexer/cases/tag.interpolation.pug","start":{"line":7,"column":30},"end":{"line":7,"column":31}}},{"type":"newline","loc":{"filename":"/mnt/c/Users/neilj/Workspace/pug_dart/test/lexer/cases/tag.interpolation.pug","start":{"line":9,"column":1},"end":{"line":9,"column":1}}},{"type":"mixin","loc":{"filename":"/mnt/c/Users/neilj/Workspace/pug_dart/test/lexer/cases/tag.interpolation.pug","start":{"line":9,"column":1},"end":{"line":9,"column":17}},"val":"item","args":"icon"},{"type":"indent","loc":{"filename":"/mnt/c/Users/neilj/Workspace/pug_dart/test/lexer/cases/tag.interpolation.pug","start":{"line":10,"column":1},"end":{"line":10,"column":3}},"val":"2"},{"type":"tag","loc":{"filename":"/mnt/c/Users/neilj/Workspace/pug_dart/test/lexer/cases/tag.interpolation.pug","start":{"line":10,"column":3},"end":{"line":10,"column":5}},"val":"li"},{"type":"indent","loc":{"filename":"/mnt/c/Users/neilj/Workspace/pug_dart/test/lexer/cases/tag.interpolation.pug","start":{"line":11,"column":1},"end":{"line":11,"column":5}},"val":"4"},{"type":"if","loc":{"filename":"/mnt/c/Users/neilj/Workspace/pug_dart/test/lexer/cases/tag.interpolation.pug","start":{"line":11,"column":5},"end":{"line":11,"column":23}},"val":"attributes.href"},{"type":"indent","loc":{"filename":"/mnt/c/Users/neilj/Workspace/pug_dart/test/lexer/cases/tag.interpolation.pug","start":{"line":12,"column":1},"end":{"line":12,"column":7}},"val":"6"},{"type":"tag","loc":{"filename":"/mnt/c/Users/neilj/Workspace/pug_dart/test/lexer/cases/tag.interpolation.pug","start":{"line":12,"column":7},"end":{"line":12,"column":8}},"val":"a"},{"type":"&attributes","loc":{"filename":"/mnt/c/Users/neilj/Workspace/pug_dart/test/lexer/cases/tag.interpolation.pug","start":{"line":12,"column":8},"end":{"line":12,"column":31}},"val":"attributes"},{"type":"indent","loc":{"filename":"/mnt/c/Users/neilj/Workspace/pug_dart/test/lexer/cases/tag.interpolation.pug","start":{"line":13,"column":1},"end":{"line":13,"column":9}},"val":"8"},{"type":"tag","loc":{"filename":"/mnt/c/Users/neilj/Workspace/pug_dart/test/lexer/cases/tag.interpolation.pug","start":{"line":13,"column":9},"end":{"line":13,"column":12}},"val":"img"},{"type":"class","loc":{"filename":"/mnt/c/Users/neilj/Workspace/pug_dart/test/lexer/cases/tag.interpolation.pug","start":{"line":13,"column":12},"end":{"line":13,"column":17}},"val":"icon"},{"type":"start-attributes","loc":{"filename":"/mnt/c/Users/neilj/Workspace/pug_dart/test/lexer/cases/tag.interpolation.pug","start":{"line":13,"column":17},"end":{"line":13,"column":18}}},{"type":"attribute","loc":{"filename":"/mnt/c/Users/neilj/Workspace/pug_dart/test/lexer/cases/tag.interpolation.pug","start":{"line":13,"column":18},"end":{"line":13,"column":26}},"val":"icon","mustEscape":true,"name":"src"},{"type":"end-attributes","loc":{"filename":"/mnt/c/Users/neilj/Workspace/pug_dart/test/lexer/cases/tag.interpolation.pug","start":{"line":13,"column":26},"end":{"line":13,"column":27}}},{"type":"newline","loc":{"filename":"/mnt/c/Users/neilj/Workspace/pug_dart/test/lexer/cases/tag.interpolation.pug","start":{"line":14,"column":1},"end":{"line":14,"column":9}}},{"type":"mixin-block","loc":{"filename":"/mnt/c/Users/neilj/Workspace/pug_dart/test/lexer/cases/tag.interpolation.pug","start":{"line":14,"column":9},"end":{"line":14,"column":14}}},{"type":"outdent","loc":{"filename":"/mnt/c/Users/neilj/Workspace/pug_dart/test/lexer/cases/tag.interpolation.pug","start":{"line":15,"column":1},"end":{"line":15,"column":5}}},{"type":"outdent","loc":{"filename":"/mnt/c/Users/neilj/Workspace/pug_dart/test/lexer/cases/tag.interpolation.pug","start":{"line":15,"column":1},"end":{"line":15,"column":5}}},{"type":"else","loc":{"filename":"/mnt/c/Users/neilj/Workspace/pug_dart/test/lexer/cases/tag.interpolation.pug","start":{"line":15,"column":5},"end":{"line":15,"column":9}},"val":""},{"type":"indent","loc":{"filename":"/mnt/c/Users/neilj/Workspace/pug_dart/test/lexer/cases/tag.interpolation.pug","start":{"line":16,"column":1},"end":{"line":16,"column":7}},"val":"6"},{"type":"tag","loc":{"filename":"/mnt/c/Users/neilj/Workspace/pug_dart/test/lexer/cases/tag.interpolation.pug","start":{"line":16,"column":7},"end":{"line":16,"column":11}},"val":"span"},{"type":"&attributes","loc":{"filename":"/mnt/c/Users/neilj/Workspace/pug_dart/test/lexer/cases/tag.interpolation.pug","start":{"line":16,"column":11},"end":{"line":16,"column":34}},"val":"attributes"},{"type":"indent","loc":{"filename":"/mnt/c/Users/neilj/Workspace/pug_dart/test/lexer/cases/tag.interpolation.pug","start":{"line":17,"column":1},"end":{"line":17,"column":9}},"val":"8"},{"type":"tag","loc":{"filename":"/mnt/c/Users/neilj/Workspace/pug_dart/test/lexer/cases/tag.interpolation.pug","start":{"line":17,"column":9},"end":{"line":17,"column":12}},"val":"img"},{"type":"class","loc":{"filename":"/mnt/c/Users/neilj/Workspace/pug_dart/test/lexer/cases/tag.interpolation.pug","start":{"line":17,"column":12},"end":{"line":17,"column":17}},"val":"icon"},{"type":"start-attributes","loc":{"filename":"/mnt/c/Users/neilj/Workspace/pug_dart/test/lexer/cases/tag.interpolation.pug","start":{"line":17,"column":17},"end":{"line":17,"column":18}}},{"type":"attribute","loc":{"filename":"/mnt/c/Users/neilj/Workspace/pug_dart/test/lexer/cases/tag.interpolation.pug","start":{"line":17,"column":18},"end":{"line":17,"column":26}},"val":"icon","mustEscape":true,"name":"src"},{"type":"end-attributes","loc":{"filename":"/mnt/c/Users/neilj/Workspace/pug_dart/test/lexer/cases/tag.interpolation.pug","start":{"line":17,"column":26},"end":{"line":17,"column":27}}},{"type":"newline","loc":{"filename":"/mnt/c/Users/neilj/Workspace/pug_dart/test/lexer/cases/tag.interpolation.pug","start":{"line":18,"column":1},"end":{"line":18,"column":9}}},{"type":"mixin-block","loc":{"filename":"/mnt/c/Users/neilj/Workspace/pug_dart/test/lexer/cases/tag.interpolation.pug","start":{"line":18,"column":9},"end":{"line":18,"column":14}}},{"type":"outdent","loc":{"filename":"/mnt/c/Users/neilj/Workspace/pug_dart/test/lexer/cases/tag.interpolation.pug","start":{"line":20,"column":1},"end":{"line":20,"column":1}}},{"type":"outdent","loc":{"filename":"/mnt/c/Users/neilj/Workspace/pug_dart/test/lexer/cases/tag.interpolation.pug","start":{"line":20,"column":1},"end":{"line":20,"column":1}}},{"type":"outdent","loc":{"filename":"/mnt/c/Users/neilj/Workspace/pug_dart/test/lexer/cases/tag.interpolation.pug","start":{"line":20,"column":1},"end":{"line":20,"column":1}}},{"type":"outdent","loc":{"filename":"/mnt/c/Users/neilj/Workspace/pug_dart/test/lexer/cases/tag.interpolation.pug","start":{"line":20,"column":1},"end":{"line":20,"column":1}}},{"type":"tag","loc":{"filename":"/mnt/c/Users/neilj/Workspace/pug_dart/test/lexer/cases/tag.interpolation.pug","start":{"line":20,"column":1},"end":{"line":20,"column":3}},"val":"ul"},{"type":"indent","loc":{"filename":"/mnt/c/Users/neilj/Workspace/pug_dart/test/lexer/cases/tag.interpolation.pug","start":{"line":21,"column":1},"end":{"line":21,"column":3}},"val":"2"},{"type":"call","loc":{"filename":"/mnt/c/Users/neilj/Workspace/pug_dart/test/lexer/cases/tag.interpolation.pug","start":{"line":21,"column":3},"end":{"line":21,"column":19}},"val":"item","args":"'contact'"},{"type":"newline","loc":{"filename":"/mnt/c/Users/neilj/Workspace/pug_dart/test/lexer/cases/tag.interpolation.pug","start":{"line":22,"column":1},"end":{"line":22,"column":3}}},{"type":"call","loc":{"filename":"/mnt/c/Users/neilj/Workspace/pug_dart/test/lexer/cases/tag.interpolation.pug","start":{"line":22,"column":3},"end":{"line":22,"column":8}},"val":"item"},{"type":"start-attributes","loc":{"filename":"/mnt/c/Users/neilj/Workspace/pug_dart/test/lexer/cases/tag.interpolation.pug","start":{"line":22,"column":8},"end":{"line":22,"column":9}}},{"type":"attribute","loc":{"filename":"/mnt/c/Users/neilj/Workspace/pug_dart/test/lexer/cases/tag.interpolation.pug","start":{"line":22,"column":9},"end":{"line":22,"column":24}},"val":"'/contact'","mustEscape":true,"name":"href"},{"type":"end-attributes","loc":{"filename":"/mnt/c/Users/neilj/Workspace/pug_dart/test/lexer/cases/tag.interpolation.pug","start":{"line":22,"column":24},"end":{"line":22,"column":25}}},{"type":"outdent","loc":{"filename":"/mnt/c/Users/neilj/Workspace/pug_dart/test/lexer/cases/tag.interpolation.pug","start":{"line":23,"column":1},"end":{"line":23,"column":1}}},{"type":"eos","loc":{"filename":"/mnt/c/Users/neilj/Workspace/pug_dart/test/lexer/cases/tag.interpolation.pug","start":{"line":23,"column":1},"end":{"line":23,"column":1}}}]