[{"type":"newline","loc":{"filename":"/mnt/c/Users/neilj/Workspace/pug_dart/test/lexer/cases/tags.self-closing.pug","start":{"line":2,"column":1},"end":{"line":2,"column":1}}},{"type":"tag","loc":{"filename":"/mnt/c/Users/neilj/Workspace/pug_dart/test/lexer/cases/tags.self-closing.pug","start":{"line":2,"column":1},"end":{"line":2,"column":5}},"val":"body"},{"type":"indent","loc":{"filename":"/mnt/c/Users/neilj/Workspace/pug_dart/test/lexer/cases/tags.self-closing.pug","start":{"line":3,"column":1},"end":{"line":3,"column":3}},"val":"2"},{"type":"tag","loc":{"filename":"/mnt/c/Users/neilj/Workspace/pug_dart/test/lexer/cases/tags.self-closing.pug","start":{"line":3,"column":3},"end":{"line":3,"column":6}},"val":"foo"},{"type":"newline","loc":{"filename":"/mnt/c/Users/neilj/Workspace/pug_dart/test/lexer/cases/tags.self-closing.pug","start":{"line":4,"column":1},"end":{"line":4,"column":3}}},{"type":"tag","loc":{"filename":"/mnt/c/Users/neilj/Workspace/pug_dart/test/lexer/cases/tags.self-closing.pug","start":{"line":4,"column":3},"end":{"line":4,"column":6}},"val":"foo"},{"type":"start-attributes","loc":{"filename":"/mnt/c/Users/neilj/Workspace/pug_dart/test/lexer/cases/tags.self-closing.pug","start":{"line":4,"column":6},"end":{"line":4,"column":7}}},{"type":"attribute","loc":{"filename":"/mnt/c/Users/neilj/Workspace/pug_dart/test/lexer/cases/tags.self-closing.pug","start":{"line":4,"column":7},"end":{"line":4,"column":16}},"val":"'baz'","mustEscape":true,"name":"bar"},{"type":"end-attributes","loc":{"filename":"/mnt/c/Users/neilj/Workspace/pug_dart/test/lexer/cases/tags.self-closing.pug","start":{"line":4,"column":16},"end":{"line":4,"column":17}}},{"type":"newline","loc":{"filename":"/mnt/c/Users/neilj/Workspace/pug_dart/test/lexer/cases/tags.self-closing.pug","start":{"line":5,"column":1},"end":{"line":5,"column":3}}},{"type":"tag","loc":{"filename":"/mnt/c/Users/neilj/Workspace/pug_dart/test/lexer/cases/tags.self-closing.pug","start":{"line":5,"column":3},"end":{"line":5,"column":6}},"val":"foo"},{"type":"slash","loc":{"filename":"/mnt/c/Users/neilj/Workspace/pug_dart/test/lexer/cases/tags.self-closing.pug","start":{"line":5,"column":6},"end":{"line":5,"column":7}}},{"type":"newline","loc":{"filename":"/mnt/c/Users/neilj/Workspace/pug_dart/test/lexer/cases/tags.self-closing.pug","start":{"line":6,"column":1},"end":{"line":6,"column":3}}},{"type":"tag","loc":{"filename":"/mnt/c/Users/neilj/Workspace/pug_dart/test/lexer/cases/tags.self-closing.pug","start":{"line":6,"column":3},"end":{"line":6,"column":6}},"val":"foo"},{"type":"start-attributes","loc":{"filename":"/mnt/c/Users/neilj/Workspace/pug_dart/test/lexer/cases/tags.self-closing.pug","start":{"line":6,"column":6},"end":{"line":6,"column":7}}},{"type":"attribute","loc":{"filename":"/mnt/c/Users/neilj/Workspace/pug_dart/test/lexer/cases/tags.self-closing.pug","start":{"line":6,"column":7},"end":{"line":6,"column":16}},"val":"'baz'","mustEscape":true,"name":"bar"},{"type":"end-attributes","loc":{"filename":"/mnt/c/Users/neilj/Workspace/pug_dart/test/lexer/cases/tags.self-closing.pug","start":{"line":6,"column":16},"end":{"line":6,"column":17}}},{"type":"slash","loc":{"filename":"/mnt/c/Users/neilj/Workspace/pug_dart/test/lexer/cases/tags.self-closing.pug","start":{"line":6,"column":17},"end":{"line":6,"column":18}}},{"type":"newline","loc":{"filename":"/mnt/c/Users/neilj/Workspace/pug_dart/test/lexer/cases/tags.self-closing.pug","start":{"line":7,"column":1},"end":{"line":7,"column":3}}},{"type":"tag","loc":{"filename":"/mnt/c/Users/neilj/Workspace/pug_dart/test/lexer/cases/tags.self-closing.pug","start":{"line":7,"column":3},"end":{"line":7,"column":6}},"val":"foo"},{"type":"newline","loc":{"filename":"/mnt/c/Users/neilj/Workspace/pug_dart/test/lexer/cases/tags.self-closing.pug","start":{"line":8,"column":1},"end":{"line":8,"column":3}}},{"type":"tag","loc":{"filename":"/mnt/c/Users/neilj/Workspace/pug_dart/test/lexer/cases/tags.self-closing.pug","start":{"line":8,"column":3},"end":{"line":8,"column":6}},"val":"foo"},{"type":"start-attributes","loc":{"filename":"/mnt/c/Users/neilj/Workspace/pug_dart/test/lexer/cases/tags.self-closing.pug","start":{"line":8,"column":6},"end":{"line":8,"column":7}}},{"type":"attribute","loc":{"filename":"/mnt/c/Users/neilj/Workspace/pug_dart/test/lexer/cases/tags.self-closing.pug","start":{"line":8,"column":7},"end":{"line":8,"column":16}},"val":"'baz'","mustEscape":true,"name":"bar"},{"type":"end-attributes","loc":{"filename":"/mnt/c/Users/neilj/Workspace/pug_dart/test/lexer/cases/tags.self-closing.pug","start":{"line":8,"column":16},"end":{"line":8,"column":17}}},{"type":"newline","loc":{"filename":"/mnt/c/Users/neilj/Workspace/pug_dart/test/lexer/cases/tags.self-closing.pug","start":{"line":9,"column":1},"end":{"line":9,"column":3}}},{"type":"interpolation","loc":{"filename":"/mnt/c/Users/neilj/Workspace/pug_dart/test/lexer/cases/tags.self-closing.pug","start":{"line":9,"column":3},"end":{"line":9,"column":11}},"val":"'foo'"},{"type":"slash","loc":{"filename":"/mnt/c/Users/neilj/Workspace/pug_dart/test/lexer/cases/tags.self-closing.pug","start":{"line":9,"column":11},"end":{"line":9,"column":12}}},{"type":"newline","loc":{"filename":"/mnt/c/Users/neilj/Workspace/pug_dart/test/lexer/cases/tags.self-closing.pug","start":{"line":10,"column":1},"end":{"line":10,"column":3}}},{"type":"interpolation","loc":{"filename":"/mnt/c/Users/neilj/Workspace/pug_dart/test/lexer/cases/tags.self-closing.pug","start":{"line":10,"column":3},"end":{"line":10,"column":11}},"val":"'foo'"},{"type":"start-attributes","loc":{"filename":"/mnt/c/Users/neilj/Workspace/pug_dart/test/lexer/cases/tags.self-closing.pug","start":{"line":10,"column":11},"end":{"line":10,"column":12}}},{"type":"attribute","loc":{"filename":"/mnt/c/Users/neilj/Workspace/pug_dart/test/lexer/cases/tags.self-closing.pug","start":{"line":10,"column":12},"end":{"line":10,"column":21}},"val":"'baz'","mustEscape":true,"name":"bar"},{"type":"end-attributes","loc":{"filename":"/mnt/c/Users/neilj/Workspace/pug_dart/test/lexer/cases/tags.self-closing.pug","start":{"line":10,"column":21},"end":{"line":10,"column":22}}},{"type":"slash","loc":{"filename":"/mnt/c/Users/neilj/Workspace/pug_dart/test/lexer/cases/tags.self-closing.pug","start":{"line":10,"column":22},"end":{"line":10,"column":23}}},{"type":"newline","loc":{"filename":"/mnt/c/Users/neilj/Workspace/pug_dart/test/lexer/cases/tags.self-closing.pug","start":{"line":11,"column":1},"end":{"line":11,"column":3}}},{"type":"interpolation","loc":{"filename":"/mnt/c/Users/neilj/Workspace/pug_dart/test/lexer/cases/tags.self-closing.pug","start":{"line":11,"column":3},"end":{"line":11,"column":11}},"val":"'foo'"},{"type":"newline","loc":{"filename":"/mnt/c/Users/neilj/Workspace/pug_dart/test/lexer/cases/tags.self-closing.pug","start":{"line":12,"column":1},"end":{"line":12,"column":3}}},{"type":"interpolation","loc":{"filename":"/mnt/c/Users/neilj/Workspace/pug_dart/test/lexer/cases/tags.self-closing.pug","start":{"line":12,"column":3},"end":{"line":12,"column":11}},"val":"'foo'"},{"type":"start-attributes","loc":{"filename":"/mnt/c/Users/neilj/Workspace/pug_dart/test/lexer/cases/tags.self-closing.pug","start":{"line":12,"column":11},"end":{"line":12,"column":12}}},{"type":"attribute","loc":{"filename":"/mnt/c/Users/neilj/Workspace/pug_dart/test/lexer/cases/tags.self-closing.pug","start":{"line":12,"column":12},"end":{"line":12,"column":21}},"val":"'baz'","mustEscape":true,"name":"bar"},{"type":"end-attributes","loc":{"filename":"/mnt/c/Users/neilj/Workspace/pug_dart/test/lexer/cases/tags.self-closing.pug","start":{"line":12,"column":21},"end":{"line":12,"column":22}}},{"type":"newline","loc":{"filename":"/mnt/c/Users/neilj/Workspace/pug_dart/test/lexer/cases/tags.self-closing.pug","start":{"line":13,"column":1},"end":{"line":13,"column":3}}},{"type":"comment","loc":{"filename":"/mnt/c/Users/neilj/Workspace/pug_dart/test/lexer/cases/tags.self-closing.pug","start":{"line":13,"column":3},"end":{"line":13,"column":41}},"val":" can have a single space after them","buffer":false},{"type":"newline","loc":{"filename":"/mnt/c/Users/neilj/Workspace/pug_dart/test/lexer/cases/tags.self-closing.pug","start":{"line":14,"column":1},"end":{"line":14,"column":3}}},{"type":"tag","loc":{"filename":"/mnt/c/Users/neilj/Workspace/pug_dart/test/lexer/cases/tags.self-closing.pug","start":{"line":14,"column":3},"end":{"line":14,"column":6}},"val":"img"},{"type":"newline","loc":{"filename":"/mnt/c/Users/neilj/Workspace/pug_dart/test/lexer/cases/tags.self-closing.pug","start":{"line":15,"column":1},"end":{"line":15,"column":3}}},{"type":"comment","loc":{"filename":"/mnt/c/Users/neilj/Workspace/pug_dart/test/lexer/cases/tags.self-closing.pug","start":{"line":15,"column":3},"end":{"line":15,"column":46}},"val":" can have lots of white space after them","buffer":false},{"type":"newline","loc":{"filename":"/mnt/c/Users/neilj/Workspace/pug_dart/test/lexer/cases/tags.self-closing.pug","start":{"line":16,"column":1},"end":{"line":16,"column":3}}},{"type":"tag","loc":{"filename":"/mnt/c/Users/neilj/Workspace/pug_dart/test/lexer/cases/tags.self-closing.pug","start":{"line":16,"column":3},"end":{"line":16,"column":6}},"val":"img"},{"type":"newline","loc":{"filename":"/mnt/c/Users/neilj/Workspace/pug_dart/test/lexer/cases/tags.self-closing.pug","start":{"line":17,"column":1},"end":{"line":17,"column":3}}},{"type":"interpolation","loc":{"filename":"/mnt/c/Users/neilj/Workspace/pug_dart/test/lexer/cases/tags.self-closing.pug","start":{"line":17,"column":3},"end":{"line":19,"column":4}},"val":"\n    'foo'\n  "},{"type":"slash","loc":{"filename":"/mnt/c/Users/neilj/Workspace/pug_dart/test/lexer/cases/tags.self-closing.pug","start":{"line":19,"column":4},"end":{"line":19,"column":5}}},{"type":"outdent","loc":{"filename":"/mnt/c/Users/neilj/Workspace/pug_dart/test/lexer/cases/tags.self-closing.pug","start":{"line":20,"column":1},"end":{"line":20,"column":1}}},{"type":"eos","loc":{"filename":"/mnt/c/Users/neilj/Workspace/pug_dart/test/lexer/cases/tags.self-closing.pug","start":{"line":20,"column":1},"end":{"line":20,"column":1}}}]