[
  {
    "type": "tag",
    "loc": {
      "filename": "/mnt/c/Users/neilj/Workspace/pug_dart/test/lexer/cases/yield-before-conditional-head.pug",
      "start": {
        "line": 1,
        "column": 1
      },
      "end": {
        "line": 1,
        "column": 5
      }
    },
    "val": "head"
  },
  {
    "type": "indent",
    "loc": {
      "filename": "/mnt/c/Users/neilj/Workspace/pug_dart/test/lexer/cases/yield-before-conditional-head.pug",
      "start": {
        "line": 2,
        "column": 1
      },
      "end": {
        "line": 2,
        "column": 3
      }
    },
    "val": "2"
  },
  {
    "type": "tag",
    "loc": {
      "filename": "/mnt/c/Users/neilj/Workspace/pug_dart/test/lexer/cases/yield-before-conditional-head.pug",
      "start": {
        "line": 2,
        "column": 3
      },
      "end": {
        "line": 2,
        "column": 9
      }
    },
    "val": "script"
  },
  {
    "type": "start-attributes",
    "loc": {
      "filename": "/mnt/c/Users/neilj/Workspace/pug_dart/test/lexer/cases/yield-before-conditional-head.pug",
      "start": {
        "line": 2,
        "column": 9
      },
      "end": {
        "line": 2,
        "column": 10
      }
    }
  },
  {
    "type": "attribute",
    "loc": {
      "filename": "/mnt/c/Users/neilj/Workspace/pug_dart/test/lexer/cases/yield-before-conditional-head.pug",
      "start": {
        "line": 2,
        "column": 10
      },
      "end": {
        "line": 2,
        "column": 26
      }
    },
    "val": "'/jquery.js'",
    "mustEscape": true,
    "name": "src"
  },
  {
    "type": "end-attributes",
    "loc": {
      "filename": "/mnt/c/Users/neilj/Workspace/pug_dart/test/lexer/cases/yield-before-conditional-head.pug",
      "start": {
        "line": 2,
        "column": 26
      },
      "end": {
        "line": 2,
        "column": 27
      }
    }
  },
  {
    "type": "newline",
    "loc": {
      "filename": "/mnt/c/Users/neilj/Workspace/pug_dart/test/lexer/cases/yield-before-conditional-head.pug",
      "start": {
        "line": 3,
        "column": 1
      },
      "end": {
        "line": 3,
        "column": 3
      }
    }
  },
  {
    "type": "yield",
    "loc": {
      "filename": "/mnt/c/Users/neilj/Workspace/pug_dart/test/lexer/cases/yield-before-conditional-head.pug",
      "start": {
        "line": 3,
        "column": 3
      },
      "end": {
        "line": 3,
        "column": 8
      }
    }
  },
  {
    "type": "newline",
    "loc": {
      "filename": "/mnt/c/Users/neilj/Workspace/pug_dart/test/lexer/cases/yield-before-conditional-head.pug",
      "start": {
        "line": 4,
        "column": 1
      },
      "end": {
        "line": 4,
        "column": 3
      }
    }
  },
  {
    "type": "if",
    "loc": {
      "filename": "/mnt/c/Users/neilj/Workspace/pug_dart/test/lexer/cases/yield-before-conditional-head.pug",
      "start": {
        "line": 4,
        "column": 3
      },
      "end": {
        "line": 4,
        "column": 11
      }
    },
    "val": "false"
  },
  {
    "type": "indent",
    "loc": {
      "filename": "/mnt/c/Users/neilj/Workspace/pug_dart/test/lexer/cases/yield-before-conditional-head.pug",
      "start": {
        "line": 5,
        "column": 1
      },
      "end": {
        "line": 5,
        "column": 5
      }
    },
    "val": "4"
  },
  {
    "type": "tag",
    "loc": {
      "filename": "/mnt/c/Users/neilj/Workspace/pug_dart/test/lexer/cases/yield-before-conditional-head.pug",
      "start": {
        "line": 5,
        "column": 5
      },
      "end": {
        "line": 5,
        "column": 11
      }
    },
    "val": "script"
  },
  {
    "type": "start-attributes",
    "loc": {
      "filename": "/mnt/c/Users/neilj/Workspace/pug_dart/test/lexer/cases/yield-before-conditional-head.pug",
      "start": {
        "line": 5,
        "column": 11
      },
      "end": {
        "line": 5,
        "column": 12
      }
    }
  },
  {
    "type": "attribute",
    "loc": {
      "filename": "/mnt/c/Users/neilj/Workspace/pug_dart/test/lexer/cases/yield-before-conditional-head.pug",
      "start": {
        "line": 5,
        "column": 12
      },
      "end": {
        "line": 5,
        "column": 31
      }
    },
    "val": "'/jquery.ui.js'",
    "mustEscape": true,
    "name": "src"
  },
  {
    "type": "end-attributes",
    "loc": {
      "filename": "/mnt/c/Users/neilj/Workspace/pug_dart/test/lexer/cases/yield-before-conditional-head.pug",
      "start": {
        "line": 5,
        "column": 31
      },
      "end": {
        "line": 5,
        "column": 32
      }
    }
  },
  {
    "type": "outdent",
    "loc": {
      "filename": "/mnt/c/Users/neilj/Workspace/pug_dart/test/lexer/cases/yield-before-conditional-head.pug",
      "start": {
        "line": 6,
        "column": 1
      },
      "end": {
        "line": 6,
        "column": 1
      }
    }
  },
  {
    "type": "outdent",
    "loc": {
      "filename": "/mnt/c/Users/neilj/Workspace/pug_dart/test/lexer/cases/yield-before-conditional-head.pug",
      "start": {
        "line": 6,
        "column": 1
      },
      "end": {
        "line": 6,
        "column": 1
      }
    }
  },
  {
    "type": "eos",
    "loc": {
      "filename": "/mnt/c/Users/neilj/Workspace/pug_dart/test/lexer/cases/yield-before-conditional-head.pug",
      "start": {
        "line": 6,
        "column": 1
      },
      "end": {
        "line": 6,
        "column": 1
      }
    }
  }
]